node.exe : PASS __tests__/unit/utils.test.ts
Au caractère Ligne:1 : 1
+ & "C:\nvm4w\nodejs/node.exe" "C:\nvm4w\nodejs/node_modules/npm/bin/np ...
+ ~~~~~~~~~~~~~~~~~~~~~~~~~~~~~~~~~~~~~~~~~~~~~~~~~~~~~~~~~~~~~~~~~~~~~
    + CategoryInfo          : NotSpecified: (PASS __tests__/unit/utils.test.ts:String) [], RemoteException
    + FullyQualifiedErrorId : NativeCommandError
 
  Utils
    formatCurrency
      ÔêÜ should format positive numbers correctly with USD (44 ms)
      ÔêÜ should format positive numbers correctly with CHF (3 ms)
      ÔêÜ should format negative numbers correctly (2 ms)
      ÔêÜ should handle decimal places correctly (2 ms)
      ÔêÜ should handle very large numbers (2 ms)
      ÔêÜ should handle very small numbers (1 ms)
      ÔêÜ should handle different locales (1 ms)
    formatPercentage
      ÔêÜ should format positive percentages correctly (2 ms)
      ÔêÜ should format negative percentages correctly (1 ms)
      ÔêÜ should handle decimal places correctly
      ÔêÜ should handle very large percentages (1 ms)
      ÔêÜ should handle very small percentages (1 ms)
      ÔêÜ should handle custom decimal places (1 ms)
    capitalizeFirstLetter
      ÔêÜ should capitalize the first letter of a string (1 ms)
      ÔêÜ should handle single character strings (1 ms)
      ÔêÜ should handle already capitalized strings (1 ms)
      ÔêÜ should handle empty strings
      ÔêÜ should handle strings with numbers (1 ms)
      ÔêÜ should handle special characters (1 ms)

  console.log
    Using Yahoo Finance API - no API key required

      at log (lib/config.ts:33:11)

  console.log
    Using Yahoo Finance API - no API key required

      at log (lib/config.ts:33:11)

  console.log
    ­ƒöì Resolving symbol: AAPL

      at SymbolResolutionService.log [as resolveSymbol] (lib/symbol-resolution-service.ts:56:13)

  console.log
    ­ƒöì Resolving symbol: VWRL.SW

      at SymbolResolutionService.log [as resolveSymbol] (lib/symbol-resolution-service.ts:56:13)

  console.log
    ­ƒöì Resolving symbol: VWRL.L

      at SymbolResolutionService.log [as resolveSymbol] (lib/symbol-resolution-service.ts:56:13)

  console.log
    ­ƒöì Resolving symbol: VWRL.L

      at SymbolResolutionService.log [as resolveSymbol] (lib/symbol-resolution-service.ts:56:13)

  console.log
    ­ƒöì Resolving symbol:

      at SymbolResolutionService.log [as resolveSymbol] (lib/symbol-resolution-service.ts:56:13)

PASS __tests__/unit/config.test.ts
  Config
    API Configuration
      ÔêÜ should have Yahoo Finance API configuration (25 ms)
      ÔêÜ should have Exchange Rate API configuration (3 ms)
      ÔêÜ should use environment variables for API base URL (3 ms)
      ÔêÜ should have fallback values when environment variables are not set (2 ms)
    Yahoo Finance Configuration
      ÔêÜ should have Yahoo Finance API base URL (5 ms)
      ÔêÜ should use environment variable for Yahoo Finance API base URL (3 ms)
      ÔêÜ should have fallback for Yahoo Finance API base URL (3 ms)
      ÔêÜ should have Yahoo Finance API key (3 ms)
      ÔêÜ should use environment variable for Yahoo Finance API key (3 ms)
      ÔêÜ should have fallback for Yahoo Finance API key (3 ms)
    PDF Configuration
      ÔêÜ should have PDF worker URL (2 ms)
    API Validation
      ÔêÜ should validate API configuration successfully (139 ms)
      ÔêÜ should return valid configuration status (6 ms)
    Rate Limiter
      ÔêÜ should allow requests within limit (2 ms)
      ÔêÜ should block requests over limit (1 ms)
      ÔêÜ should calculate wait time correctly (5 ms)
      ÔêÜ should calculate remaining requests correctly (2 ms)
      ÔêÜ should return request history (1 ms)
    Global Rate Limiter Instance
      ÔêÜ should export a global rate limiter instance (2 ms)
      ÔêÜ should be the same instance across imports (4 ms)

  console.log
    ­ƒöì Resolving symbol: undefined

      at SymbolResolutionService.log [as resolveSymbol] (lib/symbol-resolution-service.ts:56:13)

  console.log
    ­ƒöì Resolving symbol: AAPL

      at SymbolResolutionService.log [as resolveSymbol] (lib/symbol-resolution-service.ts:56:13)

  console.log
    ­ƒöì Resolving symbol: AAPL

      at SymbolResolutionService.log [as resolveSymbol] (lib/symbol-resolution-service.ts:56:13)

  console.log
    ­ƒöì Resolving symbol: AAPL

      at SymbolResolutionService.log [as resolveSymbol] (lib/symbol-resolution-service.ts:56:13)

PASS __tests__/unit/symbol-resolution-service.test.ts
  SymbolResolutionService
    resolveSymbol
      ÔêÜ should resolve a simple symbol without modification (148 ms)
      ÔêÜ should resolve Swiss market symbols (3 ms)
      ÔêÜ should resolve London market symbols (4 ms)
      ÔêÜ should handle symbols with dots (3 ms)
      ÔêÜ should handle empty string (4 ms)
      ÔêÜ should handle undefined input (3 ms)
    getCachedSymbol
      ÔêÜ should return cached symbol when valid (4 ms)
      ÔêÜ should return null for uncached symbol (1 ms)
    clearCache
      ÔêÜ should clear the cache (4 ms)
    getCacheInfo
      ÔêÜ should return cache information (7 ms)

  console.log
    Starting enhanced CSV parsing...

      at log (portfolio-parser.ts:154:11)

  console.log
    CSV preview (first 1000 chars): Symbol,Quantity,Price,Total Value CHF
    AAPL,10,150.00,1500.00
    VWRL,50,100.00,5000.00

      at log (portfolio-parser.ts:162:11)

  console.log
    Delimiter ',': score=27, consistent=true

      at log (portfolio-parser.ts:1055:13)

  console.log
    Delimiter ';': score=0, consistent=true

      at log (portfolio-parser.ts:1055:13)

  console.log
    Delimiter '	': score=0, consistent=true

      at log (portfolio-parser.ts:1055:13)

  console.log
    Delimiter '|': score=0, consistent=true

      at log (portfolio-parser.ts:1055:13)

  console.log
    Selected delimiter: ,

      at log (portfolio-parser.ts:1063:11)

  console.log
    CSV parsing completed with 3 rows

      at log (portfolio-parser.ts:178:11)

  console.log
    Sample rows: [
      [ 'Symbol', 'Quantity', 'Price', 'Total Value CHF' ],
      [ 'AAPL', '10', '150.00', '1500.00' ],
      [ 'VWRL', '50', '100.00', '5000.00' ]
    ]

      at log (portfolio-parser.ts:179:11)

  console.log
    Row 0 header match count: 5, content: symbol quantity price total value chf

      at log (portfolio-parser.ts:256:13)

  console.log
    Header found at row 0 : [ 'Symbol', 'Quantity', 'Price', 'Total Value CHF' ]

      at log (portfolio-parser.ts:262:15)

  console.log
    Column mapping: {
      symbol: 0,
      name: -1,
      quantity: 1,
      unitCost: 2,
      price: 2,
      currency: -1,
      category: -1,
      geography: -1,
      sector: -1,
      domicile: -1,
      totalCHF: 3,
      gainLoss: -1,
      gainLossPercent: -1,
      positionPercent: -1,
      dailyChange: -1
    }

      at log (portfolio-parser.ts:388:11)

  console.log
    parseSwissNumber input: "10"

      at log (portfolio-parser.ts:972:11)

  console.log
    parseSwissNumber after trim: "10"

      at log (portfolio-parser.ts:977:11)

  console.log
    parseSwissNumber after final cleaning: "10"

      at log (portfolio-parser.ts:1018:11)

  console.log
    parseSwissNumber final result: 10

      at log (portfolio-parser.ts:1021:11)

  console.log
    parseSwissNumber input: "150.00"

      at log (portfolio-parser.ts:972:11)

  console.log
    parseSwissNumber after trim: "150.00"

      at log (portfolio-parser.ts:977:11)

  console.log
    parseSwissNumber after final cleaning: "150.00"

      at log (portfolio-parser.ts:1018:11)

  console.log
    parseSwissNumber final result: 150

      at log (portfolio-parser.ts:1021:11)

  console.log
    parseSwissNumber input: "150.00"

      at log (portfolio-parser.ts:972:11)

  console.log
    parseSwissNumber after trim: "150.00"

      at log (portfolio-parser.ts:977:11)

  console.log
    parseSwissNumber after final cleaning: "150.00"

      at log (portfolio-parser.ts:1018:11)

  console.log
    parseSwissNumber final result: 150

      at log (portfolio-parser.ts:1021:11)

  console.log
    parseSwissNumber input: "1500.00"

      at log (portfolio-parser.ts:972:11)

  console.log
    parseSwissNumber after trim: "1500.00"

      at log (portfolio-parser.ts:977:11)

  console.log
    parseSwissNumber after final cleaning: "1500.00"

      at log (portfolio-parser.ts:1018:11)

  console.log
    parseSwissNumber final result: 1500

      at log (portfolio-parser.ts:1021:11)

  console.log
    Parsed values for AAPL: qty=10 (raw: "10"), price=150 (raw: "150.00"), currency=CHF, total=1500 (raw: "1500.00")

      at log (portfolio-parser.ts:472:13)

  console.log
    Ô£à Adding position: AAPL - 10 @ 150 CHF = 1500 CHF

      at log (portfolio-parser.ts:520:13)

  console.log
    parseSwissNumber input: "50"

      at log (portfolio-parser.ts:972:11)

  console.log
    parseSwissNumber after trim: "50"

      at log (portfolio-parser.ts:977:11)

  console.log
    parseSwissNumber after final cleaning: "50"

      at log (portfolio-parser.ts:1018:11)

  console.log
    parseSwissNumber final result: 50

      at log (portfolio-parser.ts:1021:11)

  console.log
    parseSwissNumber input: "100.00"

      at log (portfolio-parser.ts:972:11)

  console.log
    parseSwissNumber after trim: "100.00"

      at log (portfolio-parser.ts:977:11)

  console.log
    parseSwissNumber after final cleaning: "100.00"

      at log (portfolio-parser.ts:1018:11)

  console.log
    parseSwissNumber final result: 100

      at log (portfolio-parser.ts:1021:11)

  console.log
    parseSwissNumber input: "100.00"

      at log (portfolio-parser.ts:972:11)

  console.log
    parseSwissNumber after trim: "100.00"

      at log (portfolio-parser.ts:977:11)

  console.log
    parseSwissNumber after final cleaning: "100.00"

      at log (portfolio-parser.ts:1018:11)

  console.log
    parseSwissNumber final result: 100

      at log (portfolio-parser.ts:1021:11)

  console.log
    parseSwissNumber input: "5000.00"

      at log (portfolio-parser.ts:972:11)

  console.log
    parseSwissNumber after trim: "5000.00"

      at log (portfolio-parser.ts:977:11)

  console.log
    parseSwissNumber after final cleaning: "5000.00"

      at log (portfolio-parser.ts:1018:11)

  console.log
    parseSwissNumber final result: 5000

      at log (portfolio-parser.ts:1021:11)

  console.log
    Parsed values for VWRL: qty=50 (raw: "50"), price=100 (raw: "100.00"), currency=CHF, total=5000 (raw: "5000.00")

      at log (portfolio-parser.ts:472:13)

  console.log
    Ô£à Adding position: VWRL - 50 @ 100 CHF = 5000 CHF

      at log (portfolio-parser.ts:520:13)

  console.log
    Ô£à Parsed 2 positions from CSV

      at log (portfolio-parser.ts:545:11)

  console.log
    Total portfolio value: 6500 CHF (calculated: 6500, found: 0)

      at log (portfolio-parser.ts:556:11)

  console.log
    Enriching AAPL...

      at log (portfolio-parser.ts:1077:13)

  console.log
    ­ƒöì Processing AAPL (category: Unknown, shouldFetchETF: false)

      at log (etf-data-service.ts:595:11)

  console.log
    ­ƒôê Share/Stock detected: AAPL, fetching metadata and quote

      at log (etf-data-service.ts:701:13)

  console.log
    ­ƒôè Fetching data for AAPL (Direct metadata and quote fetch)...

      at log (etf-data-service.ts:599:13)

  console.log
    ­ƒôê Fetching asset metadata for share: AAPL

      at log (etf-data-service.ts:606:15)

  console.log
    ­ƒôè Fetching share metadata for AAPL with session

      at ShareMetadataService.log [as getShareMetadataWithSession] (lib/share-metadata-service.ts:58:13)

  console.log
    ­ƒöù Making API call to: /api/yahoo/share-metadata/AAPL

      at ShareMetadataService.log [as getShareMetadataWithSession] (lib/share-metadata-service.ts:66:15)

  console.log
    Mocking fetch for: /api/yahoo/share-metadata/AAPL

      at log (jest.setup.js:17:11)

  console.error
    ÔØî Error fetching share metadata for AAPL: Error: Unhandled fetch request: /api/yahoo/share-metadata/AAPL
        at C:\Users\nazgu\IdeaProjects\v0-portfolio-allocation-analyzer\jest.setup.js:79:25
        at C:\Users\nazgu\IdeaProjects\v0-portfolio-allocation-analyzer\node_modules\jest-environment-jsdom\node_modules\jest-mock\build\index.js:397:39
        at C:\Users\nazgu\IdeaProjects\v0-portfolio-allocation-analyzer\node_modules\jest-environment-jsdom\node_modules\jest-mock\build\index.js:404:13
        at mockConstructor (C:\Users\nazgu\IdeaProjects\v0-portfolio-allocation-analyzer\node_modules\jest-environment-jsdom\node_modules\jest-mock\build\index.js:103:19)
        at ShareMetadataService.fetch [as getShareMetadataWithSession] (C:\Users\nazgu\IdeaProjects\v0-portfolio-allocation-analyzer\lib\share-metadata-service.ts:68:30)
        at processTicksAndRejections (node:internal/process/task_queues:105:5)
        at fetchDataForSymbol (C:\Users\nazgu\IdeaProjects\v0-portfolio-allocation-analyzer\etf-data-service.ts:609:30)
        at resolveSymbolAndFetchData (C:\Users\nazgu\IdeaProjects\v0-portfolio-allocation-analyzer\etf-data-service.ts:703:9)
        at enrichPositionsWithAPIData (C:\Users\nazgu\IdeaProjects\v0-portfolio-allocation-analyzer\portfolio-parser.ts:1091:38)
        at parsePortfolioCsv (C:\Users\nazgu\IdeaProjects\v0-portfolio-allocation-analyzer\portfolio-parser.ts:561:29)
        at Object.<anonymous> (C:\Users\nazgu\IdeaProjects\v0-portfolio-allocation-analyzer\__tests__\unit\portfolio-parser-simple.test.ts:10:22)

    [0m [90m 83 |[39m       
     [90m 84 |[39m     } [36mcatch[39m (error) {
    [31m[1m>[22m[39m[90m 85 |[39m       console[33m.[39merror([32m`ÔØî Error fetching share metadata for ${symbol}:`[39m[33m,[39m error)
     [90m    |[39m               [31m[1m^[22m[39m
     [90m 86 |[39m     }
     [90m 87 |[39m
     [90m 88 |[39m     [90m// Return fallback with better inference[39m[0m

      at ShareMetadataService.error [as getShareMetadataWithSession] (lib/share-metadata-service.ts:85:15)
      at fetchDataForSymbol (etf-data-service.ts:609:30)
      at resolveSymbolAndFetchData (etf-data-service.ts:703:9)
      at enrichPositionsWithAPIData (portfolio-parser.ts:1091:38)
      at parsePortfolioCsv (portfolio-parser.ts:561:29)
      at Object.<anonymous> (__tests__/unit/portfolio-parser-simple.test.ts:10:22)

  console.log
    ­ƒöä Using fallback metadata for AAPL

      at ShareMetadataService.log [as getShareMetadataWithSession] (lib/share-metadata-service.ts:89:13)

  console.log
    Ô£à Asset metadata found for AAPL: {
      symbol: 'AAPL',
      name: 'AAPL',
      sector: 'Technology',
      country: 'United States',
      currency: 'USD',
      type: 'EQUITY',
      exchange: 'NMS'
    }

      at log (etf-data-service.ts:612:18)

  console.log
    Ô£à Converted asset metadata to ETF format for AAPL

      at log (etf-data-service.ts:627:18)

  console.log
    Cache miss for quote/AAPL, fetching from API...

      at log (etf-data-service.ts:460:11)

  console.log
    Mocking fetch for: /api/yahoo/quote/AAPL

      at log (jest.setup.js:17:11)

  console.log
    Ô£à Direct metadata and quote fetch successful for AAPL (resolved to AAPL)

      at log (etf-data-service.ts:660:15)

  console.log
    Enrichment results for AAPL: { etfData: 'Found', quoteData: 'Found' }

      at log (portfolio-parser.ts:1093:15)

  console.log
    Enriching VWRL...

      at log (portfolio-parser.ts:1077:13)

  console.log
    ­ƒöì Processing VWRL (category: Unknown, shouldFetchETF: false)

      at log (etf-data-service.ts:595:11)

  console.log
    ­ƒôê Share/Stock detected: VWRL, fetching metadata and quote

      at log (etf-data-service.ts:701:13)

  console.log
    ­ƒôè Fetching data for VWRL (Direct metadata and quote fetch)...

      at log (etf-data-service.ts:599:13)

  console.log
    ­ƒôê Fetching asset metadata for share: VWRL

      at log (etf-data-service.ts:606:15)

  console.log
    ­ƒôè Fetching share metadata for VWRL with session

      at ShareMetadataService.log [as getShareMetadataWithSession] (lib/share-metadata-service.ts:58:13)

  console.log
    ­ƒöù Making API call to: /api/yahoo/share-metadata/VWRL

      at ShareMetadataService.log [as getShareMetadataWithSession] (lib/share-metadata-service.ts:66:15)

  console.log
    Mocking fetch for: /api/yahoo/share-metadata/VWRL

      at log (jest.setup.js:17:11)

  console.error
    ÔØî Error fetching share metadata for VWRL: Error: Unhandled fetch request: /api/yahoo/share-metadata/VWRL
        at C:\Users\nazgu\IdeaProjects\v0-portfolio-allocation-analyzer\jest.setup.js:79:25
        at C:\Users\nazgu\IdeaProjects\v0-portfolio-allocation-analyzer\node_modules\jest-environment-jsdom\node_modules\jest-mock\build\index.js:397:39
        at C:\Users\nazgu\IdeaProjects\v0-portfolio-allocation-analyzer\node_modules\jest-environment-jsdom\node_modules\jest-mock\build\index.js:404:13
        at mockConstructor (C:\Users\nazgu\IdeaProjects\v0-portfolio-allocation-analyzer\node_modules\jest-environment-jsdom\node_modules\jest-mock\build\index.js:103:19)
        at ShareMetadataService.fetch [as getShareMetadataWithSession] (C:\Users\nazgu\IdeaProjects\v0-portfolio-allocation-analyzer\lib\share-metadata-service.ts:68:30)
        at fetchDataForSymbol (C:\Users\nazgu\IdeaProjects\v0-portfolio-allocation-analyzer\etf-data-service.ts:609:30)
        at resolveSymbolAndFetchData (C:\Users\nazgu\IdeaProjects\v0-portfolio-allocation-analyzer\etf-data-service.ts:703:9)
        at enrichPositionsWithAPIData (C:\Users\nazgu\IdeaProjects\v0-portfolio-allocation-analyzer\portfolio-parser.ts:1091:38)
        at parsePortfolioCsv (C:\Users\nazgu\IdeaProjects\v0-portfolio-allocation-analyzer\portfolio-parser.ts:561:29)
        at Object.<anonymous> (C:\Users\nazgu\IdeaProjects\v0-portfolio-allocation-analyzer\__tests__\unit\portfolio-parser-simple.test.ts:10:22)

    [0m [90m 83 |[39m       
     [90m 84 |[39m     } [36mcatch[39m (error) {
    [31m[1m>[22m[39m[90m 85 |[39m       console[33m.[39merror([32m`ÔØî Error fetching share metadata for ${symbol}:`[39m[33m,[39m error)
     [90m    |[39m               [31m[1m^[22m[39m
     [90m 86 |[39m     }
     [90m 87 |[39m
     [90m 88 |[39m     [90m// Return fallback with better inference[39m[0m

      at ShareMetadataService.error [as getShareMetadataWithSession] (lib/share-metadata-service.ts:85:15)
      at fetchDataForSymbol (etf-data-service.ts:609:30)
      at resolveSymbolAndFetchData (etf-data-service.ts:703:9)
      at enrichPositionsWithAPIData (portfolio-parser.ts:1091:38)
      at parsePortfolioCsv (portfolio-parser.ts:561:29)
      at Object.<anonymous> (__tests__/unit/portfolio-parser-simple.test.ts:10:22)

  console.log
    ­ƒöä Using fallback metadata for VWRL

      at ShareMetadataService.log [as getShareMetadataWithSession] (lib/share-metadata-service.ts:89:13)

  console.log
    Ô£à Asset metadata found for VWRL: {
      symbol: 'VWRL',
      name: 'VWRL',
      sector: 'Unknown',
      country: 'United States',
      currency: 'USD',
      type: 'EQUITY',
      exchange: 'NMS'
    }

      at log (etf-data-service.ts:612:18)

  console.log
    Ô£à Converted asset metadata to ETF format for VWRL

      at log (etf-data-service.ts:627:18)

  console.log
    Cache miss for quote/VWRL, fetching from API...

      at log (etf-data-service.ts:460:11)

  console.log
    Mocking fetch for: /api/yahoo/quote/VWRL

      at log (jest.setup.js:17:11)

  console.log
    Ô£à Direct metadata and quote fetch successful for VWRL (resolved to VWRL)

      at log (etf-data-service.ts:660:15)

  console.log
    Enrichment results for VWRL: { etfData: 'Found', quoteData: 'Found' }

      at log (portfolio-parser.ts:1093:15)

  console.log
    Starting enhanced CSV parsing...

      at log (portfolio-parser.ts:154:11)

  console.log
    Empty CSV content, returning empty data structure

      at log (portfolio-parser.ts:158:13)

  console.log
    Starting enhanced CSV parsing...

      at log (portfolio-parser.ts:154:11)

  console.log
    CSV preview (first 1000 chars): Symbol,Name,Quantity,Price,Currency,Total Value,Category

      at log (portfolio-parser.ts:162:11)

  console.log
    Delimiter ',': score=12, consistent=true

      at log (portfolio-parser.ts:1055:13)

  console.log
    Delimiter ';': score=0, consistent=true

      at log (portfolio-parser.ts:1055:13)

  console.log
    Delimiter '	': score=0, consistent=true

      at log (portfolio-parser.ts:1055:13)

  console.log
    Delimiter '|': score=0, consistent=true

      at log (portfolio-parser.ts:1055:13)

  console.log
    Selected delimiter: ,

      at log (portfolio-parser.ts:1063:11)

  console.log
    CSV parsing completed with 1 rows

      at log (portfolio-parser.ts:178:11)

  console.log
    Sample rows: [
      [
        'Symbol',
        'Name',
        'Quantity',
        'Price',
        'Currency',
        'Total Value',
        'Category'
      ]
    ]

      at log (portfolio-parser.ts:179:11)

  console.log
    Row 0 header match count: 6, content: symbol name quantity price currency total value category

      at log (portfolio-parser.ts:256:13)

  console.log
    Header found at row 0 : [
      'Symbol',
      'Name',
      'Quantity',
      'Price',
      'Currency',
      'Total Value',
      'Category'
    ]

      at log (portfolio-parser.ts:262:15)

  console.log
    Column mapping: {
      symbol: 0,
      name: 1,
      quantity: 2,
      unitCost: 3,
      price: 3,
      currency: 4,
      category: 6,
      geography: -1,
      sector: -1,
      domicile: -1,
      totalCHF: 5,
      gainLoss: -1,
      gainLossPercent: -1,
      positionPercent: -1,
      dailyChange: -1
    }

      at log (portfolio-parser.ts:388:11)

  console.log
    Ô£à Parsed 0 positions from CSV

      at log (portfolio-parser.ts:545:11)

  console.log
    No valid positions found, returning empty data structure

      at log (portfolio-parser.ts:548:13)

  console.log
    Starting enhanced CSV parsing...

      at log (portfolio-parser.ts:154:11)

  console.log
    CSV preview (first 1000 chars): Symbol,Quantity,Price,Total Value CHF
    AAPL,1'000,150.00,150'000.00
    NESN,2'500,80.00,200'000.00

      at log (portfolio-parser.ts:162:11)

  console.log
    Delimiter ',': score=27, consistent=true

      at log (portfolio-parser.ts:1055:13)

  console.log
    Delimiter ';': score=0, consistent=true

      at log (portfolio-parser.ts:1055:13)

  console.log
    Delimiter '	': score=0, consistent=true

      at log (portfolio-parser.ts:1055:13)

  console.log
    Delimiter '|': score=0, consistent=true

      at log (portfolio-parser.ts:1055:13)

  console.log
    Selected delimiter: ,

      at log (portfolio-parser.ts:1063:11)

  console.log
    CSV parsing completed with 3 rows

      at log (portfolio-parser.ts:178:11)

  console.log
    Sample rows: [
      [ 'Symbol', 'Quantity', 'Price', 'Total Value CHF' ],
      [ 'AAPL', "1'000", '150.00', "150'000.00" ],
      [ 'NESN', "2'500", '80.00', "200'000.00" ]
    ]

      at log (portfolio-parser.ts:179:11)

  console.log
    Row 0 header match count: 5, content: symbol quantity price total value chf

      at log (portfolio-parser.ts:256:13)

  console.log
    Header found at row 0 : [ 'Symbol', 'Quantity', 'Price', 'Total Value CHF' ]

      at log (portfolio-parser.ts:262:15)

  console.log
    Column mapping: {
      symbol: 0,
      name: -1,
      quantity: 1,
      unitCost: 2,
      price: 2,
      currency: -1,
      category: -1,
      geography: -1,
      sector: -1,
      domicile: -1,
      totalCHF: 3,
      gainLoss: -1,
      gainLossPercent: -1,
      positionPercent: -1,
      dailyChange: -1
    }

      at log (portfolio-parser.ts:388:11)

  console.log
    parseSwissNumber input: "1'000"

      at log (portfolio-parser.ts:972:11)

  console.log
    parseSwissNumber after trim: "1'000"

      at log (portfolio-parser.ts:977:11)

  console.log
    parseSwissNumber after apostrophe handling: "1000"

      at log (portfolio-parser.ts:1013:13)

  console.log
    parseSwissNumber after final cleaning: "1000"

      at log (portfolio-parser.ts:1018:11)

  console.log
    parseSwissNumber final result: 1000

      at log (portfolio-parser.ts:1021:11)

  console.log
    parseSwissNumber input: "150.00"

      at log (portfolio-parser.ts:972:11)

  console.log
    parseSwissNumber after trim: "150.00"

      at log (portfolio-parser.ts:977:11)

  console.log
    parseSwissNumber after final cleaning: "150.00"

      at log (portfolio-parser.ts:1018:11)

  console.log
    parseSwissNumber final result: 150

      at log (portfolio-parser.ts:1021:11)

  console.log
    parseSwissNumber input: "150.00"

      at log (portfolio-parser.ts:972:11)

  console.log
    parseSwissNumber after trim: "150.00"

      at log (portfolio-parser.ts:977:11)

  console.log
    parseSwissNumber after final cleaning: "150.00"

      at log (portfolio-parser.ts:1018:11)

  console.log
    parseSwissNumber final result: 150

      at log (portfolio-parser.ts:1021:11)

  console.log
    parseSwissNumber input: "150'000.00"

      at log (portfolio-parser.ts:972:11)

  console.log
    parseSwissNumber after trim: "150'000.00"

      at log (portfolio-parser.ts:977:11)

  console.log
    parseSwissNumber after apostrophe handling: "150000.00"

      at log (portfolio-parser.ts:1013:13)

  console.log
    parseSwissNumber after final cleaning: "150000.00"

      at log (portfolio-parser.ts:1018:11)

  console.log
    parseSwissNumber final result: 150000

      at log (portfolio-parser.ts:1021:11)

  console.log
    Parsed values for AAPL: qty=1000 (raw: "1'000"), price=150 (raw: "150.00"), currency=CHF, total=150000 (raw: "150'000.00")

      at log (portfolio-parser.ts:472:13)

  console.log
    Ô£à Adding position: AAPL - 1000 @ 150 CHF = 150000 CHF

      at log (portfolio-parser.ts:520:13)

  console.log
    parseSwissNumber input: "2'500"

      at log (portfolio-parser.ts:972:11)

  console.log
    parseSwissNumber after trim: "2'500"

      at log (portfolio-parser.ts:977:11)

  console.log
    parseSwissNumber after apostrophe handling: "2500"

      at log (portfolio-parser.ts:1013:13)

  console.log
    parseSwissNumber after final cleaning: "2500"

      at log (portfolio-parser.ts:1018:11)

  console.log
    parseSwissNumber final result: 2500

      at log (portfolio-parser.ts:1021:11)

  console.log
    parseSwissNumber input: "80.00"

      at log (portfolio-parser.ts:972:11)

  console.log
    parseSwissNumber after trim: "80.00"

      at log (portfolio-parser.ts:977:11)

  console.log
    parseSwissNumber after final cleaning: "80.00"

      at log (portfolio-parser.ts:1018:11)

  console.log
    parseSwissNumber final result: 80

      at log (portfolio-parser.ts:1021:11)

  console.log
    parseSwissNumber input: "80.00"

      at log (portfolio-parser.ts:972:11)

  console.log
    parseSwissNumber after trim: "80.00"

      at log (portfolio-parser.ts:977:11)

  console.log
    parseSwissNumber after final cleaning: "80.00"

      at log (portfolio-parser.ts:1018:11)

  console.log
    parseSwissNumber final result: 80

      at log (portfolio-parser.ts:1021:11)

  console.log
    parseSwissNumber input: "200'000.00"

      at log (portfolio-parser.ts:972:11)

  console.log
    parseSwissNumber after trim: "200'000.00"

      at log (portfolio-parser.ts:977:11)

  console.log
    parseSwissNumber after apostrophe handling: "200000.00"

      at log (portfolio-parser.ts:1013:13)

  console.log
    parseSwissNumber after final cleaning: "200000.00"

      at log (portfolio-parser.ts:1018:11)

  console.log
    parseSwissNumber final result: 200000

      at log (portfolio-parser.ts:1021:11)

  console.log
    Parsed values for NESN: qty=2500 (raw: "2'500"), price=80 (raw: "80.00"), currency=CHF, total=200000 (raw: "200'000.00")

      at log (portfolio-parser.ts:472:13)

  console.log
    Ô£à Adding position: NESN - 2500 @ 80 CHF = 200000 CHF

      at log (portfolio-parser.ts:520:13)

  console.log
    Ô£à Parsed 2 positions from CSV

      at log (portfolio-parser.ts:545:11)

  console.log
    Total portfolio value: 350000 CHF (calculated: 350000, found: 0)

      at log (portfolio-parser.ts:556:11)

  console.log
    Enriching AAPL...

      at log (portfolio-parser.ts:1077:13)

  console.log
    ­ƒöì Processing AAPL (category: Unknown, shouldFetchETF: false)

      at log (etf-data-service.ts:595:11)

  console.log
    ­ƒôê Share/Stock detected: AAPL, fetching metadata and quote

      at log (etf-data-service.ts:701:13)

  console.log
    ­ƒôè Fetching data for AAPL (Direct metadata and quote fetch)...

      at log (etf-data-service.ts:599:13)

  console.log
    ­ƒôê Fetching asset metadata for share: AAPL

      at log (etf-data-service.ts:606:15)

  console.log
    Ô£à Asset metadata found for AAPL: {
      symbol: 'AAPL',
      name: 'AAPL',
      sector: 'Technology',
      country: 'United States',
      currency: 'USD',
      type: 'EQUITY',
      exchange: 'NMS'
    }

      at log (etf-data-service.ts:612:18)

  console.log
    Ô£à Converted asset metadata to ETF format for AAPL

      at log (etf-data-service.ts:627:18)

  console.log
    Cache hit for quote/AAPL

      at log (etf-data-service.ts:456:13)

  console.log
    Ô£à Direct metadata and quote fetch successful for AAPL (resolved to AAPL)

      at log (etf-data-service.ts:660:15)

  console.log
    Enrichment results for AAPL: { etfData: 'Found', quoteData: 'Found' }

      at log (portfolio-parser.ts:1093:15)

  console.log
    Enriching NESN...

      at log (portfolio-parser.ts:1077:13)

  console.log
    ­ƒöì Processing NESN (category: Unknown, shouldFetchETF: false)

      at log (etf-data-service.ts:595:11)

  console.log
    ­ƒôê Share/Stock detected: NESN, fetching metadata and quote

      at log (etf-data-service.ts:701:13)

  console.log
    ­ƒôè Fetching data for NESN (Direct metadata and quote fetch)...

      at log (etf-data-service.ts:599:13)

  console.log
    ­ƒôê Fetching asset metadata for share: NESN

      at log (etf-data-service.ts:606:15)

  console.log
    ­ƒôè Fetching share metadata for NESN with session

      at ShareMetadataService.log [as getShareMetadataWithSession] (lib/share-metadata-service.ts:58:13)

  console.log
    ­ƒöù Making API call to: /api/yahoo/share-metadata/NESN

      at ShareMetadataService.log [as getShareMetadataWithSession] (lib/share-metadata-service.ts:66:15)

  console.log
    Mocking fetch for: /api/yahoo/share-metadata/NESN

      at log (jest.setup.js:17:11)

  console.error
    ÔØî Error fetching share metadata for NESN: Error: Unhandled fetch request: /api/yahoo/share-metadata/NESN
        at C:\Users\nazgu\IdeaProjects\v0-portfolio-allocation-analyzer\jest.setup.js:79:25
        at C:\Users\nazgu\IdeaProjects\v0-portfolio-allocation-analyzer\node_modules\jest-environment-jsdom\node_modules\jest-mock\build\index.js:397:39
        at C:\Users\nazgu\IdeaProjects\v0-portfolio-allocation-analyzer\node_modules\jest-environment-jsdom\node_modules\jest-mock\build\index.js:404:13
        at mockConstructor (C:\Users\nazgu\IdeaProjects\v0-portfolio-allocation-analyzer\node_modules\jest-environment-jsdom\node_modules\jest-mock\build\index.js:103:19)
        at ShareMetadataService.fetch [as getShareMetadataWithSession] (C:\Users\nazgu\IdeaProjects\v0-portfolio-allocation-analyzer\lib\share-metadata-service.ts:68:30)
        at fetchDataForSymbol (C:\Users\nazgu\IdeaProjects\v0-portfolio-allocation-analyzer\etf-data-service.ts:609:30)
        at resolveSymbolAndFetchData (C:\Users\nazgu\IdeaProjects\v0-portfolio-allocation-analyzer\etf-data-service.ts:703:9)
        at enrichPositionsWithAPIData (C:\Users\nazgu\IdeaProjects\v0-portfolio-allocation-analyzer\portfolio-parser.ts:1091:38)
        at parsePortfolioCsv (C:\Users\nazgu\IdeaProjects\v0-portfolio-allocation-analyzer\portfolio-parser.ts:561:29)
        at Object.<anonymous> (C:\Users\nazgu\IdeaProjects\v0-portfolio-allocation-analyzer\__tests__\unit\portfolio-parser-simple.test.ts:45:22)

    [0m [90m 83 |[39m       
     [90m 84 |[39m     } [36mcatch[39m (error) {
    [31m[1m>[22m[39m[90m 85 |[39m       console[33m.[39merror([32m`ÔØî Error fetching share metadata for ${symbol}:`[39m[33m,[39m error)
     [90m    |[39m               [31m[1m^[22m[39m
     [90m 86 |[39m     }
     [90m 87 |[39m
     [90m 88 |[39m     [90m// Return fallback with better inference[39m[0m

      at ShareMetadataService.error [as getShareMetadataWithSession] (lib/share-metadata-service.ts:85:15)
      at fetchDataForSymbol (etf-data-service.ts:609:30)
      at resolveSymbolAndFetchData (etf-data-service.ts:703:9)
      at enrichPositionsWithAPIData (portfolio-parser.ts:1091:38)
      at parsePortfolioCsv (portfolio-parser.ts:561:29)
      at Object.<anonymous> (__tests__/unit/portfolio-parser-simple.test.ts:45:22)

  console.log
    ­ƒöä Using fallback metadata for NESN

      at ShareMetadataService.log [as getShareMetadataWithSession] (lib/share-metadata-service.ts:89:13)

  console.log
    Ô£à Asset metadata found for NESN: {
      symbol: 'NESN',
      name: 'NESN',
      sector: 'Unknown',
      country: 'United States',
      currency: 'USD',
      type: 'EQUITY',
      exchange: 'NMS'
    }

      at log (etf-data-service.ts:612:18)

  console.log
    Ô£à Converted asset metadata to ETF format for NESN

      at log (etf-data-service.ts:627:18)

  console.log
    Cache miss for quote/NESN, fetching from API...

      at log (etf-data-service.ts:460:11)

PASS __tests__/components/loading-progress.test.tsx
  LoadingProgress Component
    Rendering
      ÔêÜ should render the loading progress component (140 ms)
      ÔêÜ should render with different progress values (13 ms)
      ÔêÜ should render progress bar with correct attributes (19 ms)
    Props
      ÔêÜ should accept progress prop (8 ms)
      ÔêÜ should handle zero progress (9 ms)
      ÔêÜ should handle 100% progress (4 ms)
      ÔêÜ should handle decimal progress values (5 ms)
    Accessibility
      ÔêÜ should have proper ARIA attributes (7 ms)
      ÔêÜ should be accessible to screen readers (9 ms)
    Styling
      ÔêÜ should have correct CSS classes (4 ms)
      ÔêÜ should have proper container styling (3 ms)
    Content Structure
      ÔêÜ should have proper content hierarchy (9 ms)
      ÔêÜ should maintain consistent structure with different progress values (21 ms)
    Error Handling
      ÔêÜ should render gracefully with negative progress (3 ms)
      ÔêÜ should handle undefined props (4 ms)
    Component Integration
      ÔêÜ should integrate with shadcn/ui components (8 ms)
      ÔêÜ should work within a larger component tree (9 ms)
    Default Behavior
      ÔêÜ should show progress percentage when provided (3 ms)
      ÔêÜ should always render a progress bar (6 ms)

PASS __tests__/components/file-upload-helper.test.tsx
  FileUploadHelper Component
    Rendering
      ÔêÜ should render the file upload helper component (91 ms)
      ÔêÜ should render with default props (20 ms)
      ÔêÜ should render the upload area (15 ms)
      ÔêÜ should be keyboard accessible (93 ms)
    Styling
      ÔêÜ should have correct CSS classes (11 ms)
      ÔêÜ should have hover and focus states (15 ms)
    Props
      ÔêÜ should accept onFileSelect prop (15 ms)
      ÔêÜ should work without onFileSelect prop (18 ms)
    Content Structure
      ÔêÜ should have proper content hierarchy (9 ms)
      ÔêÜ should have consistent text content (6 ms)
    Component Integration
      ÔêÜ should integrate with react-dropzone (5 ms)
      ÔêÜ should handle file selection through dropzone (7 ms)
    Error Handling
      ÔêÜ should render gracefully with invalid props (6 ms)
      ÔêÜ should handle missing props (8 ms)

  console.log
    Mocking fetch for: /api/yahoo/quote/NESN

      at log (jest.setup.js:17:11)

  console.log
    Ô£à Direct metadata and quote fetch successful for NESN (resolved to NESN)

      at log (etf-data-service.ts:660:15)

  console.log
    Enrichment results for NESN: { etfData: 'Found', quoteData: 'Found' }

      at log (portfolio-parser.ts:1093:15)

  console.log
    Starting enhanced CSV parsing...

      at log (portfolio-parser.ts:154:11)

  console.log
    CSV preview (first 1000 chars): Symbol,Quantity,Price,Total Value CHF
    AAPL,10,150.00,1500.00
    VWRL,50,100.00,5000.00

      at log (portfolio-parser.ts:162:11)

  console.log
    Delimiter ',': score=27, consistent=true

      at log (portfolio-parser.ts:1055:13)

  console.log
    Delimiter ';': score=0, consistent=true

      at log (portfolio-parser.ts:1055:13)

  console.log
    Delimiter '	': score=0, consistent=true

      at log (portfolio-parser.ts:1055:13)

  console.log
    Delimiter '|': score=0, consistent=true

      at log (portfolio-parser.ts:1055:13)

  console.log
    Selected delimiter: ,

      at log (portfolio-parser.ts:1063:11)

  console.log
    CSV parsing completed with 3 rows

      at log (portfolio-parser.ts:178:11)

  console.log
    Sample rows: [
      [ 'Symbol', 'Quantity', 'Price', 'Total Value CHF' ],
      [ 'AAPL', '10', '150.00', '1500.00' ],
      [ 'VWRL', '50', '100.00', '5000.00' ]
    ]

      at log (portfolio-parser.ts:179:11)

  console.log
    Row 0 header match count: 5, content: symbol quantity price total value chf

      at log (portfolio-parser.ts:256:13)

  console.log
    Header found at row 0 : [ 'Symbol', 'Quantity', 'Price', 'Total Value CHF' ]

      at log (portfolio-parser.ts:262:15)

  console.log
    Column mapping: {
      symbol: 0,
      name: -1,
      quantity: 1,
      unitCost: 2,
      price: 2,
      currency: -1,
      category: -1,
      geography: -1,
      sector: -1,
      domicile: -1,
      totalCHF: 3,
      gainLoss: -1,
      gainLossPercent: -1,
      positionPercent: -1,
      dailyChange: -1
    }

      at log (portfolio-parser.ts:388:11)

  console.log
    parseSwissNumber input: "10"

      at log (portfolio-parser.ts:972:11)

  console.log
    parseSwissNumber after trim: "10"

      at log (portfolio-parser.ts:977:11)

  console.log
    parseSwissNumber after final cleaning: "10"

      at log (portfolio-parser.ts:1018:11)

  console.log
    parseSwissNumber final result: 10

      at log (portfolio-parser.ts:1021:11)

  console.log
    parseSwissNumber input: "150.00"

      at log (portfolio-parser.ts:972:11)

  console.log
    parseSwissNumber after trim: "150.00"

      at log (portfolio-parser.ts:977:11)

  console.log
    parseSwissNumber after final cleaning: "150.00"

      at log (portfolio-parser.ts:1018:11)

  console.log
    parseSwissNumber final result: 150

      at log (portfolio-parser.ts:1021:11)

  console.log
    parseSwissNumber input: "150.00"

      at log (portfolio-parser.ts:972:11)

  console.log
    parseSwissNumber after trim: "150.00"

      at log (portfolio-parser.ts:977:11)

  console.log
    parseSwissNumber after final cleaning: "150.00"

      at log (portfolio-parser.ts:1018:11)

  console.log
    parseSwissNumber final result: 150

      at log (portfolio-parser.ts:1021:11)

  console.log
    parseSwissNumber input: "1500.00"

      at log (portfolio-parser.ts:972:11)

  console.log
    parseSwissNumber after trim: "1500.00"

      at log (portfolio-parser.ts:977:11)

  console.log
    parseSwissNumber after final cleaning: "1500.00"

      at log (portfolio-parser.ts:1018:11)

  console.log
    parseSwissNumber final result: 1500

      at log (portfolio-parser.ts:1021:11)

  console.log
    Parsed values for AAPL: qty=10 (raw: "10"), price=150 (raw: "150.00"), currency=CHF, total=1500 (raw: "1500.00")

      at log (portfolio-parser.ts:472:13)

  console.log
    Ô£à Adding position: AAPL - 10 @ 150 CHF = 1500 CHF

      at log (portfolio-parser.ts:520:13)

  console.log
    parseSwissNumber input: "50"

      at log (portfolio-parser.ts:972:11)

  console.log
    parseSwissNumber after trim: "50"

      at log (portfolio-parser.ts:977:11)

  console.log
    parseSwissNumber after final cleaning: "50"

      at log (portfolio-parser.ts:1018:11)

  console.log
    parseSwissNumber final result: 50

      at log (portfolio-parser.ts:1021:11)

  console.log
    parseSwissNumber input: "100.00"

      at log (portfolio-parser.ts:972:11)

  console.log
    parseSwissNumber after trim: "100.00"

      at log (portfolio-parser.ts:977:11)

  console.log
    parseSwissNumber after final cleaning: "100.00"

      at log (portfolio-parser.ts:1018:11)

  console.log
    parseSwissNumber final result: 100

      at log (portfolio-parser.ts:1021:11)

  console.log
    parseSwissNumber input: "100.00"

      at log (portfolio-parser.ts:972:11)

  console.log
    parseSwissNumber after trim: "100.00"

      at log (portfolio-parser.ts:977:11)

  console.log
    parseSwissNumber after final cleaning: "100.00"

      at log (portfolio-parser.ts:1018:11)

  console.log
    parseSwissNumber final result: 100

      at log (portfolio-parser.ts:1021:11)

  console.log
    parseSwissNumber input: "5000.00"

      at log (portfolio-parser.ts:972:11)

  console.log
    parseSwissNumber after trim: "5000.00"

      at log (portfolio-parser.ts:977:11)

  console.log
    parseSwissNumber after final cleaning: "5000.00"

      at log (portfolio-parser.ts:1018:11)

  console.log
    parseSwissNumber final result: 5000

      at log (portfolio-parser.ts:1021:11)

  console.log
    Parsed values for VWRL: qty=50 (raw: "50"), price=100 (raw: "100.00"), currency=CHF, total=5000 (raw: "5000.00")

      at log (portfolio-parser.ts:472:13)

  console.log
    Ô£à Adding position: VWRL - 50 @ 100 CHF = 5000 CHF

      at log (portfolio-parser.ts:520:13)

  console.log
    Ô£à Parsed 2 positions from CSV

      at log (portfolio-parser.ts:545:11)

  console.log
    Total portfolio value: 6500 CHF (calculated: 6500, found: 0)

      at log (portfolio-parser.ts:556:11)

  console.log
    Enriching AAPL...

      at log (portfolio-parser.ts:1077:13)

  console.log
    ­ƒöì Processing AAPL (category: Unknown, shouldFetchETF: false)

      at log (etf-data-service.ts:595:11)

  console.log
    ­ƒôê Share/Stock detected: AAPL, fetching metadata and quote

      at log (etf-data-service.ts:701:13)

  console.log
    ­ƒôè Fetching data for AAPL (Direct metadata and quote fetch)...

      at log (etf-data-service.ts:599:13)

  console.log
    ­ƒôê Fetching asset metadata for share: AAPL

      at log (etf-data-service.ts:606:15)

  console.log
    Ô£à Asset metadata found for AAPL: {
      symbol: 'AAPL',
      name: 'AAPL',
      sector: 'Technology',
      country: 'United States',
      currency: 'USD',
      type: 'EQUITY',
      exchange: 'NMS'
    }

      at log (etf-data-service.ts:612:18)

  console.log
    Ô£à Converted asset metadata to ETF format for AAPL

      at log (etf-data-service.ts:627:18)

  console.log
    Cache hit for quote/AAPL

      at log (etf-data-service.ts:456:13)

  console.log
    Ô£à Direct metadata and quote fetch successful for AAPL (resolved to AAPL)

      at log (etf-data-service.ts:660:15)

  console.log
    Enrichment results for AAPL: { etfData: 'Found', quoteData: 'Found' }

      at log (portfolio-parser.ts:1093:15)

  console.log
    Enriching VWRL...

      at log (portfolio-parser.ts:1077:13)

  console.log
    ­ƒöì Processing VWRL (category: Unknown, shouldFetchETF: false)

      at log (etf-data-service.ts:595:11)

  console.log
    ­ƒôê Share/Stock detected: VWRL, fetching metadata and quote

      at log (etf-data-service.ts:701:13)

  console.log
    ­ƒôè Fetching data for VWRL (Direct metadata and quote fetch)...

      at log (etf-data-service.ts:599:13)

  console.log
    ­ƒôê Fetching asset metadata for share: VWRL

      at log (etf-data-service.ts:606:15)

  console.log
    Ô£à Asset metadata found for VWRL: {
      symbol: 'VWRL',
      name: 'VWRL',
      sector: 'Unknown',
      country: 'United States',
      currency: 'USD',
      type: 'EQUITY',
      exchange: 'NMS'
    }

      at log (etf-data-service.ts:612:18)

  console.log
    Ô£à Converted asset metadata to ETF format for VWRL

      at log (etf-data-service.ts:627:18)

  console.log
    Cache hit for quote/VWRL

      at log (etf-data-service.ts:456:13)

  console.log
    Ô£à Direct metadata and quote fetch successful for VWRL (resolved to VWRL)

      at log (etf-data-service.ts:660:15)

  console.log
    Enrichment results for VWRL: { etfData: 'Found', quoteData: 'Found' }

      at log (portfolio-parser.ts:1093:15)

  console.log
    Starting enhanced CSV parsing...

      at log (portfolio-parser.ts:154:11)

  console.log
    CSV preview (first 1000 chars): Symbol,Quantity,Price,Total Value CHF
    AAPL,10,150.00,1500.00
    VWRL,50,100.00,5000.00

      at log (portfolio-parser.ts:162:11)

  console.log
    Delimiter ',': score=27, consistent=true

      at log (portfolio-parser.ts:1055:13)

  console.log
    Delimiter ';': score=0, consistent=true

      at log (portfolio-parser.ts:1055:13)

  console.log
    Delimiter '	': score=0, consistent=true

      at log (portfolio-parser.ts:1055:13)

  console.log
    Delimiter '|': score=0, consistent=true

      at log (portfolio-parser.ts:1055:13)

  console.log
    Selected delimiter: ,

      at log (portfolio-parser.ts:1063:11)

  console.log
    CSV parsing completed with 3 rows

      at log (portfolio-parser.ts:178:11)

  console.log
    Sample rows: [
      [ 'Symbol', 'Quantity', 'Price', 'Total Value CHF' ],
      [ 'AAPL', '10', '150.00', '1500.00' ],
      [ 'VWRL', '50', '100.00', '5000.00' ]
    ]

      at log (portfolio-parser.ts:179:11)

  console.log
    Row 0 header match count: 5, content: symbol quantity price total value chf

      at log (portfolio-parser.ts:256:13)

  console.log
    Header found at row 0 : [ 'Symbol', 'Quantity', 'Price', 'Total Value CHF' ]

      at log (portfolio-parser.ts:262:15)

  console.log
    Column mapping: {
      symbol: 0,
      name: -1,
      quantity: 1,
      unitCost: 2,
      price: 2,
      currency: -1,
      category: -1,
      geography: -1,
      sector: -1,
      domicile: -1,
      totalCHF: 3,
      gainLoss: -1,
      gainLossPercent: -1,
      positionPercent: -1,
      dailyChange: -1
    }

      at log (portfolio-parser.ts:388:11)

  console.log
    parseSwissNumber input: "10"

      at log (portfolio-parser.ts:972:11)

  console.log
    parseSwissNumber after trim: "10"

      at log (portfolio-parser.ts:977:11)

  console.log
    parseSwissNumber after final cleaning: "10"

      at log (portfolio-parser.ts:1018:11)

  console.log
    parseSwissNumber final result: 10

      at log (portfolio-parser.ts:1021:11)

  console.log
    parseSwissNumber input: "150.00"

      at log (portfolio-parser.ts:972:11)

  console.log
    parseSwissNumber after trim: "150.00"

      at log (portfolio-parser.ts:977:11)

  console.log
    parseSwissNumber after final cleaning: "150.00"

      at log (portfolio-parser.ts:1018:11)

  console.log
    parseSwissNumber final result: 150

      at log (portfolio-parser.ts:1021:11)

  console.log
    parseSwissNumber input: "150.00"

      at log (portfolio-parser.ts:972:11)

  console.log
    parseSwissNumber after trim: "150.00"

      at log (portfolio-parser.ts:977:11)

  console.log
    parseSwissNumber after final cleaning: "150.00"

      at log (portfolio-parser.ts:1018:11)

  console.log
    parseSwissNumber final result: 150

      at log (portfolio-parser.ts:1021:11)

  console.log
    parseSwissNumber input: "1500.00"

      at log (portfolio-parser.ts:972:11)

  console.log
    parseSwissNumber after trim: "1500.00"

      at log (portfolio-parser.ts:977:11)

  console.log
    parseSwissNumber after final cleaning: "1500.00"

      at log (portfolio-parser.ts:1018:11)

  console.log
    parseSwissNumber final result: 1500

      at log (portfolio-parser.ts:1021:11)

  console.log
    Parsed values for AAPL: qty=10 (raw: "10"), price=150 (raw: "150.00"), currency=CHF, total=1500 (raw: "1500.00")

      at log (portfolio-parser.ts:472:13)

  console.log
    Ô£à Adding position: AAPL - 10 @ 150 CHF = 1500 CHF

      at log (portfolio-parser.ts:520:13)

  console.log
    parseSwissNumber input: "50"

      at log (portfolio-parser.ts:972:11)

  console.log
    parseSwissNumber after trim: "50"

      at log (portfolio-parser.ts:977:11)

  console.log
    parseSwissNumber after final cleaning: "50"

      at log (portfolio-parser.ts:1018:11)

  console.log
    parseSwissNumber final result: 50

      at log (portfolio-parser.ts:1021:11)

  console.log
    parseSwissNumber input: "100.00"

      at log (portfolio-parser.ts:972:11)

  console.log
    parseSwissNumber after trim: "100.00"

      at log (portfolio-parser.ts:977:11)

  console.log
    parseSwissNumber after final cleaning: "100.00"

      at log (portfolio-parser.ts:1018:11)

  console.log
    parseSwissNumber final result: 100

      at log (portfolio-parser.ts:1021:11)

  console.log
    parseSwissNumber input: "100.00"

      at log (portfolio-parser.ts:972:11)

  console.log
    parseSwissNumber after trim: "100.00"

      at log (portfolio-parser.ts:977:11)

  console.log
    parseSwissNumber after final cleaning: "100.00"

      at log (portfolio-parser.ts:1018:11)

  console.log
    parseSwissNumber final result: 100

      at log (portfolio-parser.ts:1021:11)

  console.log
    parseSwissNumber input: "5000.00"

      at log (portfolio-parser.ts:972:11)

  console.log
    parseSwissNumber after trim: "5000.00"

      at log (portfolio-parser.ts:977:11)

  console.log
    parseSwissNumber after final cleaning: "5000.00"

      at log (portfolio-parser.ts:1018:11)

  console.log
    parseSwissNumber final result: 5000

      at log (portfolio-parser.ts:1021:11)

  console.log
    Parsed values for VWRL: qty=50 (raw: "50"), price=100 (raw: "100.00"), currency=CHF, total=5000 (raw: "5000.00")

      at log (portfolio-parser.ts:472:13)

  console.log
    Ô£à Adding position: VWRL - 50 @ 100 CHF = 5000 CHF

      at log (portfolio-parser.ts:520:13)

  console.log
    Ô£à Parsed 2 positions from CSV

      at log (portfolio-parser.ts:545:11)

  console.log
    Total portfolio value: 6500 CHF (calculated: 6500, found: 0)

      at log (portfolio-parser.ts:556:11)

  console.log
    Enriching AAPL...

      at log (portfolio-parser.ts:1077:13)

  console.log
    ­ƒöì Processing AAPL (category: Unknown, shouldFetchETF: false)

      at log (etf-data-service.ts:595:11)

  console.log
    ­ƒôê Share/Stock detected: AAPL, fetching metadata and quote

      at log (etf-data-service.ts:701:13)

  console.log
    ­ƒôè Fetching data for AAPL (Direct metadata and quote fetch)...

      at log (etf-data-service.ts:599:13)

  console.log
    ­ƒôê Fetching asset metadata for share: AAPL

      at log (etf-data-service.ts:606:15)

  console.log
    Ô£à Asset metadata found for AAPL: {
      symbol: 'AAPL',
      name: 'AAPL',
      sector: 'Technology',
      country: 'United States',
      currency: 'USD',
      type: 'EQUITY',
      exchange: 'NMS'
    }

      at log (etf-data-service.ts:612:18)

  console.log
    Ô£à Converted asset metadata to ETF format for AAPL

      at log (etf-data-service.ts:627:18)

  console.log
    Cache hit for quote/AAPL

      at log (etf-data-service.ts:456:13)

  console.log
    Ô£à Direct metadata and quote fetch successful for AAPL (resolved to AAPL)

      at log (etf-data-service.ts:660:15)

  console.log
    Enrichment results for AAPL: { etfData: 'Found', quoteData: 'Found' }

      at log (portfolio-parser.ts:1093:15)

  console.log
    Enriching VWRL...

      at log (portfolio-parser.ts:1077:13)

  console.log
    ­ƒöì Processing VWRL (category: Unknown, shouldFetchETF: false)

      at log (etf-data-service.ts:595:11)

  console.log
    ­ƒôê Share/Stock detected: VWRL, fetching metadata and quote

      at log (etf-data-service.ts:701:13)

  console.log
    ­ƒôè Fetching data for VWRL (Direct metadata and quote fetch)...

      at log (etf-data-service.ts:599:13)

  console.log
    ­ƒôê Fetching asset metadata for share: VWRL

      at log (etf-data-service.ts:606:15)

  console.log
    Ô£à Asset metadata found for VWRL: {
      symbol: 'VWRL',
      name: 'VWRL',
      sector: 'Unknown',
      country: 'United States',
      currency: 'USD',
      type: 'EQUITY',
      exchange: 'NMS'
    }

      at log (etf-data-service.ts:612:18)

  console.log
    Ô£à Converted asset metadata to ETF format for VWRL

      at log (etf-data-service.ts:627:18)

  console.log
    Cache hit for quote/VWRL

      at log (etf-data-service.ts:456:13)

  console.log
    Ô£à Direct metadata and quote fetch successful for VWRL (resolved to VWRL)

      at log (etf-data-service.ts:660:15)

  console.log
    Enrichment results for VWRL: { etfData: 'Found', quoteData: 'Found' }

      at log (portfolio-parser.ts:1093:15)

  console.log
    Starting enhanced CSV parsing...

      at log (portfolio-parser.ts:154:11)

  console.log
    CSV preview (first 1000 chars): Symbol,Quantity,Price
    AAPL,10,150.00
    VWRL,50,100.00

      at log (portfolio-parser.ts:162:11)

  console.log
    Delimiter ',': score=24, consistent=true

      at log (portfolio-parser.ts:1055:13)

  console.log
    Delimiter ';': score=0, consistent=true

      at log (portfolio-parser.ts:1055:13)

  console.log
    Delimiter '	': score=0, consistent=true

      at log (portfolio-parser.ts:1055:13)

  console.log
    Delimiter '|': score=0, consistent=true

      at log (portfolio-parser.ts:1055:13)

  console.log
    Selected delimiter: ,

      at log (portfolio-parser.ts:1063:11)

  console.log
    CSV parsing completed with 3 rows

      at log (portfolio-parser.ts:178:11)

  console.log
    Sample rows: [
      [ 'Symbol', 'Quantity', 'Price' ],
      [ 'AAPL', '10', '150.00' ],
      [ 'VWRL', '50', '100.00' ]
    ]

      at log (portfolio-parser.ts:179:11)

  console.log
    Row 0 header match count: 3, content: symbol quantity price

      at log (portfolio-parser.ts:256:13)

  console.log
    Header found at row 0 : [ 'Symbol', 'Quantity', 'Price' ]

      at log (portfolio-parser.ts:262:15)

  console.log
    Column mapping: {
      symbol: 0,
      name: -1,
      quantity: 1,
      unitCost: 2,
      price: 2,
      currency: -1,
      category: -1,
      geography: -1,
      sector: -1,
      domicile: -1,
      totalCHF: -1,
      gainLoss: -1,
      gainLossPercent: -1,
      positionPercent: -1,
      dailyChange: -1
    }

      at log (portfolio-parser.ts:388:11)

  console.log
    parseSwissNumber input: "10"

      at log (portfolio-parser.ts:972:11)

  console.log
    parseSwissNumber after trim: "10"

      at log (portfolio-parser.ts:977:11)

  console.log
    parseSwissNumber after final cleaning: "10"

      at log (portfolio-parser.ts:1018:11)

  console.log
    parseSwissNumber final result: 10

      at log (portfolio-parser.ts:1021:11)

  console.log
    parseSwissNumber input: "150.00"

      at log (portfolio-parser.ts:972:11)

  console.log
    parseSwissNumber after trim: "150.00"

      at log (portfolio-parser.ts:977:11)

  console.log
    parseSwissNumber after final cleaning: "150.00"

      at log (portfolio-parser.ts:1018:11)

  console.log
    parseSwissNumber final result: 150

      at log (portfolio-parser.ts:1021:11)

  console.log
    parseSwissNumber input: "150.00"

      at log (portfolio-parser.ts:972:11)

  console.log
    parseSwissNumber after trim: "150.00"

      at log (portfolio-parser.ts:977:11)

  console.log
    parseSwissNumber after final cleaning: "150.00"

      at log (portfolio-parser.ts:1018:11)

  console.log
    parseSwissNumber final result: 150

      at log (portfolio-parser.ts:1021:11)

  console.log
    Parsed values for AAPL: qty=10 (raw: "10"), price=150 (raw: "150.00"), currency=CHF, total=0 (raw: "")

      at log (portfolio-parser.ts:472:13)

  console.log
    Calculated total for AAPL: 1500 (original total was invalid or missing).

      at log (portfolio-parser.ts:491:15)

  console.log
    Ô£à Adding position: AAPL - 10 @ 150 CHF = 1500 CHF

      at log (portfolio-parser.ts:520:13)

  console.log
    parseSwissNumber input: "50"

      at log (portfolio-parser.ts:972:11)

  console.log
    parseSwissNumber after trim: "50"

      at log (portfolio-parser.ts:977:11)

  console.log
    parseSwissNumber after final cleaning: "50"

      at log (portfolio-parser.ts:1018:11)

  console.log
    parseSwissNumber final result: 50

      at log (portfolio-parser.ts:1021:11)

  console.log
    parseSwissNumber input: "100.00"

      at log (portfolio-parser.ts:972:11)

  console.log
    parseSwissNumber after trim: "100.00"

      at log (portfolio-parser.ts:977:11)

  console.log
    parseSwissNumber after final cleaning: "100.00"

      at log (portfolio-parser.ts:1018:11)

  console.log
    parseSwissNumber final result: 100

      at log (portfolio-parser.ts:1021:11)

  console.log
    parseSwissNumber input: "100.00"

      at log (portfolio-parser.ts:972:11)

  console.log
    parseSwissNumber after trim: "100.00"

      at log (portfolio-parser.ts:977:11)

  console.log
    parseSwissNumber after final cleaning: "100.00"

      at log (portfolio-parser.ts:1018:11)

  console.log
    parseSwissNumber final result: 100

      at log (portfolio-parser.ts:1021:11)

  console.log
    Parsed values for VWRL: qty=50 (raw: "50"), price=100 (raw: "100.00"), currency=CHF, total=0 (raw: "")

      at log (portfolio-parser.ts:472:13)

  console.log
    Calculated total for VWRL: 5000 (original total was invalid or missing).

      at log (portfolio-parser.ts:491:15)

  console.log
    Ô£à Adding position: VWRL - 50 @ 100 CHF = 5000 CHF

      at log (portfolio-parser.ts:520:13)

  console.log
    Ô£à Parsed 2 positions from CSV

      at log (portfolio-parser.ts:545:11)

  console.log
    Total portfolio value: 6500 CHF (calculated: 6500, found: 0)

      at log (portfolio-parser.ts:556:11)

  console.log
    Enriching AAPL...

      at log (portfolio-parser.ts:1077:13)

  console.log
    ­ƒöì Processing AAPL (category: Unknown, shouldFetchETF: false)

      at log (etf-data-service.ts:595:11)

  console.log
    ­ƒôê Share/Stock detected: AAPL, fetching metadata and quote

      at log (etf-data-service.ts:701:13)

  console.log
    ­ƒôè Fetching data for AAPL (Direct metadata and quote fetch)...

      at log (etf-data-service.ts:599:13)

  console.log
    ­ƒôê Fetching asset metadata for share: AAPL

      at log (etf-data-service.ts:606:15)

  console.log
    Ô£à Asset metadata found for AAPL: {
      symbol: 'AAPL',
      name: 'AAPL',
      sector: 'Technology',
      country: 'United States',
      currency: 'USD',
      type: 'EQUITY',
      exchange: 'NMS'
    }

      at log (etf-data-service.ts:612:18)

  console.log
    Ô£à Converted asset metadata to ETF format for AAPL

      at log (etf-data-service.ts:627:18)

  console.log
    Cache hit for quote/AAPL

      at log (etf-data-service.ts:456:13)

  console.log
    Ô£à Direct metadata and quote fetch successful for AAPL (resolved to AAPL)

      at log (etf-data-service.ts:660:15)

  console.log
    Enrichment results for AAPL: { etfData: 'Found', quoteData: 'Found' }

      at log (portfolio-parser.ts:1093:15)

  console.log
    Enriching VWRL...

      at log (portfolio-parser.ts:1077:13)

  console.log
    ­ƒöì Processing VWRL (category: Unknown, shouldFetchETF: false)

      at log (etf-data-service.ts:595:11)

  console.log
    ­ƒôê Share/Stock detected: VWRL, fetching metadata and quote

      at log (etf-data-service.ts:701:13)

  console.log
    ­ƒôè Fetching data for VWRL (Direct metadata and quote fetch)...

      at log (etf-data-service.ts:599:13)

  console.log
    ­ƒôê Fetching asset metadata for share: VWRL

      at log (etf-data-service.ts:606:15)

  console.log
    Ô£à Asset metadata found for VWRL: {
      symbol: 'VWRL',
      name: 'VWRL',
      sector: 'Unknown',
      country: 'United States',
      currency: 'USD',
      type: 'EQUITY',
      exchange: 'NMS'
    }

      at log (etf-data-service.ts:612:18)

  console.log
    Ô£à Converted asset metadata to ETF format for VWRL

      at log (etf-data-service.ts:627:18)

  console.log
    Cache hit for quote/VWRL

      at log (etf-data-service.ts:456:13)

  console.log
    Ô£à Direct metadata and quote fetch successful for VWRL (resolved to VWRL)

      at log (etf-data-service.ts:660:15)

  console.log
    Enrichment results for VWRL: { etfData: 'Found', quoteData: 'Found' }

      at log (portfolio-parser.ts:1093:15)

  console.log
    Starting enhanced CSV parsing...

      at log (portfolio-parser.ts:154:11)

  console.log
    CSV preview (first 1000 chars): Symbol;Quantity;Price;Total Value CHF
    AAPL;10;150.00;1500.00
    VWRL;50;100.00;5000.00

      at log (portfolio-parser.ts:162:11)

  console.log
    Delimiter ',': score=0, consistent=true

      at log (portfolio-parser.ts:1055:13)

  console.log
    Delimiter ';': score=27, consistent=true

      at log (portfolio-parser.ts:1055:13)

  console.log
    Delimiter '	': score=0, consistent=true

      at log (portfolio-parser.ts:1055:13)

  console.log
    Delimiter '|': score=0, consistent=true

      at log (portfolio-parser.ts:1055:13)

  console.log
    Selected delimiter: ;

      at log (portfolio-parser.ts:1063:11)

  console.log
    CSV parsing completed with 3 rows

      at log (portfolio-parser.ts:178:11)

  console.log
    Sample rows: [
      [ 'Symbol', 'Quantity', 'Price', 'Total Value CHF' ],
      [ 'AAPL', '10', '150.00', '1500.00' ],
      [ 'VWRL', '50', '100.00', '5000.00' ]
    ]

      at log (portfolio-parser.ts:179:11)

  console.log
    Row 0 header match count: 5, content: symbol quantity price total value chf

      at log (portfolio-parser.ts:256:13)

  console.log
    Header found at row 0 : [ 'Symbol', 'Quantity', 'Price', 'Total Value CHF' ]

      at log (portfolio-parser.ts:262:15)

  console.log
    Column mapping: {
      symbol: 0,
      name: -1,
      quantity: 1,
      unitCost: 2,
      price: 2,
      currency: -1,
      category: -1,
      geography: -1,
      sector: -1,
      domicile: -1,
      totalCHF: 3,
      gainLoss: -1,
      gainLossPercent: -1,
      positionPercent: -1,
      dailyChange: -1
    }

      at log (portfolio-parser.ts:388:11)

  console.log
    parseSwissNumber input: "10"

      at log (portfolio-parser.ts:972:11)

  console.log
    parseSwissNumber after trim: "10"

      at log (portfolio-parser.ts:977:11)

  console.log
    parseSwissNumber after final cleaning: "10"

      at log (portfolio-parser.ts:1018:11)

  console.log
    parseSwissNumber final result: 10

      at log (portfolio-parser.ts:1021:11)

  console.log
    parseSwissNumber input: "150.00"

      at log (portfolio-parser.ts:972:11)

  console.log
    parseSwissNumber after trim: "150.00"

      at log (portfolio-parser.ts:977:11)

  console.log
    parseSwissNumber after final cleaning: "150.00"

      at log (portfolio-parser.ts:1018:11)

  console.log
    parseSwissNumber final result: 150

      at log (portfolio-parser.ts:1021:11)

  console.log
    parseSwissNumber input: "150.00"

      at log (portfolio-parser.ts:972:11)

  console.log
    parseSwissNumber after trim: "150.00"

      at log (portfolio-parser.ts:977:11)

  console.log
    parseSwissNumber after final cleaning: "150.00"

      at log (portfolio-parser.ts:1018:11)

  console.log
    parseSwissNumber final result: 150

      at log (portfolio-parser.ts:1021:11)

  console.log
    parseSwissNumber input: "1500.00"

      at log (portfolio-parser.ts:972:11)

  console.log
    parseSwissNumber after trim: "1500.00"

      at log (portfolio-parser.ts:977:11)

  console.log
    parseSwissNumber after final cleaning: "1500.00"

      at log (portfolio-parser.ts:1018:11)

  console.log
    parseSwissNumber final result: 1500

      at log (portfolio-parser.ts:1021:11)

  console.log
    Parsed values for AAPL: qty=10 (raw: "10"), price=150 (raw: "150.00"), currency=CHF, total=1500 (raw: "1500.00")

      at log (portfolio-parser.ts:472:13)

  console.log
    Ô£à Adding position: AAPL - 10 @ 150 CHF = 1500 CHF

      at log (portfolio-parser.ts:520:13)

  console.log
    parseSwissNumber input: "50"

      at log (portfolio-parser.ts:972:11)

  console.log
    parseSwissNumber after trim: "50"

      at log (portfolio-parser.ts:977:11)

  console.log
    parseSwissNumber after final cleaning: "50"

      at log (portfolio-parser.ts:1018:11)

  console.log
    parseSwissNumber final result: 50

      at log (portfolio-parser.ts:1021:11)

  console.log
    parseSwissNumber input: "100.00"

      at log (portfolio-parser.ts:972:11)

  console.log
    parseSwissNumber after trim: "100.00"

      at log (portfolio-parser.ts:977:11)

  console.log
    parseSwissNumber after final cleaning: "100.00"

      at log (portfolio-parser.ts:1018:11)

  console.log
    parseSwissNumber final result: 100

      at log (portfolio-parser.ts:1021:11)

  console.log
    parseSwissNumber input: "100.00"

      at log (portfolio-parser.ts:972:11)

  console.log
    parseSwissNumber after trim: "100.00"

      at log (portfolio-parser.ts:977:11)

  console.log
    parseSwissNumber after final cleaning: "100.00"

      at log (portfolio-parser.ts:1018:11)

  console.log
    parseSwissNumber final result: 100

      at log (portfolio-parser.ts:1021:11)

  console.log
    parseSwissNumber input: "5000.00"

      at log (portfolio-parser.ts:972:11)

  console.log
    parseSwissNumber after trim: "5000.00"

      at log (portfolio-parser.ts:977:11)

  console.log
    parseSwissNumber after final cleaning: "5000.00"

      at log (portfolio-parser.ts:1018:11)

  console.log
    parseSwissNumber final result: 5000

      at log (portfolio-parser.ts:1021:11)

  console.log
    Parsed values for VWRL: qty=50 (raw: "50"), price=100 (raw: "100.00"), currency=CHF, total=5000 (raw: "5000.00")

      at log (portfolio-parser.ts:472:13)

  console.log
    Ô£à Adding position: VWRL - 50 @ 100 CHF = 5000 CHF

      at log (portfolio-parser.ts:520:13)

  console.log
    Ô£à Parsed 2 positions from CSV

      at log (portfolio-parser.ts:545:11)

  console.log
    Total portfolio value: 6500 CHF (calculated: 6500, found: 0)

      at log (portfolio-parser.ts:556:11)

  console.log
    Enriching AAPL...

      at log (portfolio-parser.ts:1077:13)

  console.log
    ­ƒöì Processing AAPL (category: Unknown, shouldFetchETF: false)

      at log (etf-data-service.ts:595:11)

  console.log
    ­ƒôê Share/Stock detected: AAPL, fetching metadata and quote

      at log (etf-data-service.ts:701:13)

  console.log
    ­ƒôè Fetching data for AAPL (Direct metadata and quote fetch)...

      at log (etf-data-service.ts:599:13)

  console.log
    ­ƒôê Fetching asset metadata for share: AAPL

      at log (etf-data-service.ts:606:15)

  console.log
    Ô£à Asset metadata found for AAPL: {
      symbol: 'AAPL',
      name: 'AAPL',
      sector: 'Technology',
      country: 'United States',
      currency: 'USD',
      type: 'EQUITY',
      exchange: 'NMS'
    }

      at log (etf-data-service.ts:612:18)

  console.log
    Ô£à Converted asset metadata to ETF format for AAPL

      at log (etf-data-service.ts:627:18)

  console.log
    Cache hit for quote/AAPL

      at log (etf-data-service.ts:456:13)

  console.log
    Ô£à Direct metadata and quote fetch successful for AAPL (resolved to AAPL)

      at log (etf-data-service.ts:660:15)

  console.log
    Enrichment results for AAPL: { etfData: 'Found', quoteData: 'Found' }

      at log (portfolio-parser.ts:1093:15)

  console.log
    Enriching VWRL...

      at log (portfolio-parser.ts:1077:13)

  console.log
    ­ƒöì Processing VWRL (category: Unknown, shouldFetchETF: false)

      at log (etf-data-service.ts:595:11)

  console.log
    ­ƒôê Share/Stock detected: VWRL, fetching metadata and quote

      at log (etf-data-service.ts:701:13)

  console.log
    ­ƒôè Fetching data for VWRL (Direct metadata and quote fetch)...

      at log (etf-data-service.ts:599:13)

  console.log
    ­ƒôê Fetching asset metadata for share: VWRL

      at log (etf-data-service.ts:606:15)

  console.log
    Ô£à Asset metadata found for VWRL: {
      symbol: 'VWRL',
      name: 'VWRL',
      sector: 'Unknown',
      country: 'United States',
      currency: 'USD',
      type: 'EQUITY',
      exchange: 'NMS'
    }

      at log (etf-data-service.ts:612:18)

  console.log
    Ô£à Converted asset metadata to ETF format for VWRL

      at log (etf-data-service.ts:627:18)

  console.log
    Cache hit for quote/VWRL

      at log (etf-data-service.ts:456:13)

  console.log
    Ô£à Direct metadata and quote fetch successful for VWRL (resolved to VWRL)

      at log (etf-data-service.ts:660:15)

  console.log
    Enrichment results for VWRL: { etfData: 'Found', quoteData: 'Found' }

      at log (portfolio-parser.ts:1093:15)

  console.log
    Starting enhanced CSV parsing...

      at log (portfolio-parser.ts:154:11)

  console.log
    CSV preview (first 1000 chars): Symbol,Name,Quantity,Price,Currency,Total Value,Category
    AAPL,Apple Inc.,10,150.00,USD,1500.00,Actions
    VWRL.L,Vanguard ETF,50,100.00,USD

      at log (portfolio-parser.ts:162:11)

  console.log
    Delimiter ',': score=29, consistent=false

      at log (portfolio-parser.ts:1055:13)

  console.log
    Delimiter ';': score=0, consistent=true

      at log (portfolio-parser.ts:1055:13)

  console.log
    Delimiter '	': score=0, consistent=true

      at log (portfolio-parser.ts:1055:13)

  console.log
    Delimiter '|': score=0, consistent=true

      at log (portfolio-parser.ts:1055:13)

  console.log
    Selected delimiter: ,

      at log (portfolio-parser.ts:1063:11)

  console.log
    CSV parsing completed with 3 rows

      at log (portfolio-parser.ts:178:11)

  console.log
    Sample rows: [
      [
        'Symbol',
        'Name',
        'Quantity',
        'Price',
        'Currency',
        'Total Value',
        'Category'
      ],
      [ 'AAPL', 'Apple Inc.', '10', '150.00', 'USD', '1500.00', 'Actions' ],
      [ 'VWRL.L', 'Vanguard ETF', '50', '100.00', 'USD' ]
    ]

      at log (portfolio-parser.ts:179:11)

  console.log
    Row 0 header match count: 6, content: symbol name quantity price currency total value category

      at log (portfolio-parser.ts:256:13)

  console.log
    Header found at row 0 : [
      'Symbol',
      'Name',
      'Quantity',
      'Price',
      'Currency',
      'Total Value',
      'Category'
    ]

      at log (portfolio-parser.ts:262:15)

  console.log
    Column mapping: {
      symbol: 0,
      name: 1,
      quantity: 2,
      unitCost: 3,
      price: 3,
      currency: 4,
      category: 6,
      geography: -1,
      sector: -1,
      domicile: -1,
      totalCHF: 5,
      gainLoss: -1,
      gainLossPercent: -1,
      positionPercent: -1,
      dailyChange: -1
    }

      at log (portfolio-parser.ts:388:11)

  console.log
    parseSwissNumber input: "10"

      at log (portfolio-parser.ts:972:11)

  console.log
    parseSwissNumber after trim: "10"

      at log (portfolio-parser.ts:977:11)

  console.log
    parseSwissNumber after final cleaning: "10"

      at log (portfolio-parser.ts:1018:11)

  console.log
    parseSwissNumber final result: 10

      at log (portfolio-parser.ts:1021:11)

  console.log
    parseSwissNumber input: "150.00"

      at log (portfolio-parser.ts:972:11)

  console.log
    parseSwissNumber after trim: "150.00"

      at log (portfolio-parser.ts:977:11)

  console.log
    parseSwissNumber after final cleaning: "150.00"

      at log (portfolio-parser.ts:1018:11)

  console.log
    parseSwissNumber final result: 150

      at log (portfolio-parser.ts:1021:11)

  console.log
    parseSwissNumber input: "150.00"

      at log (portfolio-parser.ts:972:11)

  console.log
    parseSwissNumber after trim: "150.00"

      at log (portfolio-parser.ts:977:11)

  console.log
    parseSwissNumber after final cleaning: "150.00"

      at log (portfolio-parser.ts:1018:11)

  console.log
    parseSwissNumber final result: 150

      at log (portfolio-parser.ts:1021:11)

  console.log
    parseSwissNumber input: "1500.00"

      at log (portfolio-parser.ts:972:11)

  console.log
    parseSwissNumber after trim: "1500.00"

      at log (portfolio-parser.ts:977:11)

  console.log
    parseSwissNumber after final cleaning: "1500.00"

      at log (portfolio-parser.ts:1018:11)

  console.log
    parseSwissNumber final result: 1500

      at log (portfolio-parser.ts:1021:11)

  console.log
    Parsed values for AAPL: qty=10 (raw: "10"), price=150 (raw: "150.00"), currency=USD, total=1500 (raw: "1500.00")

      at log (portfolio-parser.ts:472:13)

  console.log
    Ô£à Adding position: AAPL - 10 @ 150 USD = 1500 CHF

      at log (portfolio-parser.ts:520:13)

  console.log
    parseSwissNumber input: "50"

      at log (portfolio-parser.ts:972:11)

  console.log
    parseSwissNumber after trim: "50"

      at log (portfolio-parser.ts:977:11)

  console.log
    parseSwissNumber after final cleaning: "50"

      at log (portfolio-parser.ts:1018:11)

  console.log
    parseSwissNumber final result: 50

      at log (portfolio-parser.ts:1021:11)

  console.log
    parseSwissNumber input: "100.00"

      at log (portfolio-parser.ts:972:11)

  console.log
    parseSwissNumber after trim: "100.00"

      at log (portfolio-parser.ts:977:11)

  console.log
    parseSwissNumber after final cleaning: "100.00"

      at log (portfolio-parser.ts:1018:11)

  console.log
    parseSwissNumber final result: 100

      at log (portfolio-parser.ts:1021:11)

  console.log
    parseSwissNumber input: "100.00"

      at log (portfolio-parser.ts:972:11)

  console.log
    parseSwissNumber after trim: "100.00"

      at log (portfolio-parser.ts:977:11)

  console.log
    parseSwissNumber after final cleaning: "100.00"

      at log (portfolio-parser.ts:1018:11)

  console.log
    parseSwissNumber final result: 100

      at log (portfolio-parser.ts:1021:11)

  console.log
    Parsed values for VWRL.L: qty=50 (raw: "50"), price=100 (raw: "100.00"), currency=USD, total=0 (raw: "undefined")

      at log (portfolio-parser.ts:472:13)

  console.log
    Calculated total for VWRL.L: 4600 (original total was invalid or missing).

      at log (portfolio-parser.ts:491:15)

  console.log
    Ô£à Adding position: VWRL.L - 50 @ 100 USD = 4600 CHF

      at log (portfolio-parser.ts:520:13)

  console.log
    Ô£à Parsed 2 positions from CSV

      at log (portfolio-parser.ts:545:11)

  console.log
    Total portfolio value: 6100 CHF (calculated: 6100, found: 0)

      at log (portfolio-parser.ts:556:11)

  console.log
    Enriching AAPL...

      at log (portfolio-parser.ts:1077:13)

  console.log
    ­ƒöì Processing AAPL (category: Actions, shouldFetchETF: false)

      at log (etf-data-service.ts:595:11)

  console.log
    ­ƒôê Share/Stock detected: AAPL, fetching metadata and quote

      at log (etf-data-service.ts:701:13)

  console.log
    ­ƒôè Fetching data for AAPL (Direct metadata and quote fetch)...

      at log (etf-data-service.ts:599:13)

  console.log
    ­ƒôê Fetching asset metadata for share: AAPL

      at log (etf-data-service.ts:606:15)

  console.log
    Ô£à Asset metadata found for AAPL: {
      symbol: 'AAPL',
      name: 'AAPL',
      sector: 'Technology',
      country: 'United States',
      currency: 'USD',
      type: 'EQUITY',
      exchange: 'NMS'
    }

      at log (etf-data-service.ts:612:18)

  console.log
    Ô£à Converted asset metadata to ETF format for AAPL

      at log (etf-data-service.ts:627:18)

  console.log
    Cache hit for quote/AAPL

      at log (etf-data-service.ts:456:13)

  console.log
    Ô£à Direct metadata and quote fetch successful for AAPL (resolved to AAPL)

      at log (etf-data-service.ts:660:15)

  console.log
    Enrichment results for AAPL: { etfData: 'Found', quoteData: 'Found' }

      at log (portfolio-parser.ts:1093:15)

  console.log
    Enriching VWRL.L...

      at log (portfolio-parser.ts:1077:13)

  console.log
    ­ƒöì Processing VWRL.L (category: Unknown, shouldFetchETF: false)

      at log (etf-data-service.ts:595:11)

  console.log
    ­ƒôê Share/Stock detected: VWRL.L, fetching metadata and quote

      at log (etf-data-service.ts:701:13)

  console.log
    ­ƒôè Fetching data for VWRL.L (Direct metadata and quote fetch)...

      at log (etf-data-service.ts:599:13)

  console.log
    ­ƒôê Fetching asset metadata for share: VWRL.L

      at log (etf-data-service.ts:606:15)

  console.log
    ­ƒôè Fetching share metadata for VWRL.L with session

      at ShareMetadataService.log [as getShareMetadataWithSession] (lib/share-metadata-service.ts:58:13)

  console.log
    ­ƒöù Making API call to: /api/yahoo/share-metadata/VWRL.L

      at ShareMetadataService.log [as getShareMetadataWithSession] (lib/share-metadata-service.ts:66:15)

  console.log
    Mocking fetch for: /api/yahoo/share-metadata/VWRL.L

      at log (jest.setup.js:17:11)

  console.error
    ÔØî Error fetching share metadata for VWRL.L: Error: Unhandled fetch request: /api/yahoo/share-metadata/VWRL.L
        at C:\Users\nazgu\IdeaProjects\v0-portfolio-allocation-analyzer\jest.setup.js:79:25
        at C:\Users\nazgu\IdeaProjects\v0-portfolio-allocation-analyzer\node_modules\jest-environment-jsdom\node_modules\jest-mock\build\index.js:397:39
        at C:\Users\nazgu\IdeaProjects\v0-portfolio-allocation-analyzer\node_modules\jest-environment-jsdom\node_modules\jest-mock\build\index.js:404:13
        at mockConstructor (C:\Users\nazgu\IdeaProjects\v0-portfolio-allocation-analyzer\node_modules\jest-environment-jsdom\node_modules\jest-mock\build\index.js:103:19)
        at ShareMetadataService.fetch [as getShareMetadataWithSession] (C:\Users\nazgu\IdeaProjects\v0-portfolio-allocation-analyzer\lib\share-metadata-service.ts:68:30)
        at fetchDataForSymbol (C:\Users\nazgu\IdeaProjects\v0-portfolio-allocation-analyzer\etf-data-service.ts:609:30)
        at resolveSymbolAndFetchData (C:\Users\nazgu\IdeaProjects\v0-portfolio-allocation-analyzer\etf-data-service.ts:703:9)
        at enrichPositionsWithAPIData (C:\Users\nazgu\IdeaProjects\v0-portfolio-allocation-analyzer\portfolio-parser.ts:1091:38)
        at parsePortfolioCsv (C:\Users\nazgu\IdeaProjects\v0-portfolio-allocation-analyzer\portfolio-parser.ts:561:29)
        at Object.<anonymous> (C:\Users\nazgu\IdeaProjects\v0-portfolio-allocation-analyzer\__tests__\unit\portfolio-parser-simple.test.ts:111:22)

    [0m [90m 83 |[39m       
     [90m 84 |[39m     } [36mcatch[39m (error) {
    [31m[1m>[22m[39m[90m 85 |[39m       console[33m.[39merror([32m`ÔØî Error fetching share metadata for ${symbol}:`[39m[33m,[39m error)
     [90m    |[39m               [31m[1m^[22m[39m
     [90m 86 |[39m     }
     [90m 87 |[39m
     [90m 88 |[39m     [90m// Return fallback with better inference[39m[0m

      at ShareMetadataService.error [as getShareMetadataWithSession] (lib/share-metadata-service.ts:85:15)
      at fetchDataForSymbol (etf-data-service.ts:609:30)
      at resolveSymbolAndFetchData (etf-data-service.ts:703:9)
      at enrichPositionsWithAPIData (portfolio-parser.ts:1091:38)
      at parsePortfolioCsv (portfolio-parser.ts:561:29)
      at Object.<anonymous> (__tests__/unit/portfolio-parser-simple.test.ts:111:22)

  console.log
    ­ƒöä Using fallback metadata for VWRL.L

      at ShareMetadataService.log [as getShareMetadataWithSession] (lib/share-metadata-service.ts:89:13)

  console.log
    Ô£à Asset metadata found for VWRL.L: {
      symbol: 'VWRL.L',
      name: 'VWRL.L',
      sector: 'Unknown',
      country: 'United States',
      currency: 'USD',
      type: 'EQUITY',
      exchange: 'NMS'
    }

      at log (etf-data-service.ts:612:18)

  console.log
    Ô£à Converted asset metadata to ETF format for VWRL.L

      at log (etf-data-service.ts:627:18)

  console.log
    Cache miss for quote/VWRL.L, fetching from API...

      at log (etf-data-service.ts:460:11)

  console.log
    Mocking fetch for: /api/yahoo/quote/VWRL.L

      at log (jest.setup.js:17:11)

  console.log
    Ô£à Direct metadata and quote fetch successful for VWRL.L (resolved to VWRL.L)

      at log (etf-data-service.ts:660:15)

  console.log
    Enrichment results for VWRL.L: { etfData: 'Found', quoteData: 'Found' }

      at log (portfolio-parser.ts:1093:15)

  console.log
    Starting enhanced CSV parsing...

      at log (portfolio-parser.ts:154:11)

  console.log
    CSV preview (first 1000 chars): Symbol,Name,Quantity,Price,Currency,Total Value,Category
    AAPL,Apple Inc.,invalid,150.00,USD,1500.00,Actions

      at log (portfolio-parser.ts:162:11)

  console.log
    Delimiter ',': score=24, consistent=true

      at log (portfolio-parser.ts:1055:13)

  console.log
    Delimiter ';': score=0, consistent=true

      at log (portfolio-parser.ts:1055:13)

  console.log
    Delimiter '	': score=0, consistent=true

      at log (portfolio-parser.ts:1055:13)

  console.log
    Delimiter '|': score=0, consistent=true

      at log (portfolio-parser.ts:1055:13)

  console.log
    Selected delimiter: ,

      at log (portfolio-parser.ts:1063:11)

  console.log
    CSV parsing completed with 2 rows

      at log (portfolio-parser.ts:178:11)

  console.log
    Sample rows: [
      [
        'Symbol',
        'Name',
        'Quantity',
        'Price',
        'Currency',
        'Total Value',
        'Category'
      ],
      [
        'AAPL',
        'Apple Inc.',
        'invalid',
        '150.00',
        'USD',
        '1500.00',
        'Actions'
      ]
    ]

      at log (portfolio-parser.ts:179:11)

  console.log
    Row 0 header match count: 6, content: symbol name quantity price currency total value category

      at log (portfolio-parser.ts:256:13)

  console.log
    Header found at row 0 : [
      'Symbol',
      'Name',
      'Quantity',
      'Price',
      'Currency',
      'Total Value',
      'Category'
    ]

      at log (portfolio-parser.ts:262:15)

  console.log
    Column mapping: {
      symbol: 0,
      name: 1,
      quantity: 2,
      unitCost: 3,
      price: 3,
      currency: 4,
      category: 6,
      geography: -1,
      sector: -1,
      domicile: -1,
      totalCHF: 5,
      gainLoss: -1,
      gainLossPercent: -1,
      positionPercent: -1,
      dailyChange: -1
    }

      at log (portfolio-parser.ts:388:11)

  console.log
    parseSwissNumber input: "invalid"

      at log (portfolio-parser.ts:972:11)

  console.log
    parseSwissNumber after trim: "invalid"

      at log (portfolio-parser.ts:977:11)

  console.log
    parseSwissNumber after final cleaning: ""

      at log (portfolio-parser.ts:1018:11)

  console.log
    parseSwissNumber final result: NaN

      at log (portfolio-parser.ts:1021:11)

  console.log
    parseSwissNumber input: "150.00"

      at log (portfolio-parser.ts:972:11)

  console.log
    parseSwissNumber after trim: "150.00"

      at log (portfolio-parser.ts:977:11)

  console.log
    parseSwissNumber after final cleaning: "150.00"

      at log (portfolio-parser.ts:1018:11)

  console.log
    parseSwissNumber final result: 150

      at log (portfolio-parser.ts:1021:11)

  console.log
    parseSwissNumber input: "150.00"

      at log (portfolio-parser.ts:972:11)

  console.log
    parseSwissNumber after trim: "150.00"

      at log (portfolio-parser.ts:977:11)

  console.log
    parseSwissNumber after final cleaning: "150.00"

      at log (portfolio-parser.ts:1018:11)

  console.log
    parseSwissNumber final result: 150

      at log (portfolio-parser.ts:1021:11)

  console.log
    parseSwissNumber input: "1500.00"

      at log (portfolio-parser.ts:972:11)

  console.log
    parseSwissNumber after trim: "1500.00"

      at log (portfolio-parser.ts:977:11)

  console.log
    parseSwissNumber after final cleaning: "1500.00"

      at log (portfolio-parser.ts:1018:11)

  console.log
    parseSwissNumber final result: 1500

      at log (portfolio-parser.ts:1021:11)

  console.log
    Parsed values for AAPL: qty=0 (raw: "invalid"), price=150 (raw: "150.00"), currency=USD, total=1500 (raw: "1500.00")

      at log (portfolio-parser.ts:472:13)

  console.log
    Skipping AAPL at row 1: invalid quantity (0).

      at log (portfolio-parser.ts:478:15)

  console.log
    Ô£à Parsed 0 positions from CSV

      at log (portfolio-parser.ts:545:11)

  console.log
    No valid positions found, returning empty data structure

      at log (portfolio-parser.ts:548:13)

  console.log
    Starting enhanced CSV parsing...

      at log (portfolio-parser.ts:154:11)

  console.log
    CSV preview (first 1000 chars): Symbol,Quantity,Price,Total Value CHF
    AAPL,10,150.00,1500.00

      at log (portfolio-parser.ts:162:11)

  console.log
    Delimiter ',': score=18, consistent=true

      at log (portfolio-parser.ts:1055:13)

  console.log
    Delimiter ';': score=0, consistent=true

      at log (portfolio-parser.ts:1055:13)

  console.log
    Delimiter '	': score=0, consistent=true

      at log (portfolio-parser.ts:1055:13)

  console.log
    Delimiter '|': score=0, consistent=true

      at log (portfolio-parser.ts:1055:13)

  console.log
    Selected delimiter: ,

      at log (portfolio-parser.ts:1063:11)

  console.log
    CSV parsing completed with 2 rows

      at log (portfolio-parser.ts:178:11)

  console.log
    Sample rows: [
      [ 'Symbol', 'Quantity', 'Price', 'Total Value CHF' ],
      [ 'AAPL', '10', '150.00', '1500.00' ]
    ]

      at log (portfolio-parser.ts:179:11)

  console.log
    Row 0 header match count: 5, content: symbol quantity price total value chf

      at log (portfolio-parser.ts:256:13)

  console.log
    Header found at row 0 : [ 'Symbol', 'Quantity', 'Price', 'Total Value CHF' ]

      at log (portfolio-parser.ts:262:15)

  console.log
    Column mapping: {
      symbol: 0,
      name: -1,
      quantity: 1,
      unitCost: 2,
      price: 2,
      currency: -1,
      category: -1,
      geography: -1,
      sector: -1,
      domicile: -1,
      totalCHF: 3,
      gainLoss: -1,
      gainLossPercent: -1,
      positionPercent: -1,
      dailyChange: -1
    }

      at log (portfolio-parser.ts:388:11)

  console.log
    parseSwissNumber input: "10"

      at log (portfolio-parser.ts:972:11)

  console.log
    parseSwissNumber after trim: "10"

      at log (portfolio-parser.ts:977:11)

  console.log
    parseSwissNumber after final cleaning: "10"

      at log (portfolio-parser.ts:1018:11)

  console.log
    parseSwissNumber final result: 10

      at log (portfolio-parser.ts:1021:11)

  console.log
    parseSwissNumber input: "150.00"

      at log (portfolio-parser.ts:972:11)

  console.log
    parseSwissNumber after trim: "150.00"

      at log (portfolio-parser.ts:977:11)

  console.log
    parseSwissNumber after final cleaning: "150.00"

      at log (portfolio-parser.ts:1018:11)

  console.log
    parseSwissNumber final result: 150

      at log (portfolio-parser.ts:1021:11)

  console.log
    parseSwissNumber input: "150.00"

      at log (portfolio-parser.ts:972:11)

  console.log
    parseSwissNumber after trim: "150.00"

      at log (portfolio-parser.ts:977:11)

  console.log
    parseSwissNumber after final cleaning: "150.00"

      at log (portfolio-parser.ts:1018:11)

  console.log
    parseSwissNumber final result: 150

      at log (portfolio-parser.ts:1021:11)

  console.log
    parseSwissNumber input: "1500.00"

      at log (portfolio-parser.ts:972:11)

  console.log
    parseSwissNumber after trim: "1500.00"

      at log (portfolio-parser.ts:977:11)

  console.log
    parseSwissNumber after final cleaning: "1500.00"

      at log (portfolio-parser.ts:1018:11)

  console.log
    parseSwissNumber final result: 1500

      at log (portfolio-parser.ts:1021:11)

  console.log
    Parsed values for AAPL: qty=10 (raw: "10"), price=150 (raw: "150.00"), currency=CHF, total=1500 (raw: "1500.00")

      at log (portfolio-parser.ts:472:13)

  console.log
    Ô£à Adding position: AAPL - 10 @ 150 CHF = 1500 CHF

      at log (portfolio-parser.ts:520:13)

  console.log
    Ô£à Parsed 1 positions from CSV

      at log (portfolio-parser.ts:545:11)

  console.log
    Total portfolio value: 1500 CHF (calculated: 1500, found: 0)

      at log (portfolio-parser.ts:556:11)

  console.log
    Enriching AAPL...

      at log (portfolio-parser.ts:1077:13)

  console.log
    ­ƒöì Processing AAPL (category: Unknown, shouldFetchETF: false)

      at log (etf-data-service.ts:595:11)

  console.log
    ­ƒôê Share/Stock detected: AAPL, fetching metadata and quote

      at log (etf-data-service.ts:701:13)

  console.log
    ­ƒôè Fetching data for AAPL (Direct metadata and quote fetch)...

      at log (etf-data-service.ts:599:13)

  console.log
    ­ƒôê Fetching asset metadata for share: AAPL

      at log (etf-data-service.ts:606:15)

  console.log
    Ô£à Asset metadata found for AAPL: {
      symbol: 'AAPL',
      name: 'AAPL',
      sector: 'Technology',
      country: 'United States',
      currency: 'USD',
      type: 'EQUITY',
      exchange: 'NMS'
    }

      at log (etf-data-service.ts:612:18)

  console.log
    Ô£à Converted asset metadata to ETF format for AAPL

      at log (etf-data-service.ts:627:18)

  console.log
    Cache hit for quote/AAPL

      at log (etf-data-service.ts:456:13)

  console.log
    Ô£à Direct metadata and quote fetch successful for AAPL (resolved to AAPL)

      at log (etf-data-service.ts:660:15)

  console.log
    Enrichment results for AAPL: { etfData: 'Found', quoteData: 'Found' }

      at log (portfolio-parser.ts:1093:15)

PASS __tests__/unit/portfolio-parser-simple.test.ts
  Portfolio Parser - Simplified Unit Tests
    parsePortfolioCsv
      ÔêÜ should parse basic CSV with standard headers (818 ms)
      ÔêÜ should handle empty CSV content (3 ms)
      ÔêÜ should handle CSV with only headers (21 ms)
      ÔêÜ should parse Swiss number formats (340 ms)
      ÔêÜ should calculate total portfolio value correctly (90 ms)
      ÔêÜ should generate allocation data (75 ms)
      ÔêÜ should handle missing total value and calculate it (58 ms)
      ÔêÜ should handle different delimiters (65 ms)
      ÔêÜ should validate required fields (283 ms)
      ÔêÜ should handle malformed CSV data (38 ms)
    Data Structure Validation
      ÔêÜ should return valid SwissPortfolioData structure (45 ms)

PASS __tests__/integration/csv-upload-workflow.test.tsx
  CSV Upload Workflow Integration Tests
    Component Rendering
      ÔêÜ should render the portfolio analyzer component (155 ms)
      ÔêÜ should render tabs correctly (88 ms)
      ÔêÜ should render analyze button (25 ms)
    Tab Switching
      ÔêÜ should switch between upload and paste tabs (59 ms)
    Error Handling
      ÔêÜ should handle parsing errors gracefully (23 ms)
    Component Integration
      ÔêÜ should render file upload helper component (24 ms)
      ÔêÜ should render supported formats information (25 ms)
      ÔêÜ should render component description (17 ms)

  console.warn
    The width(0) and height(0) of chart should be greater than 0,
           please check the style of container, or the props width(100%) and height(100%),
           or add a minWidth(0) or minHeight(undefined) or use aspect(undefined) to control the
           height and width.

    [0m [90m 182 |[39m   describe([32m"Portfolio Display with defaultData"[39m[33m,[39m () [33m=>[39m {
     [90m 183 |[39m     it([32m"should render portfolio summary with correct data"[39m[33m,[39m () [33m=>[39m {
    [31m[1m>[22m[39m[90m 184 |[39m       render([33m<[39m[33mPortfolioAnalyzer[39m defaultData[33m=[39m{mockPortfolioData} [33m/[39m[33m>[39m)
     [90m     |[39m             [31m[1m^[22m[39m
     [90m 185 |[39m       
     [90m 186 |[39m       expect(screen[33m.[39mgetByTestId([32m"portfolio-summary"[39m))[33m.[39mtoBeInTheDocument()
     [90m 187 |[39m       expect(screen[33m.[39mgetByText([35m/Analysis of your portfolio with 2 positions/[39m))[33m.[39mtoBeInTheDocument()[0m

      at warn (node_modules/recharts/lib/util/LogUtils.js:22:17)
      at node_modules/recharts/lib/component/ResponsiveContainer.js:118:24
      at updateMemo (node_modules/react-dom/cjs/react-dom-client.development.js:6621:19)
      at Object.useMemo (node_modules/react-dom/cjs/react-dom-client.development.js:23182:18)
      at Object.<anonymous>.process.env.NODE_ENV.exports.useMemo (node_modules/react/cjs/react.development.js:1210:34)
      at node_modules/recharts/lib/component/ResponsiveContainer.js:91:41
      at Object.react_stack_bottom_frame (node_modules/react-dom/cjs/react-dom-client.development.js:23863:20)
      at renderWithHooks (node_modules/react-dom/cjs/react-dom-client.development.js:5529:22)
      at updateForwardRef (node_modules/react-dom/cjs/react-dom-client.development.js:8645:19)
      at beginWork (node_modules/react-dom/cjs/react-dom-client.development.js:10861:18)
      at runWithFiberInDEV (node_modules/react-dom/cjs/react-dom-client.development.js:1522:13)
      at performUnitOfWork (node_modules/react-dom/cjs/react-dom-client.development.js:15140:22)
      at workLoopSync (node_modules/react-dom/cjs/react-dom-client.development.js:14956:41)
      at renderRootSync (node_modules/react-dom/cjs/react-dom-client.development.js:14936:11)
      at performWorkOnRoot (node_modules/react-dom/cjs/react-dom-client.development.js:14419:13)
      at performSyncWorkOnRoot (node_modules/react-dom/cjs/react-dom-client.development.js:16231:7)
      at flushSyncWorkAcrossRoots_impl (node_modules/react-dom/cjs/react-dom-client.development.js:16079:21)
      at flushSpawnedWork (node_modules/react-dom/cjs/react-dom-client.development.js:15677:9)
      at commitRoot (node_modules/react-dom/cjs/react-dom-client.development.js:15403:9)
      at performWorkOnRoot (node_modules/react-dom/cjs/react-dom-client.development.js:14526:15)
      at performWorkOnRootViaSchedulerTask (node_modules/react-dom/cjs/react-dom-client.development.js:16216:7)
      at flushActQueue (node_modules/react/cjs/react.development.js:566:34)
      at Object.<anonymous>.process.env.NODE_ENV.exports.act (node_modules/react/cjs/react.development.js:860:10)
      at node_modules/@testing-library/react/dist/act-compat.js:47:25
      at renderRoot (node_modules/@testing-library/react/dist/pure.js:180:26)
      at render (node_modules/@testing-library/react/dist/pure.js:271:10)
      at Object.<anonymous> (__tests__/components/portfolio-analyzer.test.tsx:184:13)

  console.warn
    The width(0) and height(0) of chart should be greater than 0,
           please check the style of container, or the props width(100%) and height(100%),
           or add a minWidth(0) or minHeight(undefined) or use aspect(undefined) to control the
           height and width.

    [0m [90m 182 |[39m   describe([32m"Portfolio Display with defaultData"[39m[33m,[39m () [33m=>[39m {
     [90m 183 |[39m     it([32m"should render portfolio summary with correct data"[39m[33m,[39m () [33m=>[39m {
    [31m[1m>[22m[39m[90m 184 |[39m       render([33m<[39m[33mPortfolioAnalyzer[39m defaultData[33m=[39m{mockPortfolioData} [33m/[39m[33m>[39m)
     [90m     |[39m             [31m[1m^[22m[39m
     [90m 185 |[39m       
     [90m 186 |[39m       expect(screen[33m.[39mgetByTestId([32m"portfolio-summary"[39m))[33m.[39mtoBeInTheDocument()
     [90m 187 |[39m       expect(screen[33m.[39mgetByText([35m/Analysis of your portfolio with 2 positions/[39m))[33m.[39mtoBeInTheDocument()[0m

      at warn (node_modules/recharts/lib/util/LogUtils.js:22:17)
      at node_modules/recharts/lib/component/ResponsiveContainer.js:118:24
      at updateMemo (node_modules/react-dom/cjs/react-dom-client.development.js:6621:19)
      at Object.useMemo (node_modules/react-dom/cjs/react-dom-client.development.js:23182:18)
      at Object.<anonymous>.process.env.NODE_ENV.exports.useMemo (node_modules/react/cjs/react.development.js:1210:34)
      at node_modules/recharts/lib/component/ResponsiveContainer.js:91:41
      at Object.react_stack_bottom_frame (node_modules/react-dom/cjs/react-dom-client.development.js:23863:20)
      at renderWithHooks (node_modules/react-dom/cjs/react-dom-client.development.js:5529:22)
      at updateForwardRef (node_modules/react-dom/cjs/react-dom-client.development.js:8645:19)
      at beginWork (node_modules/react-dom/cjs/react-dom-client.development.js:10861:18)
      at runWithFiberInDEV (node_modules/react-dom/cjs/react-dom-client.development.js:1522:13)
      at performUnitOfWork (node_modules/react-dom/cjs/react-dom-client.development.js:15140:22)
      at workLoopSync (node_modules/react-dom/cjs/react-dom-client.development.js:14956:41)
      at renderRootSync (node_modules/react-dom/cjs/react-dom-client.development.js:14936:11)
      at performWorkOnRoot (node_modules/react-dom/cjs/react-dom-client.development.js:14419:13)
      at performSyncWorkOnRoot (node_modules/react-dom/cjs/react-dom-client.development.js:16231:7)
      at flushSyncWorkAcrossRoots_impl (node_modules/react-dom/cjs/react-dom-client.development.js:16079:21)
      at flushSpawnedWork (node_modules/react-dom/cjs/react-dom-client.development.js:15677:9)
      at commitRoot (node_modules/react-dom/cjs/react-dom-client.development.js:15403:9)
      at performWorkOnRoot (node_modules/react-dom/cjs/react-dom-client.development.js:14526:15)
      at performWorkOnRootViaSchedulerTask (node_modules/react-dom/cjs/react-dom-client.development.js:16216:7)
      at flushActQueue (node_modules/react/cjs/react.development.js:566:34)
      at Object.<anonymous>.process.env.NODE_ENV.exports.act (node_modules/react/cjs/react.development.js:860:10)
      at node_modules/@testing-library/react/dist/act-compat.js:47:25
      at renderRoot (node_modules/@testing-library/react/dist/pure.js:180:26)
      at render (node_modules/@testing-library/react/dist/pure.js:271:10)
      at Object.<anonymous> (__tests__/components/portfolio-analyzer.test.tsx:184:13)

  console.warn
    The width(0) and height(0) of chart should be greater than 0,
           please check the style of container, or the props width(100%) and height(100%),
           or add a minWidth(0) or minHeight(undefined) or use aspect(undefined) to control the
           height and width.

    [0m [90m 182 |[39m   describe([32m"Portfolio Display with defaultData"[39m[33m,[39m () [33m=>[39m {
     [90m 183 |[39m     it([32m"should render portfolio summary with correct data"[39m[33m,[39m () [33m=>[39m {
    [31m[1m>[22m[39m[90m 184 |[39m       render([33m<[39m[33mPortfolioAnalyzer[39m defaultData[33m=[39m{mockPortfolioData} [33m/[39m[33m>[39m)
     [90m     |[39m             [31m[1m^[22m[39m
     [90m 185 |[39m       
     [90m 186 |[39m       expect(screen[33m.[39mgetByTestId([32m"portfolio-summary"[39m))[33m.[39mtoBeInTheDocument()
     [90m 187 |[39m       expect(screen[33m.[39mgetByText([35m/Analysis of your portfolio with 2 positions/[39m))[33m.[39mtoBeInTheDocument()[0m

      at warn (node_modules/recharts/lib/util/LogUtils.js:22:17)
      at node_modules/recharts/lib/component/ResponsiveContainer.js:118:24
      at updateMemo (node_modules/react-dom/cjs/react-dom-client.development.js:6621:19)
      at Object.useMemo (node_modules/react-dom/cjs/react-dom-client.development.js:23182:18)
      at Object.<anonymous>.process.env.NODE_ENV.exports.useMemo (node_modules/react/cjs/react.development.js:1210:34)
      at node_modules/recharts/lib/component/ResponsiveContainer.js:91:41
      at Object.react_stack_bottom_frame (node_modules/react-dom/cjs/react-dom-client.development.js:23863:20)
      at renderWithHooks (node_modules/react-dom/cjs/react-dom-client.development.js:5529:22)
      at updateForwardRef (node_modules/react-dom/cjs/react-dom-client.development.js:8645:19)
      at beginWork (node_modules/react-dom/cjs/react-dom-client.development.js:10861:18)
      at runWithFiberInDEV (node_modules/react-dom/cjs/react-dom-client.development.js:1522:13)
      at performUnitOfWork (node_modules/react-dom/cjs/react-dom-client.development.js:15140:22)
      at workLoopSync (node_modules/react-dom/cjs/react-dom-client.development.js:14956:41)
      at renderRootSync (node_modules/react-dom/cjs/react-dom-client.development.js:14936:11)
      at performWorkOnRoot (node_modules/react-dom/cjs/react-dom-client.development.js:14419:13)
      at performSyncWorkOnRoot (node_modules/react-dom/cjs/react-dom-client.development.js:16231:7)
      at flushSyncWorkAcrossRoots_impl (node_modules/react-dom/cjs/react-dom-client.development.js:16079:21)
      at flushSpawnedWork (node_modules/react-dom/cjs/react-dom-client.development.js:15677:9)
      at commitRoot (node_modules/react-dom/cjs/react-dom-client.development.js:15403:9)
      at performWorkOnRoot (node_modules/react-dom/cjs/react-dom-client.development.js:14526:15)
      at performWorkOnRootViaSchedulerTask (node_modules/react-dom/cjs/react-dom-client.development.js:16216:7)
      at flushActQueue (node_modules/react/cjs/react.development.js:566:34)
      at Object.<anonymous>.process.env.NODE_ENV.exports.act (node_modules/react/cjs/react.development.js:860:10)
      at node_modules/@testing-library/react/dist/act-compat.js:47:25
      at renderRoot (node_modules/@testing-library/react/dist/pure.js:180:26)
      at render (node_modules/@testing-library/react/dist/pure.js:271:10)
      at Object.<anonymous> (__tests__/components/portfolio-analyzer.test.tsx:184:13)

  console.warn
    The width(0) and height(0) of chart should be greater than 0,
           please check the style of container, or the props width(100%) and height(100%),
           or add a minWidth(0) or minHeight(undefined) or use aspect(undefined) to control the
           height and width.

    [0m [90m 182 |[39m   describe([32m"Portfolio Display with defaultData"[39m[33m,[39m () [33m=>[39m {
     [90m 183 |[39m     it([32m"should render portfolio summary with correct data"[39m[33m,[39m () [33m=>[39m {
    [31m[1m>[22m[39m[90m 184 |[39m       render([33m<[39m[33mPortfolioAnalyzer[39m defaultData[33m=[39m{mockPortfolioData} [33m/[39m[33m>[39m)
     [90m     |[39m             [31m[1m^[22m[39m
     [90m 185 |[39m       
     [90m 186 |[39m       expect(screen[33m.[39mgetByTestId([32m"portfolio-summary"[39m))[33m.[39mtoBeInTheDocument()
     [90m 187 |[39m       expect(screen[33m.[39mgetByText([35m/Analysis of your portfolio with 2 positions/[39m))[33m.[39mtoBeInTheDocument()[0m

      at warn (node_modules/recharts/lib/util/LogUtils.js:22:17)
      at node_modules/recharts/lib/component/ResponsiveContainer.js:118:24
      at updateMemo (node_modules/react-dom/cjs/react-dom-client.development.js:6621:19)
      at Object.useMemo (node_modules/react-dom/cjs/react-dom-client.development.js:23182:18)
      at Object.<anonymous>.process.env.NODE_ENV.exports.useMemo (node_modules/react/cjs/react.development.js:1210:34)
      at node_modules/recharts/lib/component/ResponsiveContainer.js:91:41
      at Object.react_stack_bottom_frame (node_modules/react-dom/cjs/react-dom-client.development.js:23863:20)
      at renderWithHooks (node_modules/react-dom/cjs/react-dom-client.development.js:5529:22)
      at updateForwardRef (node_modules/react-dom/cjs/react-dom-client.development.js:8645:19)
      at beginWork (node_modules/react-dom/cjs/react-dom-client.development.js:10861:18)
      at runWithFiberInDEV (node_modules/react-dom/cjs/react-dom-client.development.js:1522:13)
      at performUnitOfWork (node_modules/react-dom/cjs/react-dom-client.development.js:15140:22)
      at workLoopSync (node_modules/react-dom/cjs/react-dom-client.development.js:14956:41)
      at renderRootSync (node_modules/react-dom/cjs/react-dom-client.development.js:14936:11)
      at performWorkOnRoot (node_modules/react-dom/cjs/react-dom-client.development.js:14419:13)
      at performSyncWorkOnRoot (node_modules/react-dom/cjs/react-dom-client.development.js:16231:7)
      at flushSyncWorkAcrossRoots_impl (node_modules/react-dom/cjs/react-dom-client.development.js:16079:21)
      at flushSpawnedWork (node_modules/react-dom/cjs/react-dom-client.development.js:15677:9)
      at commitRoot (node_modules/react-dom/cjs/react-dom-client.development.js:15403:9)
      at performWorkOnRoot (node_modules/react-dom/cjs/react-dom-client.development.js:14526:15)
      at performWorkOnRootViaSchedulerTask (node_modules/react-dom/cjs/react-dom-client.development.js:16216:7)
      at flushActQueue (node_modules/react/cjs/react.development.js:566:34)
      at Object.<anonymous>.process.env.NODE_ENV.exports.act (node_modules/react/cjs/react.development.js:860:10)
      at node_modules/@testing-library/react/dist/act-compat.js:47:25
      at renderRoot (node_modules/@testing-library/react/dist/pure.js:180:26)
      at render (node_modules/@testing-library/react/dist/pure.js:271:10)
      at Object.<anonymous> (__tests__/components/portfolio-analyzer.test.tsx:184:13)

  console.warn
    The width(0) and height(0) of chart should be greater than 0,
           please check the style of container, or the props width(100%) and height(100%),
           or add a minWidth(0) or minHeight(undefined) or use aspect(undefined) to control the
           height and width.

    [0m [90m 182 |[39m   describe([32m"Portfolio Display with defaultData"[39m[33m,[39m () [33m=>[39m {
     [90m 183 |[39m     it([32m"should render portfolio summary with correct data"[39m[33m,[39m () [33m=>[39m {
    [31m[1m>[22m[39m[90m 184 |[39m       render([33m<[39m[33mPortfolioAnalyzer[39m defaultData[33m=[39m{mockPortfolioData} [33m/[39m[33m>[39m)
     [90m     |[39m             [31m[1m^[22m[39m
     [90m 185 |[39m       
     [90m 186 |[39m       expect(screen[33m.[39mgetByTestId([32m"portfolio-summary"[39m))[33m.[39mtoBeInTheDocument()
     [90m 187 |[39m       expect(screen[33m.[39mgetByText([35m/Analysis of your portfolio with 2 positions/[39m))[33m.[39mtoBeInTheDocument()[0m

      at warn (node_modules/recharts/lib/util/LogUtils.js:22:17)
      at node_modules/recharts/lib/component/ResponsiveContainer.js:118:24
      at updateMemo (node_modules/react-dom/cjs/react-dom-client.development.js:6621:19)
      at Object.useMemo (node_modules/react-dom/cjs/react-dom-client.development.js:23182:18)
      at Object.<anonymous>.process.env.NODE_ENV.exports.useMemo (node_modules/react/cjs/react.development.js:1210:34)
      at node_modules/recharts/lib/component/ResponsiveContainer.js:91:41
      at Object.react_stack_bottom_frame (node_modules/react-dom/cjs/react-dom-client.development.js:23863:20)
      at renderWithHooks (node_modules/react-dom/cjs/react-dom-client.development.js:5529:22)
      at updateForwardRef (node_modules/react-dom/cjs/react-dom-client.development.js:8645:19)
      at beginWork (node_modules/react-dom/cjs/react-dom-client.development.js:10861:18)
      at runWithFiberInDEV (node_modules/react-dom/cjs/react-dom-client.development.js:1522:13)
      at performUnitOfWork (node_modules/react-dom/cjs/react-dom-client.development.js:15140:22)
      at workLoopSync (node_modules/react-dom/cjs/react-dom-client.development.js:14956:41)
      at renderRootSync (node_modules/react-dom/cjs/react-dom-client.development.js:14936:11)
      at performWorkOnRoot (node_modules/react-dom/cjs/react-dom-client.development.js:14419:13)
      at performSyncWorkOnRoot (node_modules/react-dom/cjs/react-dom-client.development.js:16231:7)
      at flushSyncWorkAcrossRoots_impl (node_modules/react-dom/cjs/react-dom-client.development.js:16079:21)
      at flushSpawnedWork (node_modules/react-dom/cjs/react-dom-client.development.js:15677:9)
      at commitRoot (node_modules/react-dom/cjs/react-dom-client.development.js:15403:9)
      at performWorkOnRoot (node_modules/react-dom/cjs/react-dom-client.development.js:14526:15)
      at performWorkOnRootViaSchedulerTask (node_modules/react-dom/cjs/react-dom-client.development.js:16216:7)
      at flushActQueue (node_modules/react/cjs/react.development.js:566:34)
      at Object.<anonymous>.process.env.NODE_ENV.exports.act (node_modules/react/cjs/react.development.js:860:10)
      at node_modules/@testing-library/react/dist/act-compat.js:47:25
      at renderRoot (node_modules/@testing-library/react/dist/pure.js:180:26)
      at render (node_modules/@testing-library/react/dist/pure.js:271:10)
      at Object.<anonymous> (__tests__/components/portfolio-analyzer.test.tsx:184:13)

  console.warn
    The width(0) and height(0) are both fixed numbers,
           maybe you don't need to use a ResponsiveContainer.

    [0m [90m 182 |[39m   describe([32m"Portfolio Display with defaultData"[39m[33m,[39m () [33m=>[39m {
     [90m 183 |[39m     it([32m"should render portfolio summary with correct data"[39m[33m,[39m () [33m=>[39m {
    [31m[1m>[22m[39m[90m 184 |[39m       render([33m<[39m[33mPortfolioAnalyzer[39m defaultData[33m=[39m{mockPortfolioData} [33m/[39m[33m>[39m)
     [90m     |[39m             [31m[1m^[22m[39m
     [90m 185 |[39m       
     [90m 186 |[39m       expect(screen[33m.[39mgetByTestId([32m"portfolio-summary"[39m))[33m.[39mtoBeInTheDocument()
     [90m 187 |[39m       expect(screen[33m.[39mgetByText([35m/Analysis of your portfolio with 2 positions/[39m))[33m.[39mtoBeInTheDocument()[0m

      at warn (node_modules/recharts/lib/util/LogUtils.js:22:17)
      at node_modules/recharts/lib/component/ResponsiveContainer.js:99:24
      at updateMemo (node_modules/react-dom/cjs/react-dom-client.development.js:6621:19)
      at Object.useMemo (node_modules/react-dom/cjs/react-dom-client.development.js:23182:18)
      at Object.<anonymous>.process.env.NODE_ENV.exports.useMemo (node_modules/react/cjs/react.development.js:1210:34)
      at node_modules/recharts/lib/component/ResponsiveContainer.js:91:41
      at Object.react_stack_bottom_frame (node_modules/react-dom/cjs/react-dom-client.development.js:23863:20)
      at renderWithHooks (node_modules/react-dom/cjs/react-dom-client.development.js:5529:22)
      at updateForwardRef (node_modules/react-dom/cjs/react-dom-client.development.js:8645:19)
      at beginWork (node_modules/react-dom/cjs/react-dom-client.development.js:10861:18)
      at runWithFiberInDEV (node_modules/react-dom/cjs/react-dom-client.development.js:1522:13)
      at performUnitOfWork (node_modules/react-dom/cjs/react-dom-client.development.js:15140:22)
      at workLoopSync (node_modules/react-dom/cjs/react-dom-client.development.js:14956:41)
      at renderRootSync (node_modules/react-dom/cjs/react-dom-client.development.js:14936:11)
      at performWorkOnRoot (node_modules/react-dom/cjs/react-dom-client.development.js:14419:13)
      at performWorkOnRootViaSchedulerTask (node_modules/react-dom/cjs/react-dom-client.development.js:16216:7)
      at flushActQueue (node_modules/react/cjs/react.development.js:566:34)
      at Object.<anonymous>.process.env.NODE_ENV.exports.act (node_modules/react/cjs/react.development.js:860:10)
      at node_modules/@testing-library/react/dist/act-compat.js:47:25
      at renderRoot (node_modules/@testing-library/react/dist/pure.js:180:26)
      at render (node_modules/@testing-library/react/dist/pure.js:271:10)
      at Object.<anonymous> (__tests__/components/portfolio-analyzer.test.tsx:184:13)

  console.warn
    The width(0) and height(0) of chart should be greater than 0,
           please check the style of container, or the props width(0) and height(0),
           or add a minWidth(0) or minHeight(undefined) or use aspect(undefined) to control the
           height and width.

    [0m [90m 182 |[39m   describe([32m"Portfolio Display with defaultData"[39m[33m,[39m () [33m=>[39m {
     [90m 183 |[39m     it([32m"should render portfolio summary with correct data"[39m[33m,[39m () [33m=>[39m {
    [31m[1m>[22m[39m[90m 184 |[39m       render([33m<[39m[33mPortfolioAnalyzer[39m defaultData[33m=[39m{mockPortfolioData} [33m/[39m[33m>[39m)
     [90m     |[39m             [31m[1m^[22m[39m
     [90m 185 |[39m       
     [90m 186 |[39m       expect(screen[33m.[39mgetByTestId([32m"portfolio-summary"[39m))[33m.[39mtoBeInTheDocument()
     [90m 187 |[39m       expect(screen[33m.[39mgetByText([35m/Analysis of your portfolio with 2 positions/[39m))[33m.[39mtoBeInTheDocument()[0m

      at warn (node_modules/recharts/lib/util/LogUtils.js:22:17)
      at node_modules/recharts/lib/component/ResponsiveContainer.js:118:24
      at updateMemo (node_modules/react-dom/cjs/react-dom-client.development.js:6621:19)
      at Object.useMemo (node_modules/react-dom/cjs/react-dom-client.development.js:23182:18)
      at Object.<anonymous>.process.env.NODE_ENV.exports.useMemo (node_modules/react/cjs/react.development.js:1210:34)
      at node_modules/recharts/lib/component/ResponsiveContainer.js:91:41
      at Object.react_stack_bottom_frame (node_modules/react-dom/cjs/react-dom-client.development.js:23863:20)
      at renderWithHooks (node_modules/react-dom/cjs/react-dom-client.development.js:5529:22)
      at updateForwardRef (node_modules/react-dom/cjs/react-dom-client.development.js:8645:19)
      at beginWork (node_modules/react-dom/cjs/react-dom-client.development.js:10861:18)
      at runWithFiberInDEV (node_modules/react-dom/cjs/react-dom-client.development.js:1522:13)
      at performUnitOfWork (node_modules/react-dom/cjs/react-dom-client.development.js:15140:22)
      at workLoopSync (node_modules/react-dom/cjs/react-dom-client.development.js:14956:41)
      at renderRootSync (node_modules/react-dom/cjs/react-dom-client.development.js:14936:11)
      at performWorkOnRoot (node_modules/react-dom/cjs/react-dom-client.development.js:14419:13)
      at performWorkOnRootViaSchedulerTask (node_modules/react-dom/cjs/react-dom-client.development.js:16216:7)
      at flushActQueue (node_modules/react/cjs/react.development.js:566:34)
      at Object.<anonymous>.process.env.NODE_ENV.exports.act (node_modules/react/cjs/react.development.js:860:10)
      at node_modules/@testing-library/react/dist/act-compat.js:47:25
      at renderRoot (node_modules/@testing-library/react/dist/pure.js:180:26)
      at render (node_modules/@testing-library/react/dist/pure.js:271:10)
      at Object.<anonymous> (__tests__/components/portfolio-analyzer.test.tsx:184:13)

FAIL __tests__/e2e/user-workflows.test.tsx
  End-to-End User Workflows
    Component Rendering
      ÔêÜ should render the main portfolio analyzer component (161 ms)
      ÔêÜ should render upload and paste tabs (33 ms)
      ÔêÜ should render analyze button in disabled state initially (67 ms)
    Tab Switching
      ÔêÜ should switch between upload and paste tabs (69 ms)
    File Upload Interface
      ÔêÜ should render file upload helper (21 ms)
      ÔêÜ should show supported formats information (19 ms)
    Text Input Interface
      ├ù should render text input area when paste tab is active (44 ms)
    Component Integration
      ÔêÜ should integrate all components properly (22 ms)
      ÔêÜ should maintain consistent UI structure (22 ms)
    Error Handling
      ÔêÜ should handle component rendering gracefully (21 ms)
      ÔêÜ should handle tab switching without errors (27 ms)
    Accessibility
      ÔêÜ should have proper ARIA attributes (39 ms)
      ÔêÜ should be keyboard accessible (22 ms)

  ÔùÅ End-to-End User Workflows ÔÇ║ Text Input Interface ÔÇ║ should render text input area when paste tab 
is active

    TestingLibraryElementError: Unable to find an element with the text: /paste your portfolio data 
here/i. This could be because the text is broken up by multiple elements. In this case, you can provide a 
function for your text matcher to make your matcher more flexible.

    Ignored nodes: comments, script, style
    [36m<body>[39m
      [36m<div>[39m
        [36m<div[39m
          [33mclass[39m=[32m"flex min-h-screen w-full flex-col items-center bg-gray-100 p-4 
dark:bg-gray-950"[39m
        [36m>[39m
          [36m<div[39m
            [33mclass[39m=[32m"rounded-xl border bg-card text-card-foreground shadow w-full 
max-w-4xl"[39m
          [36m>[39m
            [36m<div[39m
              [33mclass[39m=[32m"flex flex-col space-y-1.5 p-6"[39m
            [36m>[39m
              [36m<h3[39m
                [33mclass[39m=[32m"tracking-tight text-3xl font-bold"[39m
              [36m>[39m
                [0mSwiss Portfolio Analyzer[0m
              [36m</h3>[39m
              [36m<p[39m
                [33mclass[39m=[32m"text-sm text-muted-foreground"[39m
              [36m>[39m
                [0mUpload your Swiss bank PDF/CSV or paste text to get a detailed portfolio analysis.[0m
              [36m</p>[39m
            [36m</div>[39m
            [36m<div[39m
              [33mclass[39m=[32m"p-6 pt-0 space-y-6"[39m
            [36m>[39m
              [36m<div[39m
                [33mdata-orientation[39m=[32m"horizontal"[39m
                [33mdir[39m=[32m"ltr"[39m
              [36m>[39m
                [36m<div[39m
                  [33maria-orientation[39m=[32m"horizontal"[39m
                  [33mclass[39m=[32m"h-10 items-center justify-center rounded-md bg-muted p-1 
text-muted-foreground grid w-full grid-cols-2"[39m
                  [33mdata-orientation[39m=[32m"horizontal"[39m
                  [33mrole[39m=[32m"tablist"[39m
                  [33mstyle[39m=[32m"outline: none;"[39m
                  [33mtabindex[39m=[32m"0"[39m
                [36m>[39m
                  [36m<button[39m
                    [33maria-controls[39m=[32m"radix-┬½ri┬╗-content-upload"[39m
                    [33maria-selected[39m=[32m"true"[39m
                    [33mclass[39m=[32m"inline-flex items-center justify-center whitespace-nowrap 
rounded-sm px-3 py-1.5 text-sm font-medium ring-offset-background transition-all 
focus-visible:outline-none focus-visible:ring-2 focus-visible:ring-ring focus-visible:ring-offset-2 
disabled:pointer-events-none disabled:opacity-50 data-[state=active]:bg-background 
data-[state=active]:text-foreground data-[state=active]:shadow-sm"[39m
                    [33mdata-orientation[39m=[32m"horizontal"[39m
                    [33mdata-radix-collection-item[39m=[32m""[39m
                    [33mdata-state[39m=[32m"active"[39m
                    [33mid[39m=[32m"radix-┬½ri┬╗-trigger-upload"[39m
                    [33mrole[39m=[32m"tab"[39m
                    [33mtabindex[39m=[32m"-1"[39m
                    [33mtype[39m=[32m"button"[39m
                  [36m>[39m
                    [0mUpload File[0m
                  [36m</button>[39m
                  [36m<button[39m
                    [33maria-controls[39m=[32m"radix-┬½ri┬╗-content-paste"[39m
                    [33maria-selected[39m=[32m"false"[39m
                    [33mclass[39m=[32m"inline-flex items-center justify-center whitespace-nowrap 
rounded-sm px-3 py-1.5 text-sm font-medium ring-offset-background transition-all 
focus-visible:outline-none focus-visible:ring-2 focus-visible:ring-ring focus-visible:ring-offset-2 
disabled:pointer-events-none disabled:opacity-50 data-[state=active]:bg-background 
data-[state=active]:text-foreground data-[state=active]:shadow-sm"[39m
                    [33mdata-orientation[39m=[32m"horizontal"[39m
                    [33mdata-radix-collection-item[39m=[32m""[39m
                    [33mdata-state[39m=[32m"inactive"[39m
                    [33mid[39m=[32m"radix-┬½ri┬╗-trigger-paste"[39m
                    [33mrole[39m=[32m"tab"[39m
                    [33mtabindex[39m=[32m"-1"[39m
                    [33mtype[39m=[32m"button"[39m
                  [36m>[39m
                    [0mPaste Text[0m
                  [36m</button>[39m
                [36m</div>[39m
                [36m<div[39m
                  [33maria-labelledby[39m=[32m"radix-┬½ri┬╗-trigger-upload"[39m
                  [33mclass[39m=[32m"mt-2 ring-offset-background focus-visible:outline-none 
focus-visible:ring-2 focus-visible:ring-ring focus-visible:ring-offset-2 space-y-4"[39m
                  [33mdata-orientation[39m=[32m"horizontal"[39m
                  [33mdata-state[39m=[32m"active"[39m
                  [33mid[39m=[32m"radix-┬½ri┬╗-content-upload"[39m
                  [33mrole[39m=[32m"tabpanel"[39m
                  [33mstyle[39m=[32m"animation-duration: 0s;"[39m
                  [33mtabindex[39m=[32m"0"[39m
                [36m>[39m
                  [36m<div[39m
                    [33mclass[39m=[32m"rounded-xl border bg-card text-card-foreground shadow w-full 
max-w-2xl mx-auto"[39m
                  [36m>[39m
                    [36m<div[39m
                      [33mclass[39m=[32m"flex flex-col space-y-1.5 p-6"[39m
                    [36m>[39m
                      [36m<h3[39m
                        [33mclass[39m=[32m"font-semibold leading-none tracking-tight"[39m
                      [36m>[39m
                        [0mUpload Portfolio CSV[0m
                      [36m</h3>[39m
                      [36m<p[39m
                        [33mclass[39m=[32m"text-sm text-muted-foreground"[39m
                      [36m>[39m
                        [0mDrag and drop your CSV file here, or click to select.[0m
                      [36m</p>[39m
                    [36m</div>[39m
                    [36m<div[39m
                      [33mclass[39m=[32m"p-6 pt-0 space-y-4"[39m
                    [36m>[39m
                      [36m<div[39m
                        [33mclass[39m=[32m"border-2 border-dashed border-gray-300 rounded-lg p-8 
text-center cursor-pointer hover:border-gray-400 transition-colors"[39m
                        [33mrole[39m=[32m"presentation"[39m
                        [33mtabindex[39m=[32m"0"[39m
                      [36m>[39m
                        [36m<input[39m
                          [33maccept[39m=[32m"text/csv,.csv"[39m
                          [33mstyle[39m=[32m"border: 0px; clip: rect(0px, 0px, 0px, 0px); clip-path: 
inset(50%); height: 1px; margin: 0px -1px -1px 0px; overflow: hidden; padding: 0px; position: absolute; 
width: 1px; white-space: nowrap;"[39m
                          [33mtabindex[39m=[32m"-1"[39m
                          [33mtype[39m=[32m"file"[39m
                        [36m/>[39m
                        [36m<div[39m
                          [33mclass[39m=[32m"flex flex-col items-center justify-center space-y-2"[39m
                        [36m>[39m
                          [36m<svg[39m
                            [33mclass[39m=[32m"lucide lucide-cloud-upload w-12 h-12 text-gray-400"[39m
                            [33mfill[39m=[32m"none"[39m
                            [33mheight[39m=[32m"24"[39m
                            [33mstroke[39m=[32m"currentColor"[39m
                            [33mstroke-linecap[39m=[32m"round"[39m
                            [33mstroke-linejoin[39m=[32m"round"[39m
                            [33mstroke-width[39m=[32m"2"[39m
                            [33mviewBox[39m=[32m"0 0 24 24"[39m
                            [33mwidth[39m=[32m"24"[39m
                            [33mxmlns[39m=[32m"http://www.w3.org/2000/svg"[39m
                          [36m>[39m
                            [36m<path[39m
                              [33md[39m=[32m"M12 13v8"[39m
                            [36m/>[39m
                            [36m<path[39m
                              [33md[39m=[32m"M4 14.899A7 7 0 1 1 15.71 8h1.79a4.5 4.5 0 0 1 2.5 
8.242"[39m
                            [36m/>[39m
                            [36m<path[39m
                              [33md[39m=[32m"m8 17 4-4 4 4"[39m
                            [36m/>[39m
                          [36m</svg>[39m
                          [36m<p[39m
                            [33mclass[39m=[32m"text-gray-600"[39m
  console.warn
    The width(0) and height(0) are both fixed numbers,
           maybe you don't need to use a ResponsiveContainer.

    [0m [90m 182 |[39m   describe([32m"Portfolio Display with defaultData"[39m[33m,[39m () [33m=>[39m {
     [90m 183 |[39m     it([32m"should render portfolio summary with correct data"[39m[33m,[39m () [33m=>[39m {
    [31m[1m>[22m[39m[90m 184 |[39m       render([33m<[39m[33mPortfolioAnalyzer[39m defaultData[33m=[39m{mockPortfolioData} [33m/[39m[33m>[39m)
     [90m     |[39m             [31m[1m^[22m[39m
     [90m 185 |[39m       
     [90m 186 |[39m       expect(screen[33m.[39mgetByTestId([32m"portfolio-summary"[39m))[33m.[39mtoBeInTheDocument()
     [90m 187 |[39m       expect(screen[33m.[39mgetByText([35m/Analysis of your portfolio with 2 positions/[39m))[33m.[39mtoBeInTheDocument()[0m

      at warn (node_modules/recharts/lib/util/LogUtils.js:22:17)
      at node_modules/recharts/lib/component/ResponsiveContainer.js:99:24
      at updateMemo (node_modules/react-dom/cjs/react-dom-client.development.js:6621:19)
      at Object.useMemo (node_modules/react-dom/cjs/react-dom-client.development.js:23182:18)
      at Object.<anonymous>.process.env.NODE_ENV.exports.useMemo (node_modules/react/cjs/react.development.js:1210:34)
      at node_modules/recharts/lib/component/ResponsiveContainer.js:91:41
      at Object.react_stack_bottom_frame (node_modules/react-dom/cjs/react-dom-client.development.js:23863:20)
      at renderWithHooks (node_modules/react-dom/cjs/react-dom-client.development.js:5529:22)
      at updateForwardRef (node_modules/react-dom/cjs/react-dom-client.development.js:8645:19)
      at beginWork (node_modules/react-dom/cjs/react-dom-client.development.js:10861:18)
      at runWithFiberInDEV (node_modules/react-dom/cjs/react-dom-client.development.js:1522:13)
      at performUnitOfWork (node_modules/react-dom/cjs/react-dom-client.development.js:15140:22)
      at workLoopSync (node_modules/react-dom/cjs/react-dom-client.development.js:14956:41)
      at renderRootSync (node_modules/react-dom/cjs/react-dom-client.development.js:14936:11)
      at performWorkOnRoot (node_modules/react-dom/cjs/react-dom-client.development.js:14419:13)
      at performWorkOnRootViaSchedulerTask (node_modules/react-dom/cjs/react-dom-client.development.js:16216:7)
      at flushActQueue (node_modules/react/cjs/react.development.js:566:34)
      at Object.<anonymous>.process.env.NODE_ENV.exports.act (node_modules/react/cjs/react.development.js:860:10)
      at node_modules/@testing-library/react/dist/act-compat.js:47:25
      at renderRoot (node_modules/@testing-library/react/dist/pure.js:180:26)
      at render (node_modules/@testing-library/react/dist/pure.js:271:10)
      at Object.<anonymous> (__tests__/components/portfolio-analyzer.test.tsx:184:13)

                          [36m>[39m
                            [0mDrag 'n' drop a CSV file here, or click to select one[0m
                          [36m</p>[39m
                          [36m<button[39m
                            [33mclass[39m=[32m"inline-flex items-center justify-center 
whitespace-nowrap rounded-md text-sm font-medium ring-offset-background transition-colors 
focus-visible:outline-none focus-visible:ring-2 focus-visible:ring-ring focus-visible:ring-offset-2 
disabled:pointer-events-none disabled:opacity-50 border border-input hover:bg-accent 
hover:text-accent-foreground h-10 px-4 py-2 mt-2 bg-transparent"[39m
                            [33mtype[39m=[32m"button"[39m
                          [36m>[39m
                            [0mSelect File[0m
                          [36m</button>[39m
  console.warn
    The width(0) and height(0) of chart should be greater than 0,
           please check the style of container, or the props width(0) and height(0),
           or add a minWidth(0) or minHeight(undefined) or use aspect(undefined) to control the
           height and width.

    [0m [90m 182 |[39m   describe([32m"Portfolio Display with defaultData"[39m[33m,[39m () [33m=>[39m {
     [90m 183 |[39m     it([32m"should render portfolio summary with correct data"[39m[33m,[39m () [33m=>[39m {
    [31m[1m>[22m[39m[90m 184 |[39m       render([33m<[39m[33mPortfolioAnalyzer[39m defaultData[33m=[39m{mockPortfolioData} [33m/[39m[33m>[39m)
     [90m     |[39m             [31m[1m^[22m[39m
     [90m 185 |[39m       
     [90m 186 |[39m       expect(screen[33m.[39mgetByTestId([32m"portfolio-summary"[39m))[33m.[39mtoBeInTheDocument()
     [90m 187 |[39m       expect(screen[33m.[39mgetByText([35m/Analysis of your portfolio with 2 positions/[39m))[33m.[39mtoBeInTheDocument()[0m

      at warn (node_modules/recharts/lib/util/LogUtils.js:22:17)
      at node_modules/recharts/lib/component/ResponsiveContainer.js:118:24
      at updateMemo (node_modules/react-dom/cjs/react-dom-client.development.js:6621:19)
      at Object.useMemo (node_modules/react-dom/cjs/react-dom-client.development.js:23182:18)
      at Object.<anonymous>.process.env.NODE_ENV.exports.useMemo (node_modules/react/cjs/react.development.js:1210:34)
      at node_modules/recharts/lib/component/ResponsiveContainer.js:91:41
      at Object.react_stack_bottom_frame (node_modules/react-dom/cjs/react-dom-client.development.js:23863:20)
      at renderWithHooks (node_modules/react-dom/cjs/react-dom-client.development.js:5529:22)
                        [36m</div>[39m
                      [36m</div>[39m
                      [36m<div[39m
                        [33mclass[39m=[32m"text-center text-sm text-gray-500 mt-4"[39m
                      [36m>[39m
                        [36m<p>[39m
                          [0mSupported formats: CSV (.csv)[0m
                        [36m</p>[39m
                        [36m<p>[39m
                          [0mFor best results, ensure your CSV includes columns like Symbol, Quantity, 
Price, and Currency.[0m
                        [36m</p>[39m
                      [36m</div>[39m
                    [36m</div>[39m
                  [36m</div>[39m
                [36m</div>[39m
                [36m<div[39m
                  [33maria-labelledby[39m=[32m"radix-┬½ri┬╗-trigger-paste"[39m
                  [33mclass[39m=[32m"mt-2 ring-offset-background focus-visible:outline-none 
focus-visible:ring-2 focus-visible:ring-ring focus-visible:ring-offset-2 space-y-4"[39m
                  [33mdata-orientation[39m=[32m"horizontal"[39m
                  [33mdata-state[39m=[32m"inactive"[39m
                  [33mhidden[39m=[32m""[39m
                  [33mid[39m=[32m"radix-┬½ri┬╗-content-paste"[39m
                  [33mrole[39m=[32m"tabpanel"[39m
                  [33mtabindex[39m=[32m"0"[39m
                [36m/>[39m
              [36m</div>[39m
              [36m<button[39m
                [33mclass[39m=[32m"inline-flex items-center justify-center whitespace-nowrap rounded-md 
text-sm font-medium ring-offset-background transition-colors focus-visible:outline-none 
focus-visible:ring-2 focus-visible:ring-ring focus-visible:ring-offset-2 disabled:pointer-events-none 
disabled:opacity-50 bg-primary text-primary-foreground hover:bg-primary/90 h-10 px-4 py-2 w-full"[39m
                [33mdisabled[39m=[32m""[39m
              [36m>[39m
                [0mAnalyze Portfolio[0m
              [36m</button>[39m
            [36m</div>[39m
          [36m</div>[39m
        [36m</div>[39m
      [36m</div>[39m
    [36m</body>[39m

    [0m [90m 87 |[39m       
     [90m 88 |[39m       [90m// The textarea should be available for input[39m
    [31m[1m>[22m[39m[90m 89 |[39m       expect(screen[33m.[39mgetByText([35m/paste your portfolio 
data here/i[39m))[33m.[39mtoBeInTheDocument()
     [90m    |[39m                     [31m[1m^[22m[39m
     [90m 90 |[39m     })
     [90m 91 |[39m   })
     [90m 92 |[39m[0m

      at Object.getElementError 
(node_modules/@testing-library/react/node_modules/@testing-library/dom/dist/config.js:37:19)
      at node_modules/@testing-library/react/node_modules/@testing-library/dom/dist/query-helpers.js:76:38
      at node_modules/@testing-library/react/node_modules/@testing-library/dom/dist/query-helpers.js:52:17
      at node_modules/@testing-library/react/node_modules/@testing-library/dom/dist/query-helpers.js:95:19
      at Object.getByText (__tests__/e2e/user-workflows.test.tsx:89:21)

      at updateForwardRef (node_modules/react-dom/cjs/react-dom-client.development.js:8645:19)
      at beginWork (node_modules/react-dom/cjs/react-dom-client.development.js:10861:18)
      at runWithFiberInDEV (node_modules/react-dom/cjs/react-dom-client.development.js:1522:13)
      at performUnitOfWork (node_modules/react-dom/cjs/react-dom-client.development.js:15140:22)
      at workLoopSync (node_modules/react-dom/cjs/react-dom-client.development.js:14956:41)
      at renderRootSync (node_modules/react-dom/cjs/react-dom-client.development.js:14936:11)
      at performWorkOnRoot (node_modules/react-dom/cjs/react-dom-client.development.js:14419:13)
      at performWorkOnRootViaSchedulerTask (node_modules/react-dom/cjs/react-dom-client.development.js:16216:7)
      at flushActQueue (node_modules/react/cjs/react.development.js:566:34)
      at Object.<anonymous>.process.env.NODE_ENV.exports.act (node_modules/react/cjs/react.development.js:860:10)
      at node_modules/@testing-library/react/dist/act-compat.js:47:25
      at renderRoot (node_modules/@testing-library/react/dist/pure.js:180:26)
      at render (node_modules/@testing-library/react/dist/pure.js:271:10)
      at Object.<anonymous> (__tests__/components/portfolio-analyzer.test.tsx:184:13)

  console.warn
    The width(0) and height(0) are both fixed numbers,
           maybe you don't need to use a ResponsiveContainer.

    [0m [90m 182 |[39m   describe([32m"Portfolio Display with defaultData"[39m[33m,[39m () [33m=>[39m {
     [90m 183 |[39m     it([32m"should render portfolio summary with correct data"[39m[33m,[39m () [33m=>[39m {
    [31m[1m>[22m[39m[90m 184 |[39m       render([33m<[39m[33mPortfolioAnalyzer[39m defaultData[33m=[39m{mockPortfolioData} [33m/[39m[33m>[39m)
     [90m     |[39m             [31m[1m^[22m[39m
     [90m 185 |[39m       
     [90m 186 |[39m       expect(screen[33m.[39mgetByTestId([32m"portfolio-summary"[39m))[33m.[39mtoBeInTheDocument()
     [90m 187 |[39m       expect(screen[33m.[39mgetByText([35m/Analysis of your portfolio with 2 positions/[39m))[33m.[39mtoBeInTheDocument()[0m

      at warn (node_modules/recharts/lib/util/LogUtils.js:22:17)
      at node_modules/recharts/lib/component/ResponsiveContainer.js:99:24
      at updateMemo (node_modules/react-dom/cjs/react-dom-client.development.js:6621:19)
      at Object.useMemo (node_modules/react-dom/cjs/react-dom-client.development.js:23182:18)
      at Object.<anonymous>.process.env.NODE_ENV.exports.useMemo (node_modules/react/cjs/react.development.js:1210:34)
      at node_modules/recharts/lib/component/ResponsiveContainer.js:91:41
      at Object.react_stack_bottom_frame (node_modules/react-dom/cjs/react-dom-client.development.js:23863:20)
      at renderWithHooks (node_modules/react-dom/cjs/react-dom-client.development.js:5529:22)
      at updateForwardRef (node_modules/react-dom/cjs/react-dom-client.development.js:8645:19)
      at beginWork (node_modules/react-dom/cjs/react-dom-client.development.js:10861:18)
      at runWithFiberInDEV (node_modules/react-dom/cjs/react-dom-client.development.js:1522:13)
      at performUnitOfWork (node_modules/react-dom/cjs/react-dom-client.development.js:15140:22)
      at workLoopSync (node_modules/react-dom/cjs/react-dom-client.development.js:14956:41)
      at renderRootSync (node_modules/react-dom/cjs/react-dom-client.development.js:14936:11)
      at performWorkOnRoot (node_modules/react-dom/cjs/react-dom-client.development.js:14419:13)
      at performWorkOnRootViaSchedulerTask (node_modules/react-dom/cjs/react-dom-client.development.js:16216:7)
      at flushActQueue (node_modules/react/cjs/react.development.js:566:34)
      at Object.<anonymous>.process.env.NODE_ENV.exports.act (node_modules/react/cjs/react.development.js:860:10)
      at node_modules/@testing-library/react/dist/act-compat.js:47:25
      at renderRoot (node_modules/@testing-library/react/dist/pure.js:180:26)
      at render (node_modules/@testing-library/react/dist/pure.js:271:10)
      at Object.<anonymous> (__tests__/components/portfolio-analyzer.test.tsx:184:13)

  console.warn
    The width(0) and height(0) of chart should be greater than 0,
           please check the style of container, or the props width(0) and height(0),
           or add a minWidth(0) or minHeight(undefined) or use aspect(undefined) to control the
           height and width.

    [0m [90m 182 |[39m   describe([32m"Portfolio Display with defaultData"[39m[33m,[39m () [33m=>[39m {
     [90m 183 |[39m     it([32m"should render portfolio summary with correct data"[39m[33m,[39m () [33m=>[39m {
    [31m[1m>[22m[39m[90m 184 |[39m       render([33m<[39m[33mPortfolioAnalyzer[39m defaultData[33m=[39m{mockPortfolioData} [33m/[39m[33m>[39m)
     [90m     |[39m             [31m[1m^[22m[39m
     [90m 185 |[39m       
     [90m 186 |[39m       expect(screen[33m.[39mgetByTestId([32m"portfolio-summary"[39m))[33m.[39mtoBeInTheDocument()
     [90m 187 |[39m       expect(screen[33m.[39mgetByText([35m/Analysis of your portfolio with 2 positions/[39m))[33m.[39mtoBeInTheDocument()[0m

      at warn (node_modules/recharts/lib/util/LogUtils.js:22:17)
      at node_modules/recharts/lib/component/ResponsiveContainer.js:118:24
      at updateMemo (node_modules/react-dom/cjs/react-dom-client.development.js:6621:19)
      at Object.useMemo (node_modules/react-dom/cjs/react-dom-client.development.js:23182:18)
      at Object.<anonymous>.process.env.NODE_ENV.exports.useMemo (node_modules/react/cjs/react.development.js:1210:34)
      at node_modules/recharts/lib/component/ResponsiveContainer.js:91:41
      at Object.react_stack_bottom_frame (node_modules/react-dom/cjs/react-dom-client.development.js:23863:20)
      at renderWithHooks (node_modules/react-dom/cjs/react-dom-client.development.js:5529:22)
      at updateForwardRef (node_modules/react-dom/cjs/react-dom-client.development.js:8645:19)
      at beginWork (node_modules/react-dom/cjs/react-dom-client.development.js:10861:18)
      at runWithFiberInDEV (node_modules/react-dom/cjs/react-dom-client.development.js:1522:13)
      at performUnitOfWork (node_modules/react-dom/cjs/react-dom-client.development.js:15140:22)
      at workLoopSync (node_modules/react-dom/cjs/react-dom-client.development.js:14956:41)
      at renderRootSync (node_modules/react-dom/cjs/react-dom-client.development.js:14936:11)
      at performWorkOnRoot (node_modules/react-dom/cjs/react-dom-client.development.js:14419:13)
      at performWorkOnRootViaSchedulerTask (node_modules/react-dom/cjs/react-dom-client.development.js:16216:7)
      at flushActQueue (node_modules/react/cjs/react.development.js:566:34)
      at Object.<anonymous>.process.env.NODE_ENV.exports.act (node_modules/react/cjs/react.development.js:860:10)
      at node_modules/@testing-library/react/dist/act-compat.js:47:25
      at renderRoot (node_modules/@testing-library/react/dist/pure.js:180:26)
      at render (node_modules/@testing-library/react/dist/pure.js:271:10)
      at Object.<anonymous> (__tests__/components/portfolio-analyzer.test.tsx:184:13)

  console.warn
    The width(0) and height(0) are both fixed numbers,
           maybe you don't need to use a ResponsiveContainer.

    [0m [90m 182 |[39m   describe([32m"Portfolio Display with defaultData"[39m[33m,[39m () [33m=>[39m {
     [90m 183 |[39m     it([32m"should render portfolio summary with correct data"[39m[33m,[39m () [33m=>[39m {
    [31m[1m>[22m[39m[90m 184 |[39m       render([33m<[39m[33mPortfolioAnalyzer[39m defaultData[33m=[39m{mockPortfolioData} [33m/[39m[33m>[39m)
     [90m     |[39m             [31m[1m^[22m[39m
     [90m 185 |[39m       
     [90m 186 |[39m       expect(screen[33m.[39mgetByTestId([32m"portfolio-summary"[39m))[33m.[39mtoBeInTheDocument()
     [90m 187 |[39m       expect(screen[33m.[39mgetByText([35m/Analysis of your portfolio with 2 positions/[39m))[33m.[39mtoBeInTheDocument()[0m

      at warn (node_modules/recharts/lib/util/LogUtils.js:22:17)
      at node_modules/recharts/lib/component/ResponsiveContainer.js:99:24
      at updateMemo (node_modules/react-dom/cjs/react-dom-client.development.js:6621:19)
      at Object.useMemo (node_modules/react-dom/cjs/react-dom-client.development.js:23182:18)
      at Object.<anonymous>.process.env.NODE_ENV.exports.useMemo (node_modules/react/cjs/react.development.js:1210:34)
      at node_modules/recharts/lib/component/ResponsiveContainer.js:91:41
      at Object.react_stack_bottom_frame (node_modules/react-dom/cjs/react-dom-client.development.js:23863:20)
      at renderWithHooks (node_modules/react-dom/cjs/react-dom-client.development.js:5529:22)
      at updateForwardRef (node_modules/react-dom/cjs/react-dom-client.development.js:8645:19)
      at beginWork (node_modules/react-dom/cjs/react-dom-client.development.js:10861:18)
      at runWithFiberInDEV (node_modules/react-dom/cjs/react-dom-client.development.js:1522:13)
      at performUnitOfWork (node_modules/react-dom/cjs/react-dom-client.development.js:15140:22)
      at workLoopSync (node_modules/react-dom/cjs/react-dom-client.development.js:14956:41)
      at renderRootSync (node_modules/react-dom/cjs/react-dom-client.development.js:14936:11)
      at performWorkOnRoot (node_modules/react-dom/cjs/react-dom-client.development.js:14419:13)
      at performWorkOnRootViaSchedulerTask (node_modules/react-dom/cjs/react-dom-client.development.js:16216:7)
      at flushActQueue (node_modules/react/cjs/react.development.js:566:34)
      at Object.<anonymous>.process.env.NODE_ENV.exports.act (node_modules/react/cjs/react.development.js:860:10)
      at node_modules/@testing-library/react/dist/act-compat.js:47:25
      at renderRoot (node_modules/@testing-library/react/dist/pure.js:180:26)
      at render (node_modules/@testing-library/react/dist/pure.js:271:10)
      at Object.<anonymous> (__tests__/components/portfolio-analyzer.test.tsx:184:13)

  console.warn
    The width(0) and height(0) of chart should be greater than 0,
           please check the style of container, or the props width(0) and height(0),
           or add a minWidth(0) or minHeight(undefined) or use aspect(undefined) to control the
           height and width.

    [0m [90m 182 |[39m   describe([32m"Portfolio Display with defaultData"[39m[33m,[39m () [33m=>[39m {
     [90m 183 |[39m     it([32m"should render portfolio summary with correct data"[39m[33m,[39m () [33m=>[39m {
    [31m[1m>[22m[39m[90m 184 |[39m       render([33m<[39m[33mPortfolioAnalyzer[39m defaultData[33m=[39m{mockPortfolioData} [33m/[39m[33m>[39m)
     [90m     |[39m             [31m[1m^[22m[39m
     [90m 185 |[39m       
     [90m 186 |[39m       expect(screen[33m.[39mgetByTestId([32m"portfolio-summary"[39m))[33m.[39mtoBeInTheDocument()
     [90m 187 |[39m       expect(screen[33m.[39mgetByText([35m/Analysis of your portfolio with 2 positions/[39m))[33m.[39mtoBeInTheDocument()[0m

      at warn (node_modules/recharts/lib/util/LogUtils.js:22:17)
      at node_modules/recharts/lib/component/ResponsiveContainer.js:118:24
      at updateMemo (node_modules/react-dom/cjs/react-dom-client.development.js:6621:19)
      at Object.useMemo (node_modules/react-dom/cjs/react-dom-client.development.js:23182:18)
      at Object.<anonymous>.process.env.NODE_ENV.exports.useMemo (node_modules/react/cjs/react.development.js:1210:34)
      at node_modules/recharts/lib/component/ResponsiveContainer.js:91:41
      at Object.react_stack_bottom_frame (node_modules/react-dom/cjs/react-dom-client.development.js:23863:20)
      at renderWithHooks (node_modules/react-dom/cjs/react-dom-client.development.js:5529:22)
      at updateForwardRef (node_modules/react-dom/cjs/react-dom-client.development.js:8645:19)
      at beginWork (node_modules/react-dom/cjs/react-dom-client.development.js:10861:18)
      at runWithFiberInDEV (node_modules/react-dom/cjs/react-dom-client.development.js:1522:13)
      at performUnitOfWork (node_modules/react-dom/cjs/react-dom-client.development.js:15140:22)
      at workLoopSync (node_modules/react-dom/cjs/react-dom-client.development.js:14956:41)
      at renderRootSync (node_modules/react-dom/cjs/react-dom-client.development.js:14936:11)
      at performWorkOnRoot (node_modules/react-dom/cjs/react-dom-client.development.js:14419:13)
      at performWorkOnRootViaSchedulerTask (node_modules/react-dom/cjs/react-dom-client.development.js:16216:7)
      at flushActQueue (node_modules/react/cjs/react.development.js:566:34)
      at Object.<anonymous>.process.env.NODE_ENV.exports.act (node_modules/react/cjs/react.development.js:860:10)
      at node_modules/@testing-library/react/dist/act-compat.js:47:25
      at renderRoot (node_modules/@testing-library/react/dist/pure.js:180:26)
      at render (node_modules/@testing-library/react/dist/pure.js:271:10)
      at Object.<anonymous> (__tests__/components/portfolio-analyzer.test.tsx:184:13)

  console.warn
    The width(0) and height(0) are both fixed numbers,
           maybe you don't need to use a ResponsiveContainer.

    [0m [90m 182 |[39m   describe([32m"Portfolio Display with defaultData"[39m[33m,[39m () [33m=>[39m {
     [90m 183 |[39m     it([32m"should render portfolio summary with correct data"[39m[33m,[39m () [33m=>[39m {
    [31m[1m>[22m[39m[90m 184 |[39m       render([33m<[39m[33mPortfolioAnalyzer[39m defaultData[33m=[39m{mockPortfolioData} [33m/[39m[33m>[39m)
     [90m     |[39m             [31m[1m^[22m[39m
     [90m 185 |[39m       
     [90m 186 |[39m       expect(screen[33m.[39mgetByTestId([32m"portfolio-summary"[39m))[33m.[39mtoBeInTheDocument()
     [90m 187 |[39m       expect(screen[33m.[39mgetByText([35m/Analysis of your portfolio with 2 positions/[39m))[33m.[39mtoBeInTheDocument()[0m

      at warn (node_modules/recharts/lib/util/LogUtils.js:22:17)
      at node_modules/recharts/lib/component/ResponsiveContainer.js:99:24
      at updateMemo (node_modules/react-dom/cjs/react-dom-client.development.js:6621:19)
      at Object.useMemo (node_modules/react-dom/cjs/react-dom-client.development.js:23182:18)
      at Object.<anonymous>.process.env.NODE_ENV.exports.useMemo (node_modules/react/cjs/react.development.js:1210:34)
      at node_modules/recharts/lib/component/ResponsiveContainer.js:91:41
      at Object.react_stack_bottom_frame (node_modules/react-dom/cjs/react-dom-client.development.js:23863:20)
      at renderWithHooks (node_modules/react-dom/cjs/react-dom-client.development.js:5529:22)
      at updateForwardRef (node_modules/react-dom/cjs/react-dom-client.development.js:8645:19)
      at beginWork (node_modules/react-dom/cjs/react-dom-client.development.js:10861:18)
      at runWithFiberInDEV (node_modules/react-dom/cjs/react-dom-client.development.js:1522:13)
      at performUnitOfWork (node_modules/react-dom/cjs/react-dom-client.development.js:15140:22)
      at workLoopSync (node_modules/react-dom/cjs/react-dom-client.development.js:14956:41)
      at renderRootSync (node_modules/react-dom/cjs/react-dom-client.development.js:14936:11)
      at performWorkOnRoot (node_modules/react-dom/cjs/react-dom-client.development.js:14419:13)
      at performWorkOnRootViaSchedulerTask (node_modules/react-dom/cjs/react-dom-client.development.js:16216:7)
      at flushActQueue (node_modules/react/cjs/react.development.js:566:34)
      at Object.<anonymous>.process.env.NODE_ENV.exports.act (node_modules/react/cjs/react.development.js:860:10)
      at node_modules/@testing-library/react/dist/act-compat.js:47:25
      at renderRoot (node_modules/@testing-library/react/dist/pure.js:180:26)
      at render (node_modules/@testing-library/react/dist/pure.js:271:10)
      at Object.<anonymous> (__tests__/components/portfolio-analyzer.test.tsx:184:13)

  console.warn
    The width(0) and height(0) of chart should be greater than 0,
           please check the style of container, or the props width(0) and height(0),
           or add a minWidth(0) or minHeight(undefined) or use aspect(undefined) to control the
           height and width.

    [0m [90m 182 |[39m   describe([32m"Portfolio Display with defaultData"[39m[33m,[39m () [33m=>[39m {
     [90m 183 |[39m     it([32m"should render portfolio summary with correct data"[39m[33m,[39m () [33m=>[39m {
    [31m[1m>[22m[39m[90m 184 |[39m       render([33m<[39m[33mPortfolioAnalyzer[39m defaultData[33m=[39m{mockPortfolioData} [33m/[39m[33m>[39m)
     [90m     |[39m             [31m[1m^[22m[39m
     [90m 185 |[39m       
     [90m 186 |[39m       expect(screen[33m.[39mgetByTestId([32m"portfolio-summary"[39m))[33m.[39mtoBeInTheDocument()
     [90m 187 |[39m       expect(screen[33m.[39mgetByText([35m/Analysis of your portfolio with 2 positions/[39m))[33m.[39mtoBeInTheDocument()[0m

      at warn (node_modules/recharts/lib/util/LogUtils.js:22:17)
      at node_modules/recharts/lib/component/ResponsiveContainer.js:118:24
      at updateMemo (node_modules/react-dom/cjs/react-dom-client.development.js:6621:19)
      at Object.useMemo (node_modules/react-dom/cjs/react-dom-client.development.js:23182:18)
      at Object.<anonymous>.process.env.NODE_ENV.exports.useMemo (node_modules/react/cjs/react.development.js:1210:34)
      at node_modules/recharts/lib/component/ResponsiveContainer.js:91:41
      at Object.react_stack_bottom_frame (node_modules/react-dom/cjs/react-dom-client.development.js:23863:20)
      at renderWithHooks (node_modules/react-dom/cjs/react-dom-client.development.js:5529:22)
      at updateForwardRef (node_modules/react-dom/cjs/react-dom-client.development.js:8645:19)
      at beginWork (node_modules/react-dom/cjs/react-dom-client.development.js:10861:18)
      at runWithFiberInDEV (node_modules/react-dom/cjs/react-dom-client.development.js:1522:13)
      at performUnitOfWork (node_modules/react-dom/cjs/react-dom-client.development.js:15140:22)
      at workLoopSync (node_modules/react-dom/cjs/react-dom-client.development.js:14956:41)
      at renderRootSync (node_modules/react-dom/cjs/react-dom-client.development.js:14936:11)
      at performWorkOnRoot (node_modules/react-dom/cjs/react-dom-client.development.js:14419:13)
      at performWorkOnRootViaSchedulerTask (node_modules/react-dom/cjs/react-dom-client.development.js:16216:7)
      at flushActQueue (node_modules/react/cjs/react.development.js:566:34)
      at Object.<anonymous>.process.env.NODE_ENV.exports.act (node_modules/react/cjs/react.development.js:860:10)
      at node_modules/@testing-library/react/dist/act-compat.js:47:25
      at renderRoot (node_modules/@testing-library/react/dist/pure.js:180:26)
      at render (node_modules/@testing-library/react/dist/pure.js:271:10)
      at Object.<anonymous> (__tests__/components/portfolio-analyzer.test.tsx:184:13)

FAIL __tests__/integration/csv-upload.test.tsx
  CSV Upload Integration Tests
    Component Integration
      ÔêÜ should render all main components together (197 ms)
      ÔêÜ should maintain component relationships (69 ms)
    Tab Functionality
      ÔêÜ should handle tab switching correctly (60 ms)
      ├ù should show appropriate content for each tab (47 ms)
    User Interface Elements
      ÔêÜ should render analyze button in correct initial state (28 ms)
      ÔêÜ should show supported formats information (23 ms)
    Component State Management
      ÔêÜ should maintain consistent state across interactions (32 ms)
      ÔêÜ should handle multiple tab switches (34 ms)
    Error Handling
      ÔêÜ should render gracefully without errors (19 ms)
      ÔêÜ should handle tab interactions without errors (25 ms)
    Accessibility
      ÔêÜ should have proper ARIA attributes (30 ms)
      ÔêÜ should be keyboard accessible (35 ms)

  ÔùÅ CSV Upload Integration Tests ÔÇ║ Tab Functionality ÔÇ║ should show appropriate content for each tab

    TestingLibraryElementError: Unable to find an element with the text: /paste your portfolio data 
here/i. This could be because the text is broken up by multiple elements. In this case, you can provide a 
function for your text matcher to make your matcher more flexible.

    Ignored nodes: comments, script, style
    [36m<body>[39m
      [36m<div>[39m
        [36m<div[39m
          [33mclass[39m=[32m"flex min-h-screen w-full flex-col items-center bg-gray-100 p-4 
dark:bg-gray-950"[39m
        [36m>[39m
          [36m<div[39m
            [33mclass[39m=[32m"rounded-xl border bg-card text-card-foreground shadow w-full 
max-w-4xl"[39m
          [36m>[39m
            [36m<div[39m
              [33mclass[39m=[32m"flex flex-col space-y-1.5 p-6"[39m
            [36m>[39m
              [36m<h3[39m
                [33mclass[39m=[32m"tracking-tight text-3xl font-bold"[39m
              [36m>[39m
                [0mSwiss Portfolio Analyzer[0m
              [36m</h3>[39m
              [36m<p[39m
                [33mclass[39m=[32m"text-sm text-muted-foreground"[39m
              [36m>[39m
                [0mUpload your Swiss bank PDF/CSV or paste text to get a detailed portfolio analysis.[0m
              [36m</p>[39m
            [36m</div>[39m
            [36m<div[39m
              [33mclass[39m=[32m"p-6 pt-0 space-y-6"[39m
            [36m>[39m
              [36m<div[39m
                [33mdata-orientation[39m=[32m"horizontal"[39m
                [33mdir[39m=[32m"ltr"[39m
              [36m>[39m
                [36m<div[39m
                  [33maria-orientation[39m=[32m"horizontal"[39m
                  [33mclass[39m=[32m"h-10 items-center justify-center rounded-md bg-muted p-1 
text-muted-foreground grid w-full grid-cols-2"[39m
                  [33mdata-orientation[39m=[32m"horizontal"[39m
                  [33mrole[39m=[32m"tablist"[39m
                  [33mstyle[39m=[32m"outline: none;"[39m
                  [33mtabindex[39m=[32m"0"[39m
                [36m>[39m
                  [36m<button[39m
                    [33maria-controls[39m=[32m"radix-┬½r9┬╗-content-upload"[39m
                    [33maria-selected[39m=[32m"true"[39m
                    [33mclass[39m=[32m"inline-flex items-center justify-center whitespace-nowrap 
rounded-sm px-3 py-1.5 text-sm font-medium ring-offset-background transition-all 
focus-visible:outline-none focus-visible:ring-2 focus-visible:ring-ring focus-visible:ring-offset-2 
disabled:pointer-events-none disabled:opacity-50 data-[state=active]:bg-background 
data-[state=active]:text-foreground data-[state=active]:shadow-sm"[39m
                    [33mdata-orientation[39m=[32m"horizontal"[39m
                    [33mdata-radix-collection-item[39m=[32m""[39m
                    [33mdata-state[39m=[32m"active"[39m
                    [33mid[39m=[32m"radix-┬½r9┬╗-trigger-upload"[39m
                    [33mrole[39m=[32m"tab"[39m
                    [33mtabindex[39m=[32m"-1"[39m
                    [33mtype[39m=[32m"button"[39m
                  [36m>[39m
                    [0mUpload File[0m
                  [36m</button>[39m
                  [36m<button[39m
                    [33maria-controls[39m=[32m"radix-┬½r9┬╗-content-paste"[39m
                    [33maria-selected[39m=[32m"false"[39m
                    [33mclass[39m=[32m"inline-flex items-center justify-center whitespace-nowrap 
rounded-sm px-3 py-1.5 text-sm font-medium ring-offset-background transition-all 
focus-visible:outline-none focus-visible:ring-2 focus-visible:ring-ring focus-visible:ring-offset-2 
disabled:pointer-events-none disabled:opacity-50 data-[state=active]:bg-background 
data-[state=active]:text-foreground data-[state=active]:shadow-sm"[39m
                    [33mdata-orientation[39m=[32m"horizontal"[39m
                    [33mdata-radix-collection-item[39m=[32m""[39m
                    [33mdata-state[39m=[32m"inactive"[39m
                    [33mid[39m=[32m"radix-┬½r9┬╗-trigger-paste"[39m
                    [33mrole[39m=[32m"tab"[39m
                    [33mtabindex[39m=[32m"-1"[39m
                    [33mtype[39m=[32m"button"[39m
                  [36m>[39m
                    [0mPaste Text[0m
                  [36m</button>[39m
                [36m</div>[39m
                [36m<div[39m
                  [33maria-labelledby[39m=[32m"radix-┬½r9┬╗-trigger-upload"[39m
                  [33mclass[39m=[32m"mt-2 ring-offset-background focus-visible:outline-none 
focus-visible:ring-2 focus-visible:ring-ring focus-visible:ring-offset-2 space-y-4"[39m
                  [33mdata-orientation[39m=[32m"horizontal"[39m
                  [33mdata-state[39m=[32m"active"[39m
                  [33mid[39m=[32m"radix-┬½r9┬╗-content-upload"[39m
                  [33mrole[39m=[32m"tabpanel"[39m
                  [33mstyle[39m=[32m"animation-duration: 0s;"[39m
                  [33mtabindex[39m=[32m"0"[39m
                [36m>[39m
                  [36m<div[39m
                    [33mclass[39m=[32m"rounded-xl border bg-card text-card-foreground shadow w-full 
max-w-2xl mx-auto"[39m
                  [36m>[39m
                    [36m<div[39m
                      [33mclass[39m=[32m"flex flex-col space-y-1.5 p-6"[39m
                    [36m>[39m
                      [36m<h3[39m
                        [33mclass[39m=[32m"font-semibold leading-none tracking-tight"[39m
                      [36m>[39m
                        [0mUpload Portfolio CSV[0m
                      [36m</h3>[39m
                      [36m<p[39m
                        [33mclass[39m=[32m"text-sm text-muted-foreground"[39m
                      [36m>[39m
                        [0mDrag and drop your CSV file here, or click to select.[0m
                      [36m</p>[39m
                    [36m</div>[39m
                    [36m<div[39m
                      [33mclass[39m=[32m"p-6 pt-0 space-y-4"[39m
                    [36m>[39m
                      [36m<div[39m
                        [33mclass[39m=[32m"border-2 border-dashed border-gray-300 rounded-lg p-8 
text-center cursor-pointer hover:border-gray-400 transition-colors"[39m
                        [33mrole[39m=[32m"presentation"[39m
                        [33mtabindex[39m=[32m"0"[39m
                      [36m>[39m
                        [36m<input[39m
                          [33maccept[39m=[32m"text/csv,.csv"[39m
                          [33mstyle[39m=[32m"border: 0px; clip: rect(0px, 0px, 0px, 0px); clip-path: 
inset(50%); height: 1px; margin: 0px -1px -1px 0px; overflow: hidden; padding: 0px; position: absolute; 
width: 1px; white-space: nowrap;"[39m
                          [33mtabindex[39m=[32m"-1"[39m
                          [33mtype[39m=[32m"file"[39m
                        [36m/>[39m
                        [36m<div[39m
                          [33mclass[39m=[32m"flex flex-col items-center justify-center space-y-2"[39m
                        [36m>[39m
                          [36m<svg[39m
                            [33mclass[39m=[32m"lucide lucide-cloud-upload w-12 h-12 text-gray-400"[39m
                            [33mfill[39m=[32m"none"[39m
                            [33mheight[39m=[32m"24"[39m
                            [33mstroke[39m=[32m"currentColor"[39m
                            [33mstroke-linecap[39m=[32m"round"[39m
                            [33mstroke-linejoin[39m=[32m"round"[39m
                            [33mstroke-width[39m=[32m"2"[39m
                            [33mviewBox[39m=[32m"0 0 24 24"[39m
                            [33mwidth[39m=[32m"24"[39m
                            [33mxmlns[39m=[32m"http://www.w3.org/2000/svg"[39m
                          [36m>[39m
                            [36m<path[39m
                              [33md[39m=[32m"M12 13v8"[39m
                            [36m/>[39m
                            [36m<path[39m
                              [33md[39m=[32m"M4 14.899A7 7 0 1 1 15.71 8h1.79a4.5 4.5 0 0 1 2.5 
8.242"[39m
                            [36m/>[39m
                            [36m<path[39m
                              [33md[39m=[32m"m8 17 4-4 4 4"[39m
                            [36m/>[39m
                          [36m</svg>[39m
                          [36m<p[39m
                            [33mclass[39m=[32m"text-gray-600"[39m
                          [36m>[39m
                            [0mDrag 'n' drop a CSV file here, or click to select one[0m
                          [36m</p>[39m
                          [36m<button[39m
                            [33mclass[39m=[32m"inline-flex items-center justify-center 
whitespace-nowrap rounded-md text-sm font-medium ring-offset-background transition-colors 
focus-visible:outline-none focus-visible:ring-2 focus-visible:ring-ring focus-visible:ring-offset-2 
disabled:pointer-events-none disabled:opacity-50 border border-input hover:bg-accent 
hover:text-accent-foreground h-10 px-4 py-2 mt-2 bg-transparent"[39m
                            [33mtype[39m=[32m"button"[39m
                          [36m>[39m
                            [0mSelect File[0m
                          [36m</button>[39m
                        [36m</div>[39m
                      [36m</div>[39m
                      [36m<div[39m
                        [33mclass[39m=[32m"text-center text-sm text-gray-500 mt-4"[39m
                      [36m>[39m
                        [36m<p>[39m
                          [0mSupported formats: CSV (.csv)[0m
                        [36m</p>[39m
                        [36m<p>[39m
                          [0mFor best results, ensure your CSV includes columns like Symbol, Quantity, 
Price, and Currency.[0m
                        [36m</p>[39m
                      [36m</div>[39m
                    [36m</div>[39m
                  [36m</div>[39m
                [36m</div>[39m
                [36m<div[39m
                  [33maria-labelledby[39m=[32m"radix-┬½r9┬╗-trigger-paste"[39m
                  [33mclass[39m=[32m"mt-2 ring-offset-background focus-visible:outline-none 
focus-visible:ring-2 focus-visible:ring-ring focus-visible:ring-offset-2 space-y-4"[39m
                  [33mdata-orientation[39m=[32m"horizontal"[39m
                  [33mdata-state[39m=[32m"inactive"[39m
                  [33mhidden[39m=[32m""[39m
                  [33mid[39m=[32m"radix-┬½r9┬╗-content-paste"[39m
                  [33mrole[39m=[32m"tabpanel"[39m
                  [33mtabindex[39m=[32m"0"[39m
                [36m/>[39m
              [36m</div>[39m
              [36m<button[39m
                [33mclass[39m=[32m"inline-flex items-center justify-center whitespace-nowrap rounded-md 
text-sm font-medium ring-offset-background transition-colors focus-visible:outline-none 
focus-visible:ring-2 focus-visible:ring-ring focus-visible:ring-offset-2 disabled:pointer-events-none 
disabled:opacity-50 bg-primary text-primary-foreground hover:bg-primary/90 h-10 px-4 py-2 w-full"[39m
                [33mdisabled[39m=[32m""[39m
              [36m>[39m
                [0mAnalyze Portfolio[0m
              [36m</button>[39m
            [36m</div>[39m
          [36m</div>[39m
        [36m</div>[39m
      [36m</div>[39m
    [36m</body>[39m

    [0m [90m 88 |[39m       
     [90m 89 |[39m       [90m// Paste tab content should be available[39m
    [31m[1m>[22m[39m[90m 90 |[39m       expect(screen[33m.[39mgetByText([35m/paste your portfolio 
data here/i[39m))[33m.[39mtoBeInTheDocument()
     [90m    |[39m                     [31m[1m^[22m[39m
     [90m 91 |[39m     })
     [90m 92 |[39m   })
     [90m 93 |[39m[0m

      at Object.getElementError 
(node_modules/@testing-library/react/node_modules/@testing-library/dom/dist/config.js:37:19)
      at node_modules/@testing-library/react/node_modules/@testing-library/dom/dist/query-helpers.js:76:38
      at node_modules/@testing-library/react/node_modules/@testing-library/dom/dist/query-helpers.js:52:17
      at node_modules/@testing-library/react/node_modules/@testing-library/dom/dist/query-helpers.js:95:19
      at Object.getByText (__tests__/integration/csv-upload.test.tsx:90:21)

  console.warn
    The width(0) and height(0) of chart should be greater than 0,
           please check the style of container, or the props width(100%) and height(100%),
           or add a minWidth(0) or minHeight(undefined) or use aspect(undefined) to control the
           height and width.

    [0m [90m 189 |[39m
     [90m 190 |[39m     it([32m"should render account overview with correct values"[39m[33m,[39m () [33m=>[39m {
    [31m[1m>[22m[39m[90m 191 |[39m       render([33m<[39m[33mPortfolioAnalyzer[39m defaultData[33m=[39m{mockPortfolioData} [33m/[39m[33m>[39m)
     [90m     |[39m             [31m[1m^[22m[39m
     [90m 192 |[39m       
     [90m 193 |[39m       expect(screen[33m.[39mgetByTestId([32m"account-overview"[39m))[33m.[39mtoBeInTheDocument()
     [90m 194 |[39m       [90m// The values are formatted with .toFixed(2), so we need to match the exact format[39m[0m

      at warn (node_modules/recharts/lib/util/LogUtils.js:22:17)
      at node_modules/recharts/lib/component/ResponsiveContainer.js:118:24
      at updateMemo (node_modules/react-dom/cjs/react-dom-client.development.js:6621:19)
      at Object.useMemo (node_modules/react-dom/cjs/react-dom-client.development.js:23182:18)
      at Object.<anonymous>.process.env.NODE_ENV.exports.useMemo (node_modules/react/cjs/react.development.js:1210:34)
      at node_modules/recharts/lib/component/ResponsiveContainer.js:91:41
      at Object.react_stack_bottom_frame (node_modules/react-dom/cjs/react-dom-client.development.js:23863:20)
      at renderWithHooks (node_modules/react-dom/cjs/react-dom-client.development.js:5529:22)
      at updateForwardRef (node_modules/react-dom/cjs/react-dom-client.development.js:8645:19)
      at beginWork (node_modules/react-dom/cjs/react-dom-client.development.js:10861:18)
      at runWithFiberInDEV (node_modules/react-dom/cjs/react-dom-client.development.js:1522:13)
      at performUnitOfWork (node_modules/react-dom/cjs/react-dom-client.development.js:15140:22)
      at workLoopSync (node_modules/react-dom/cjs/react-dom-client.development.js:14956:41)
      at renderRootSync (node_modules/react-dom/cjs/react-dom-client.development.js:14936:11)
      at performWorkOnRoot (node_modules/react-dom/cjs/react-dom-client.development.js:14419:13)
      at performSyncWorkOnRoot (node_modules/react-dom/cjs/react-dom-client.development.js:16231:7)
      at flushSyncWorkAcrossRoots_impl (node_modules/react-dom/cjs/react-dom-client.development.js:16079:21)
      at flushSpawnedWork (node_modules/react-dom/cjs/react-dom-client.development.js:15677:9)
      at commitRoot (node_modules/react-dom/cjs/react-dom-client.development.js:15403:9)
      at performWorkOnRoot (node_modules/react-dom/cjs/react-dom-client.development.js:14526:15)
      at performWorkOnRootViaSchedulerTask (node_modules/react-dom/cjs/react-dom-client.development.js:16216:7)
      at flushActQueue (node_modules/react/cjs/react.development.js:566:34)
      at Object.<anonymous>.process.env.NODE_ENV.exports.act (node_modules/react/cjs/react.development.js:860:10)
      at node_modules/@testing-library/react/dist/act-compat.js:47:25
      at renderRoot (node_modules/@testing-library/react/dist/pure.js:180:26)
      at render (node_modules/@testing-library/react/dist/pure.js:271:10)
      at Object.<anonymous> (__tests__/components/portfolio-analyzer.test.tsx:191:13)

  console.warn
    The width(0) and height(0) of chart should be greater than 0,
           please check the style of container, or the props width(100%) and height(100%),
           or add a minWidth(0) or minHeight(undefined) or use aspect(undefined) to control the
           height and width.

    [0m [90m 189 |[39m
     [90m 190 |[39m     it([32m"should render account overview with correct values"[39m[33m,[39m () [33m=>[39m {
    [31m[1m>[22m[39m[90m 191 |[39m       render([33m<[39m[33mPortfolioAnalyzer[39m defaultData[33m=[39m{mockPortfolioData} [33m/[39m[33m>[39m)
     [90m     |[39m             [31m[1m^[22m[39m
     [90m 192 |[39m       
     [90m 193 |[39m       expect(screen[33m.[39mgetByTestId([32m"account-overview"[39m))[33m.[39mtoBeInTheDocument()
     [90m 194 |[39m       [90m// The values are formatted with .toFixed(2), so we need to match the exact format[39m[0m

      at warn (node_modules/recharts/lib/util/LogUtils.js:22:17)
      at node_modules/recharts/lib/component/ResponsiveContainer.js:118:24
      at updateMemo (node_modules/react-dom/cjs/react-dom-client.development.js:6621:19)
      at Object.useMemo (node_modules/react-dom/cjs/react-dom-client.development.js:23182:18)
      at Object.<anonymous>.process.env.NODE_ENV.exports.useMemo (node_modules/react/cjs/react.development.js:1210:34)
      at node_modules/recharts/lib/component/ResponsiveContainer.js:91:41
      at Object.react_stack_bottom_frame (node_modules/react-dom/cjs/react-dom-client.development.js:23863:20)
      at renderWithHooks (node_modules/react-dom/cjs/react-dom-client.development.js:5529:22)
      at updateForwardRef (node_modules/react-dom/cjs/react-dom-client.development.js:8645:19)
      at beginWork (node_modules/react-dom/cjs/react-dom-client.development.js:10861:18)
      at runWithFiberInDEV (node_modules/react-dom/cjs/react-dom-client.development.js:1522:13)
      at performUnitOfWork (node_modules/react-dom/cjs/react-dom-client.development.js:15140:22)
      at workLoopSync (node_modules/react-dom/cjs/react-dom-client.development.js:14956:41)
      at renderRootSync (node_modules/react-dom/cjs/react-dom-client.development.js:14936:11)
      at performWorkOnRoot (node_modules/react-dom/cjs/react-dom-client.development.js:14419:13)
      at performSyncWorkOnRoot (node_modules/react-dom/cjs/react-dom-client.development.js:16231:7)
      at flushSyncWorkAcrossRoots_impl (node_modules/react-dom/cjs/react-dom-client.development.js:16079:21)
      at flushSpawnedWork (node_modules/react-dom/cjs/react-dom-client.development.js:15677:9)
      at commitRoot (node_modules/react-dom/cjs/react-dom-client.development.js:15403:9)
      at performWorkOnRoot (node_modules/react-dom/cjs/react-dom-client.development.js:14526:15)
      at performWorkOnRootViaSchedulerTask (node_modules/react-dom/cjs/react-dom-client.development.js:16216:7)
      at flushActQueue (node_modules/react/cjs/react.development.js:566:34)
      at Object.<anonymous>.process.env.NODE_ENV.exports.act (node_modules/react/cjs/react.development.js:860:10)
      at node_modules/@testing-library/react/dist/act-compat.js:47:25
      at renderRoot (node_modules/@testing-library/react/dist/pure.js:180:26)
      at render (node_modules/@testing-library/react/dist/pure.js:271:10)
      at Object.<anonymous> (__tests__/components/portfolio-analyzer.test.tsx:191:13)

  console.warn
    The width(0) and height(0) of chart should be greater than 0,
           please check the style of container, or the props width(100%) and height(100%),
           or add a minWidth(0) or minHeight(undefined) or use aspect(undefined) to control the
           height and width.

    [0m [90m 189 |[39m
     [90m 190 |[39m     it([32m"should render account overview with correct values"[39m[33m,[39m () [33m=>[39m {
    [31m[1m>[22m[39m[90m 191 |[39m       render([33m<[39m[33mPortfolioAnalyzer[39m defaultData[33m=[39m{mockPortfolioData} [33m/[39m[33m>[39m)
     [90m     |[39m             [31m[1m^[22m[39m
     [90m 192 |[39m       
     [90m 193 |[39m       expect(screen[33m.[39mgetByTestId([32m"account-overview"[39m))[33m.[39mtoBeInTheDocument()
     [90m 194 |[39m       [90m// The values are formatted with .toFixed(2), so we need to match the exact format[39m[0m

      at warn (node_modules/recharts/lib/util/LogUtils.js:22:17)
      at node_modules/recharts/lib/component/ResponsiveContainer.js:118:24
      at updateMemo (node_modules/react-dom/cjs/react-dom-client.development.js:6621:19)
      at Object.useMemo (node_modules/react-dom/cjs/react-dom-client.development.js:23182:18)
      at Object.<anonymous>.process.env.NODE_ENV.exports.useMemo (node_modules/react/cjs/react.development.js:1210:34)
      at node_modules/recharts/lib/component/ResponsiveContainer.js:91:41
      at Object.react_stack_bottom_frame (node_modules/react-dom/cjs/react-dom-client.development.js:23863:20)
      at renderWithHooks (node_modules/react-dom/cjs/react-dom-client.development.js:5529:22)
      at updateForwardRef (node_modules/react-dom/cjs/react-dom-client.development.js:8645:19)
      at beginWork (node_modules/react-dom/cjs/react-dom-client.development.js:10861:18)
      at runWithFiberInDEV (node_modules/react-dom/cjs/react-dom-client.development.js:1522:13)
      at performUnitOfWork (node_modules/react-dom/cjs/react-dom-client.development.js:15140:22)
      at workLoopSync (node_modules/react-dom/cjs/react-dom-client.development.js:14956:41)
      at renderRootSync (node_modules/react-dom/cjs/react-dom-client.development.js:14936:11)
      at performWorkOnRoot (node_modules/react-dom/cjs/react-dom-client.development.js:14419:13)
      at performSyncWorkOnRoot (node_modules/react-dom/cjs/react-dom-client.development.js:16231:7)
      at flushSyncWorkAcrossRoots_impl (node_modules/react-dom/cjs/react-dom-client.development.js:16079:21)
      at flushSpawnedWork (node_modules/react-dom/cjs/react-dom-client.development.js:15677:9)
      at commitRoot (node_modules/react-dom/cjs/react-dom-client.development.js:15403:9)
      at performWorkOnRoot (node_modules/react-dom/cjs/react-dom-client.development.js:14526:15)
      at performWorkOnRootViaSchedulerTask (node_modules/react-dom/cjs/react-dom-client.development.js:16216:7)
      at flushActQueue (node_modules/react/cjs/react.development.js:566:34)
      at Object.<anonymous>.process.env.NODE_ENV.exports.act (node_modules/react/cjs/react.development.js:860:10)
      at node_modules/@testing-library/react/dist/act-compat.js:47:25
      at renderRoot (node_modules/@testing-library/react/dist/pure.js:180:26)
      at render (node_modules/@testing-library/react/dist/pure.js:271:10)
      at Object.<anonymous> (__tests__/components/portfolio-analyzer.test.tsx:191:13)

  console.warn
    The width(0) and height(0) of chart should be greater than 0,
           please check the style of container, or the props width(100%) and height(100%),
           or add a minWidth(0) or minHeight(undefined) or use aspect(undefined) to control the
           height and width.

    [0m [90m 189 |[39m
     [90m 190 |[39m     it([32m"should render account overview with correct values"[39m[33m,[39m () [33m=>[39m {
    [31m[1m>[22m[39m[90m 191 |[39m       render([33m<[39m[33mPortfolioAnalyzer[39m defaultData[33m=[39m{mockPortfolioData} [33m/[39m[33m>[39m)
     [90m     |[39m             [31m[1m^[22m[39m
     [90m 192 |[39m       
     [90m 193 |[39m       expect(screen[33m.[39mgetByTestId([32m"account-overview"[39m))[33m.[39mtoBeInTheDocument()
     [90m 194 |[39m       [90m// The values are formatted with .toFixed(2), so we need to match the exact format[39m[0m

      at warn (node_modules/recharts/lib/util/LogUtils.js:22:17)
      at node_modules/recharts/lib/component/ResponsiveContainer.js:118:24
      at updateMemo (node_modules/react-dom/cjs/react-dom-client.development.js:6621:19)
      at Object.useMemo (node_modules/react-dom/cjs/react-dom-client.development.js:23182:18)
      at Object.<anonymous>.process.env.NODE_ENV.exports.useMemo (node_modules/react/cjs/react.development.js:1210:34)
      at node_modules/recharts/lib/component/ResponsiveContainer.js:91:41
      at Object.react_stack_bottom_frame (node_modules/react-dom/cjs/react-dom-client.development.js:23863:20)
      at renderWithHooks (node_modules/react-dom/cjs/react-dom-client.development.js:5529:22)
      at updateForwardRef (node_modules/react-dom/cjs/react-dom-client.development.js:8645:19)
      at beginWork (node_modules/react-dom/cjs/react-dom-client.development.js:10861:18)
      at runWithFiberInDEV (node_modules/react-dom/cjs/react-dom-client.development.js:1522:13)
      at performUnitOfWork (node_modules/react-dom/cjs/react-dom-client.development.js:15140:22)
      at workLoopSync (node_modules/react-dom/cjs/react-dom-client.development.js:14956:41)
      at renderRootSync (node_modules/react-dom/cjs/react-dom-client.development.js:14936:11)
      at performWorkOnRoot (node_modules/react-dom/cjs/react-dom-client.development.js:14419:13)
      at performSyncWorkOnRoot (node_modules/react-dom/cjs/react-dom-client.development.js:16231:7)
      at flushSyncWorkAcrossRoots_impl (node_modules/react-dom/cjs/react-dom-client.development.js:16079:21)
      at flushSpawnedWork (node_modules/react-dom/cjs/react-dom-client.development.js:15677:9)
      at commitRoot (node_modules/react-dom/cjs/react-dom-client.development.js:15403:9)
      at performWorkOnRoot (node_modules/react-dom/cjs/react-dom-client.development.js:14526:15)
      at performWorkOnRootViaSchedulerTask (node_modules/react-dom/cjs/react-dom-client.development.js:16216:7)
      at flushActQueue (node_modules/react/cjs/react.development.js:566:34)
      at Object.<anonymous>.process.env.NODE_ENV.exports.act (node_modules/react/cjs/react.development.js:860:10)
      at node_modules/@testing-library/react/dist/act-compat.js:47:25
      at renderRoot (node_modules/@testing-library/react/dist/pure.js:180:26)
      at render (node_modules/@testing-library/react/dist/pure.js:271:10)
      at Object.<anonymous> (__tests__/components/portfolio-analyzer.test.tsx:191:13)

  console.warn
    The width(0) and height(0) of chart should be greater than 0,
           please check the style of container, or the props width(100%) and height(100%),
           or add a minWidth(0) or minHeight(undefined) or use aspect(undefined) to control the
           height and width.

    [0m [90m 189 |[39m
     [90m 190 |[39m     it([32m"should render account overview with correct values"[39m[33m,[39m () [33m=>[39m {
    [31m[1m>[22m[39m[90m 191 |[39m       render([33m<[39m[33mPortfolioAnalyzer[39m defaultData[33m=[39m{mockPortfolioData} [33m/[39m[33m>[39m)
     [90m     |[39m             [31m[1m^[22m[39m
     [90m 192 |[39m       
     [90m 193 |[39m       expect(screen[33m.[39mgetByTestId([32m"account-overview"[39m))[33m.[39mtoBeInTheDocument()
     [90m 194 |[39m       [90m// The values are formatted with .toFixed(2), so we need to match the exact format[39m[0m

      at warn (node_modules/recharts/lib/util/LogUtils.js:22:17)
      at node_modules/recharts/lib/component/ResponsiveContainer.js:118:24
      at updateMemo (node_modules/react-dom/cjs/react-dom-client.development.js:6621:19)
      at Object.useMemo (node_modules/react-dom/cjs/react-dom-client.development.js:23182:18)
      at Object.<anonymous>.process.env.NODE_ENV.exports.useMemo (node_modules/react/cjs/react.development.js:1210:34)
      at node_modules/recharts/lib/component/ResponsiveContainer.js:91:41
      at Object.react_stack_bottom_frame (node_modules/react-dom/cjs/react-dom-client.development.js:23863:20)
      at renderWithHooks (node_modules/react-dom/cjs/react-dom-client.development.js:5529:22)
      at updateForwardRef (node_modules/react-dom/cjs/react-dom-client.development.js:8645:19)
      at beginWork (node_modules/react-dom/cjs/react-dom-client.development.js:10861:18)
      at runWithFiberInDEV (node_modules/react-dom/cjs/react-dom-client.development.js:1522:13)
      at performUnitOfWork (node_modules/react-dom/cjs/react-dom-client.development.js:15140:22)
      at workLoopSync (node_modules/react-dom/cjs/react-dom-client.development.js:14956:41)
      at renderRootSync (node_modules/react-dom/cjs/react-dom-client.development.js:14936:11)
      at performWorkOnRoot (node_modules/react-dom/cjs/react-dom-client.development.js:14419:13)
      at performSyncWorkOnRoot (node_modules/react-dom/cjs/react-dom-client.development.js:16231:7)
      at flushSyncWorkAcrossRoots_impl (node_modules/react-dom/cjs/react-dom-client.development.js:16079:21)
      at flushSpawnedWork (node_modules/react-dom/cjs/react-dom-client.development.js:15677:9)
      at commitRoot (node_modules/react-dom/cjs/react-dom-client.development.js:15403:9)
      at performWorkOnRoot (node_modules/react-dom/cjs/react-dom-client.development.js:14526:15)
      at performWorkOnRootViaSchedulerTask (node_modules/react-dom/cjs/react-dom-client.development.js:16216:7)
      at flushActQueue (node_modules/react/cjs/react.development.js:566:34)
      at Object.<anonymous>.process.env.NODE_ENV.exports.act (node_modules/react/cjs/react.development.js:860:10)
      at node_modules/@testing-library/react/dist/act-compat.js:47:25
      at renderRoot (node_modules/@testing-library/react/dist/pure.js:180:26)
      at render (node_modules/@testing-library/react/dist/pure.js:271:10)
      at Object.<anonymous> (__tests__/components/portfolio-analyzer.test.tsx:191:13)

  console.warn
    The width(0) and height(0) are both fixed numbers,
           maybe you don't need to use a ResponsiveContainer.

    [0m [90m 189 |[39m
     [90m 190 |[39m     it([32m"should render account overview with correct values"[39m[33m,[39m () [33m=>[39m {
    [31m[1m>[22m[39m[90m 191 |[39m       render([33m<[39m[33mPortfolioAnalyzer[39m defaultData[33m=[39m{mockPortfolioData} [33m/[39m[33m>[39m)
     [90m     |[39m             [31m[1m^[22m[39m
     [90m 192 |[39m       
     [90m 193 |[39m       expect(screen[33m.[39mgetByTestId([32m"account-overview"[39m))[33m.[39mtoBeInTheDocument()
     [90m 194 |[39m       [90m// The values are formatted with .toFixed(2), so we need to match the exact format[39m[0m

      at warn (node_modules/recharts/lib/util/LogUtils.js:22:17)
      at node_modules/recharts/lib/component/ResponsiveContainer.js:99:24
      at updateMemo (node_modules/react-dom/cjs/react-dom-client.development.js:6621:19)
      at Object.useMemo (node_modules/react-dom/cjs/react-dom-client.development.js:23182:18)
      at Object.<anonymous>.process.env.NODE_ENV.exports.useMemo (node_modules/react/cjs/react.development.js:1210:34)
      at node_modules/recharts/lib/component/ResponsiveContainer.js:91:41
      at Object.react_stack_bottom_frame (node_modules/react-dom/cjs/react-dom-client.development.js:23863:20)
      at renderWithHooks (node_modules/react-dom/cjs/react-dom-client.development.js:5529:22)
      at updateForwardRef (node_modules/react-dom/cjs/react-dom-client.development.js:8645:19)
      at beginWork (node_modules/react-dom/cjs/react-dom-client.development.js:10861:18)
      at runWithFiberInDEV (node_modules/react-dom/cjs/react-dom-client.development.js:1522:13)
      at performUnitOfWork (node_modules/react-dom/cjs/react-dom-client.development.js:15140:22)
      at workLoopSync (node_modules/react-dom/cjs/react-dom-client.development.js:14956:41)
      at renderRootSync (node_modules/react-dom/cjs/react-dom-client.development.js:14936:11)
      at performWorkOnRoot (node_modules/react-dom/cjs/react-dom-client.development.js:14419:13)
      at performWorkOnRootViaSchedulerTask (node_modules/react-dom/cjs/react-dom-client.development.js:16216:7)
      at flushActQueue (node_modules/react/cjs/react.development.js:566:34)
      at Object.<anonymous>.process.env.NODE_ENV.exports.act (node_modules/react/cjs/react.development.js:860:10)
      at node_modules/@testing-library/react/dist/act-compat.js:47:25
      at renderRoot (node_modules/@testing-library/react/dist/pure.js:180:26)
      at render (node_modules/@testing-library/react/dist/pure.js:271:10)
      at Object.<anonymous> (__tests__/components/portfolio-analyzer.test.tsx:191:13)

  console.warn
    The width(0) and height(0) of chart should be greater than 0,
           please check the style of container, or the props width(0) and height(0),
           or add a minWidth(0) or minHeight(undefined) or use aspect(undefined) to control the
           height and width.

    [0m [90m 189 |[39m
     [90m 190 |[39m     it([32m"should render account overview with correct values"[39m[33m,[39m () [33m=>[39m {
    [31m[1m>[22m[39m[90m 191 |[39m       render([33m<[39m[33mPortfolioAnalyzer[39m defaultData[33m=[39m{mockPortfolioData} [33m/[39m[33m>[39m)
     [90m     |[39m             [31m[1m^[22m[39m
     [90m 192 |[39m       
     [90m 193 |[39m       expect(screen[33m.[39mgetByTestId([32m"account-overview"[39m))[33m.[39mtoBeInTheDocument()
     [90m 194 |[39m       [90m// The values are formatted with .toFixed(2), so we need to match the exact format[39m[0m

      at warn (node_modules/recharts/lib/util/LogUtils.js:22:17)
      at node_modules/recharts/lib/component/ResponsiveContainer.js:118:24
      at updateMemo (node_modules/react-dom/cjs/react-dom-client.development.js:6621:19)
      at Object.useMemo (node_modules/react-dom/cjs/react-dom-client.development.js:23182:18)
      at Object.<anonymous>.process.env.NODE_ENV.exports.useMemo (node_modules/react/cjs/react.development.js:1210:34)
      at node_modules/recharts/lib/component/ResponsiveContainer.js:91:41
      at Object.react_stack_bottom_frame (node_modules/react-dom/cjs/react-dom-client.development.js:23863:20)
      at renderWithHooks (node_modules/react-dom/cjs/react-dom-client.development.js:5529:22)
      at updateForwardRef (node_modules/react-dom/cjs/react-dom-client.development.js:8645:19)
      at beginWork (node_modules/react-dom/cjs/react-dom-client.development.js:10861:18)
      at runWithFiberInDEV (node_modules/react-dom/cjs/react-dom-client.development.js:1522:13)
      at performUnitOfWork (node_modules/react-dom/cjs/react-dom-client.development.js:15140:22)
      at workLoopSync (node_modules/react-dom/cjs/react-dom-client.development.js:14956:41)
      at renderRootSync (node_modules/react-dom/cjs/react-dom-client.development.js:14936:11)
      at performWorkOnRoot (node_modules/react-dom/cjs/react-dom-client.development.js:14419:13)
      at performWorkOnRootViaSchedulerTask (node_modules/react-dom/cjs/react-dom-client.development.js:16216:7)
      at flushActQueue (node_modules/react/cjs/react.development.js:566:34)
      at Object.<anonymous>.process.env.NODE_ENV.exports.act (node_modules/react/cjs/react.development.js:860:10)
      at node_modules/@testing-library/react/dist/act-compat.js:47:25
      at renderRoot (node_modules/@testing-library/react/dist/pure.js:180:26)
      at render (node_modules/@testing-library/react/dist/pure.js:271:10)
      at Object.<anonymous> (__tests__/components/portfolio-analyzer.test.tsx:191:13)

  console.warn
    The width(0) and height(0) are both fixed numbers,
           maybe you don't need to use a ResponsiveContainer.

    [0m [90m 189 |[39m
     [90m 190 |[39m     it([32m"should render account overview with correct values"[39m[33m,[39m () [33m=>[39m {
    [31m[1m>[22m[39m[90m 191 |[39m       render([33m<[39m[33mPortfolioAnalyzer[39m defaultData[33m=[39m{mockPortfolioData} [33m/[39m[33m>[39m)
     [90m     |[39m             [31m[1m^[22m[39m
     [90m 192 |[39m       
     [90m 193 |[39m       expect(screen[33m.[39mgetByTestId([32m"account-overview"[39m))[33m.[39mtoBeInTheDocument()
     [90m 194 |[39m       [90m// The values are formatted with .toFixed(2), so we need to match the exact format[39m[0m

      at warn (node_modules/recharts/lib/util/LogUtils.js:22:17)
      at node_modules/recharts/lib/component/ResponsiveContainer.js:99:24
      at updateMemo (node_modules/react-dom/cjs/react-dom-client.development.js:6621:19)
      at Object.useMemo (node_modules/react-dom/cjs/react-dom-client.development.js:23182:18)
      at Object.<anonymous>.process.env.NODE_ENV.exports.useMemo (node_modules/react/cjs/react.development.js:1210:34)
      at node_modules/recharts/lib/component/ResponsiveContainer.js:91:41
      at Object.react_stack_bottom_frame (node_modules/react-dom/cjs/react-dom-client.development.js:23863:20)
      at renderWithHooks (node_modules/react-dom/cjs/react-dom-client.development.js:5529:22)
      at updateForwardRef (node_modules/react-dom/cjs/react-dom-client.development.js:8645:19)
      at beginWork (node_modules/react-dom/cjs/react-dom-client.development.js:10861:18)
      at runWithFiberInDEV (node_modules/react-dom/cjs/react-dom-client.development.js:1522:13)
      at performUnitOfWork (node_modules/react-dom/cjs/react-dom-client.development.js:15140:22)
      at workLoopSync (node_modules/react-dom/cjs/react-dom-client.development.js:14956:41)
      at renderRootSync (node_modules/react-dom/cjs/react-dom-client.development.js:14936:11)
      at performWorkOnRoot (node_modules/react-dom/cjs/react-dom-client.development.js:14419:13)
      at performWorkOnRootViaSchedulerTask (node_modules/react-dom/cjs/react-dom-client.development.js:16216:7)
      at flushActQueue (node_modules/react/cjs/react.development.js:566:34)
      at Object.<anonymous>.process.env.NODE_ENV.exports.act (node_modules/react/cjs/react.development.js:860:10)
      at node_modules/@testing-library/react/dist/act-compat.js:47:25
      at renderRoot (node_modules/@testing-library/react/dist/pure.js:180:26)
      at render (node_modules/@testing-library/react/dist/pure.js:271:10)
      at Object.<anonymous> (__tests__/components/portfolio-analyzer.test.tsx:191:13)

  console.warn
    The width(0) and height(0) of chart should be greater than 0,
           please check the style of container, or the props width(0) and height(0),
           or add a minWidth(0) or minHeight(undefined) or use aspect(undefined) to control the
           height and width.

    [0m [90m 189 |[39m
     [90m 190 |[39m     it([32m"should render account overview with correct values"[39m[33m,[39m () [33m=>[39m {
    [31m[1m>[22m[39m[90m 191 |[39m       render([33m<[39m[33mPortfolioAnalyzer[39m defaultData[33m=[39m{mockPortfolioData} [33m/[39m[33m>[39m)
     [90m     |[39m             [31m[1m^[22m[39m
     [90m 192 |[39m       
     [90m 193 |[39m       expect(screen[33m.[39mgetByTestId([32m"account-overview"[39m))[33m.[39mtoBeInTheDocument()
     [90m 194 |[39m       [90m// The values are formatted with .toFixed(2), so we need to match the exact format[39m[0m

      at warn (node_modules/recharts/lib/util/LogUtils.js:22:17)
      at node_modules/recharts/lib/component/ResponsiveContainer.js:118:24
      at updateMemo (node_modules/react-dom/cjs/react-dom-client.development.js:6621:19)
      at Object.useMemo (node_modules/react-dom/cjs/react-dom-client.development.js:23182:18)
      at Object.<anonymous>.process.env.NODE_ENV.exports.useMemo (node_modules/react/cjs/react.development.js:1210:34)
      at node_modules/recharts/lib/component/ResponsiveContainer.js:91:41
      at Object.react_stack_bottom_frame (node_modules/react-dom/cjs/react-dom-client.development.js:23863:20)
      at renderWithHooks (node_modules/react-dom/cjs/react-dom-client.development.js:5529:22)
      at updateForwardRef (node_modules/react-dom/cjs/react-dom-client.development.js:8645:19)
      at beginWork (node_modules/react-dom/cjs/react-dom-client.development.js:10861:18)
      at runWithFiberInDEV (node_modules/react-dom/cjs/react-dom-client.development.js:1522:13)
      at performUnitOfWork (node_modules/react-dom/cjs/react-dom-client.development.js:15140:22)
      at workLoopSync (node_modules/react-dom/cjs/react-dom-client.development.js:14956:41)
      at renderRootSync (node_modules/react-dom/cjs/react-dom-client.development.js:14936:11)
      at performWorkOnRoot (node_modules/react-dom/cjs/react-dom-client.development.js:14419:13)
      at performWorkOnRootViaSchedulerTask (node_modules/react-dom/cjs/react-dom-client.development.js:16216:7)
      at flushActQueue (node_modules/react/cjs/react.development.js:566:34)
      at Object.<anonymous>.process.env.NODE_ENV.exports.act (node_modules/react/cjs/react.development.js:860:10)
      at node_modules/@testing-library/react/dist/act-compat.js:47:25
      at renderRoot (node_modules/@testing-library/react/dist/pure.js:180:26)
      at render (node_modules/@testing-library/react/dist/pure.js:271:10)
      at Object.<anonymous> (__tests__/components/portfolio-analyzer.test.tsx:191:13)

  console.warn
    The width(0) and height(0) are both fixed numbers,
           maybe you don't need to use a ResponsiveContainer.

    [0m [90m 189 |[39m
     [90m 190 |[39m     it([32m"should render account overview with correct values"[39m[33m,[39m () [33m=>[39m {
    [31m[1m>[22m[39m[90m 191 |[39m       render([33m<[39m[33mPortfolioAnalyzer[39m defaultData[33m=[39m{mockPortfolioData} [33m/[39m[33m>[39m)
     [90m     |[39m             [31m[1m^[22m[39m
     [90m 192 |[39m       
     [90m 193 |[39m       expect(screen[33m.[39mgetByTestId([32m"account-overview"[39m))[33m.[39mtoBeInTheDocument()
     [90m 194 |[39m       [90m// The values are formatted with .toFixed(2), so we need to match the exact format[39m[0m

      at warn (node_modules/recharts/lib/util/LogUtils.js:22:17)
      at node_modules/recharts/lib/component/ResponsiveContainer.js:99:24
      at updateMemo (node_modules/react-dom/cjs/react-dom-client.development.js:6621:19)
      at Object.useMemo (node_modules/react-dom/cjs/react-dom-client.development.js:23182:18)
      at Object.<anonymous>.process.env.NODE_ENV.exports.useMemo (node_modules/react/cjs/react.development.js:1210:34)
      at node_modules/recharts/lib/component/ResponsiveContainer.js:91:41
      at Object.react_stack_bottom_frame (node_modules/react-dom/cjs/react-dom-client.development.js:23863:20)
      at renderWithHooks (node_modules/react-dom/cjs/react-dom-client.development.js:5529:22)
      at updateForwardRef (node_modules/react-dom/cjs/react-dom-client.development.js:8645:19)
      at beginWork (node_modules/react-dom/cjs/react-dom-client.development.js:10861:18)
      at runWithFiberInDEV (node_modules/react-dom/cjs/react-dom-client.development.js:1522:13)
      at performUnitOfWork (node_modules/react-dom/cjs/react-dom-client.development.js:15140:22)
      at workLoopSync (node_modules/react-dom/cjs/react-dom-client.development.js:14956:41)
      at renderRootSync (node_modules/react-dom/cjs/react-dom-client.development.js:14936:11)
      at performWorkOnRoot (node_modules/react-dom/cjs/react-dom-client.development.js:14419:13)
      at performWorkOnRootViaSchedulerTask (node_modules/react-dom/cjs/react-dom-client.development.js:16216:7)
      at flushActQueue (node_modules/react/cjs/react.development.js:566:34)
      at Object.<anonymous>.process.env.NODE_ENV.exports.act (node_modules/react/cjs/react.development.js:860:10)
      at node_modules/@testing-library/react/dist/act-compat.js:47:25
      at renderRoot (node_modules/@testing-library/react/dist/pure.js:180:26)
      at render (node_modules/@testing-library/react/dist/pure.js:271:10)
      at Object.<anonymous> (__tests__/components/portfolio-analyzer.test.tsx:191:13)

  console.warn
    The width(0) and height(0) of chart should be greater than 0,
           please check the style of container, or the props width(0) and height(0),
           or add a minWidth(0) or minHeight(undefined) or use aspect(undefined) to control the
           height and width.

    [0m [90m 189 |[39m
     [90m 190 |[39m     it([32m"should render account overview with correct values"[39m[33m,[39m () [33m=>[39m {
    [31m[1m>[22m[39m[90m 191 |[39m       render([33m<[39m[33mPortfolioAnalyzer[39m defaultData[33m=[39m{mockPortfolioData} [33m/[39m[33m>[39m)
     [90m     |[39m             [31m[1m^[22m[39m
     [90m 192 |[39m       
     [90m 193 |[39m       expect(screen[33m.[39mgetByTestId([32m"account-overview"[39m))[33m.[39mtoBeInTheDocument()
     [90m 194 |[39m       [90m// The values are formatted with .toFixed(2), so we need to match the exact format[39m[0m

      at warn (node_modules/recharts/lib/util/LogUtils.js:22:17)
      at node_modules/recharts/lib/component/ResponsiveContainer.js:118:24
      at updateMemo (node_modules/react-dom/cjs/react-dom-client.development.js:6621:19)
      at Object.useMemo (node_modules/react-dom/cjs/react-dom-client.development.js:23182:18)
      at Object.<anonymous>.process.env.NODE_ENV.exports.useMemo (node_modules/react/cjs/react.development.js:1210:34)
      at node_modules/recharts/lib/component/ResponsiveContainer.js:91:41
      at Object.react_stack_bottom_frame (node_modules/react-dom/cjs/react-dom-client.development.js:23863:20)
      at renderWithHooks (node_modules/react-dom/cjs/react-dom-client.development.js:5529:22)
      at updateForwardRef (node_modules/react-dom/cjs/react-dom-client.development.js:8645:19)
      at beginWork (node_modules/react-dom/cjs/react-dom-client.development.js:10861:18)
      at runWithFiberInDEV (node_modules/react-dom/cjs/react-dom-client.development.js:1522:13)
      at performUnitOfWork (node_modules/react-dom/cjs/react-dom-client.development.js:15140:22)
      at workLoopSync (node_modules/react-dom/cjs/react-dom-client.development.js:14956:41)
      at renderRootSync (node_modules/react-dom/cjs/react-dom-client.development.js:14936:11)
      at performWorkOnRoot (node_modules/react-dom/cjs/react-dom-client.development.js:14419:13)
      at performWorkOnRootViaSchedulerTask (node_modules/react-dom/cjs/react-dom-client.development.js:16216:7)
      at flushActQueue (node_modules/react/cjs/react.development.js:566:34)
      at Object.<anonymous>.process.env.NODE_ENV.exports.act (node_modules/react/cjs/react.development.js:860:10)
      at node_modules/@testing-library/react/dist/act-compat.js:47:25
      at renderRoot (node_modules/@testing-library/react/dist/pure.js:180:26)
      at render (node_modules/@testing-library/react/dist/pure.js:271:10)
      at Object.<anonymous> (__tests__/components/portfolio-analyzer.test.tsx:191:13)

  console.warn
    The width(0) and height(0) are both fixed numbers,
           maybe you don't need to use a ResponsiveContainer.

    [0m [90m 189 |[39m
     [90m 190 |[39m     it([32m"should render account overview with correct values"[39m[33m,[39m () [33m=>[39m {
    [31m[1m>[22m[39m[90m 191 |[39m       render([33m<[39m[33mPortfolioAnalyzer[39m defaultData[33m=[39m{mockPortfolioData} [33m/[39m[33m>[39m)
     [90m     |[39m             [31m[1m^[22m[39m
     [90m 192 |[39m       
     [90m 193 |[39m       expect(screen[33m.[39mgetByTestId([32m"account-overview"[39m))[33m.[39mtoBeInTheDocument()
     [90m 194 |[39m       [90m// The values are formatted with .toFixed(2), so we need to match the exact format[39m[0m

      at warn (node_modules/recharts/lib/util/LogUtils.js:22:17)
      at node_modules/recharts/lib/component/ResponsiveContainer.js:99:24
      at updateMemo (node_modules/react-dom/cjs/react-dom-client.development.js:6621:19)
      at Object.useMemo (node_modules/react-dom/cjs/react-dom-client.development.js:23182:18)
      at Object.<anonymous>.process.env.NODE_ENV.exports.useMemo (node_modules/react/cjs/react.development.js:1210:34)
      at node_modules/recharts/lib/component/ResponsiveContainer.js:91:41
      at Object.react_stack_bottom_frame (node_modules/react-dom/cjs/react-dom-client.development.js:23863:20)
      at renderWithHooks (node_modules/react-dom/cjs/react-dom-client.development.js:5529:22)
      at updateForwardRef (node_modules/react-dom/cjs/react-dom-client.development.js:8645:19)
      at beginWork (node_modules/react-dom/cjs/react-dom-client.development.js:10861:18)
      at runWithFiberInDEV (node_modules/react-dom/cjs/react-dom-client.development.js:1522:13)
      at performUnitOfWork (node_modules/react-dom/cjs/react-dom-client.development.js:15140:22)
      at workLoopSync (node_modules/react-dom/cjs/react-dom-client.development.js:14956:41)
      at renderRootSync (node_modules/react-dom/cjs/react-dom-client.development.js:14936:11)
      at performWorkOnRoot (node_modules/react-dom/cjs/react-dom-client.development.js:14419:13)
      at performWorkOnRootViaSchedulerTask (node_modules/react-dom/cjs/react-dom-client.development.js:16216:7)
      at flushActQueue (node_modules/react/cjs/react.development.js:566:34)
      at Object.<anonymous>.process.env.NODE_ENV.exports.act (node_modules/react/cjs/react.development.js:860:10)
      at node_modules/@testing-library/react/dist/act-compat.js:47:25
      at renderRoot (node_modules/@testing-library/react/dist/pure.js:180:26)
      at render (node_modules/@testing-library/react/dist/pure.js:271:10)
      at Object.<anonymous> (__tests__/components/portfolio-analyzer.test.tsx:191:13)

  console.warn
    The width(0) and height(0) of chart should be greater than 0,
           please check the style of container, or the props width(0) and height(0),
           or add a minWidth(0) or minHeight(undefined) or use aspect(undefined) to control the
           height and width.

    [0m [90m 189 |[39m
     [90m 190 |[39m     it([32m"should render account overview with correct values"[39m[33m,[39m () [33m=>[39m {
    [31m[1m>[22m[39m[90m 191 |[39m       render([33m<[39m[33mPortfolioAnalyzer[39m defaultData[33m=[39m{mockPortfolioData} [33m/[39m[33m>[39m)
     [90m     |[39m             [31m[1m^[22m[39m
     [90m 192 |[39m       
     [90m 193 |[39m       expect(screen[33m.[39mgetByTestId([32m"account-overview"[39m))[33m.[39mtoBeInTheDocument()
     [90m 194 |[39m       [90m// The values are formatted with .toFixed(2), so we need to match the exact format[39m[0m

      at warn (node_modules/recharts/lib/util/LogUtils.js:22:17)
      at node_modules/recharts/lib/component/ResponsiveContainer.js:118:24
      at updateMemo (node_modules/react-dom/cjs/react-dom-client.development.js:6621:19)
      at Object.useMemo (node_modules/react-dom/cjs/react-dom-client.development.js:23182:18)
      at Object.<anonymous>.process.env.NODE_ENV.exports.useMemo (node_modules/react/cjs/react.development.js:1210:34)
      at node_modules/recharts/lib/component/ResponsiveContainer.js:91:41
      at Object.react_stack_bottom_frame (node_modules/react-dom/cjs/react-dom-client.development.js:23863:20)
      at renderWithHooks (node_modules/react-dom/cjs/react-dom-client.development.js:5529:22)
      at updateForwardRef (node_modules/react-dom/cjs/react-dom-client.development.js:8645:19)
      at beginWork (node_modules/react-dom/cjs/react-dom-client.development.js:10861:18)
      at runWithFiberInDEV (node_modules/react-dom/cjs/react-dom-client.development.js:1522:13)
      at performUnitOfWork (node_modules/react-dom/cjs/react-dom-client.development.js:15140:22)
      at workLoopSync (node_modules/react-dom/cjs/react-dom-client.development.js:14956:41)
      at renderRootSync (node_modules/react-dom/cjs/react-dom-client.development.js:14936:11)
      at performWorkOnRoot (node_modules/react-dom/cjs/react-dom-client.development.js:14419:13)
      at performWorkOnRootViaSchedulerTask (node_modules/react-dom/cjs/react-dom-client.development.js:16216:7)
      at flushActQueue (node_modules/react/cjs/react.development.js:566:34)
      at Object.<anonymous>.process.env.NODE_ENV.exports.act (node_modules/react/cjs/react.development.js:860:10)
      at node_modules/@testing-library/react/dist/act-compat.js:47:25
      at renderRoot (node_modules/@testing-library/react/dist/pure.js:180:26)
      at render (node_modules/@testing-library/react/dist/pure.js:271:10)
      at Object.<anonymous> (__tests__/components/portfolio-analyzer.test.tsx:191:13)

  console.warn
    The width(0) and height(0) are both fixed numbers,
           maybe you don't need to use a ResponsiveContainer.

    [0m [90m 189 |[39m
     [90m 190 |[39m     it([32m"should render account overview with correct values"[39m[33m,[39m () [33m=>[39m {
    [31m[1m>[22m[39m[90m 191 |[39m       render([33m<[39m[33mPortfolioAnalyzer[39m defaultData[33m=[39m{mockPortfolioData} [33m/[39m[33m>[39m)
     [90m     |[39m             [31m[1m^[22m[39m
     [90m 192 |[39m       
     [90m 193 |[39m       expect(screen[33m.[39mgetByTestId([32m"account-overview"[39m))[33m.[39mtoBeInTheDocument()
     [90m 194 |[39m       [90m// The values are formatted with .toFixed(2), so we need to match the exact format[39m[0m

      at warn (node_modules/recharts/lib/util/LogUtils.js:22:17)
      at node_modules/recharts/lib/component/ResponsiveContainer.js:99:24
      at updateMemo (node_modules/react-dom/cjs/react-dom-client.development.js:6621:19)
      at Object.useMemo (node_modules/react-dom/cjs/react-dom-client.development.js:23182:18)
      at Object.<anonymous>.process.env.NODE_ENV.exports.useMemo (node_modules/react/cjs/react.development.js:1210:34)
      at node_modules/recharts/lib/component/ResponsiveContainer.js:91:41
      at Object.react_stack_bottom_frame (node_modules/react-dom/cjs/react-dom-client.development.js:23863:20)
      at renderWithHooks (node_modules/react-dom/cjs/react-dom-client.development.js:5529:22)
      at updateForwardRef (node_modules/react-dom/cjs/react-dom-client.development.js:8645:19)
      at beginWork (node_modules/react-dom/cjs/react-dom-client.development.js:10861:18)
      at runWithFiberInDEV (node_modules/react-dom/cjs/react-dom-client.development.js:1522:13)
      at performUnitOfWork (node_modules/react-dom/cjs/react-dom-client.development.js:15140:22)
      at workLoopSync (node_modules/react-dom/cjs/react-dom-client.development.js:14956:41)
      at renderRootSync (node_modules/react-dom/cjs/react-dom-client.development.js:14936:11)
      at performWorkOnRoot (node_modules/react-dom/cjs/react-dom-client.development.js:14419:13)
      at performWorkOnRootViaSchedulerTask (node_modules/react-dom/cjs/react-dom-client.development.js:16216:7)
      at flushActQueue (node_modules/react/cjs/react.development.js:566:34)
      at Object.<anonymous>.process.env.NODE_ENV.exports.act (node_modules/react/cjs/react.development.js:860:10)
      at node_modules/@testing-library/react/dist/act-compat.js:47:25
      at renderRoot (node_modules/@testing-library/react/dist/pure.js:180:26)
      at render (node_modules/@testing-library/react/dist/pure.js:271:10)
      at Object.<anonymous> (__tests__/components/portfolio-analyzer.test.tsx:191:13)

  console.warn
    The width(0) and height(0) of chart should be greater than 0,
           please check the style of container, or the props width(0) and height(0),
           or add a minWidth(0) or minHeight(undefined) or use aspect(undefined) to control the
           height and width.

    [0m [90m 189 |[39m
     [90m 190 |[39m     it([32m"should render account overview with correct values"[39m[33m,[39m () [33m=>[39m {
    [31m[1m>[22m[39m[90m 191 |[39m       render([33m<[39m[33mPortfolioAnalyzer[39m defaultData[33m=[39m{mockPortfolioData} [33m/[39m[33m>[39m)
     [90m     |[39m             [31m[1m^[22m[39m
     [90m 192 |[39m       
     [90m 193 |[39m       expect(screen[33m.[39mgetByTestId([32m"account-overview"[39m))[33m.[39mtoBeInTheDocument()
     [90m 194 |[39m       [90m// The values are formatted with .toFixed(2), so we need to match the exact format[39m[0m

      at warn (node_modules/recharts/lib/util/LogUtils.js:22:17)
      at node_modules/recharts/lib/component/ResponsiveContainer.js:118:24
      at updateMemo (node_modules/react-dom/cjs/react-dom-client.development.js:6621:19)
      at Object.useMemo (node_modules/react-dom/cjs/react-dom-client.development.js:23182:18)
      at Object.<anonymous>.process.env.NODE_ENV.exports.useMemo (node_modules/react/cjs/react.development.js:1210:34)
      at node_modules/recharts/lib/component/ResponsiveContainer.js:91:41
      at Object.react_stack_bottom_frame (node_modules/react-dom/cjs/react-dom-client.development.js:23863:20)
      at renderWithHooks (node_modules/react-dom/cjs/react-dom-client.development.js:5529:22)
      at updateForwardRef (node_modules/react-dom/cjs/react-dom-client.development.js:8645:19)
      at beginWork (node_modules/react-dom/cjs/react-dom-client.development.js:10861:18)
      at runWithFiberInDEV (node_modules/react-dom/cjs/react-dom-client.development.js:1522:13)
      at performUnitOfWork (node_modules/react-dom/cjs/react-dom-client.development.js:15140:22)
      at workLoopSync (node_modules/react-dom/cjs/react-dom-client.development.js:14956:41)
      at renderRootSync (node_modules/react-dom/cjs/react-dom-client.development.js:14936:11)
      at performWorkOnRoot (node_modules/react-dom/cjs/react-dom-client.development.js:14419:13)
      at performWorkOnRootViaSchedulerTask (node_modules/react-dom/cjs/react-dom-client.development.js:16216:7)
      at flushActQueue (node_modules/react/cjs/react.development.js:566:34)
      at Object.<anonymous>.process.env.NODE_ENV.exports.act (node_modules/react/cjs/react.development.js:860:10)
      at node_modules/@testing-library/react/dist/act-compat.js:47:25
      at renderRoot (node_modules/@testing-library/react/dist/pure.js:180:26)
      at render (node_modules/@testing-library/react/dist/pure.js:271:10)
      at Object.<anonymous> (__tests__/components/portfolio-analyzer.test.tsx:191:13)

  console.warn
    The width(0) and height(0) of chart should be greater than 0,
           please check the style of container, or the props width(100%) and height(100%),
           or add a minWidth(0) or minHeight(undefined) or use aspect(undefined) to control the
           height and width.

    [0m [90m 199 |[39m
     [90m 200 |[39m     it([32m"should render positions table with correct data"[39m[33m,[39m () [33m=>[39m {
    [31m[1m>[22m[39m[90m 201 |[39m       render([33m<[39m[33mPortfolioAnalyzer[39m defaultData[33m=[39m{mockPortfolioData} [33m/[39m[33m>[39m)
     [90m     |[39m             [31m[1m^[22m[39m
     [90m 202 |[39m       
     [90m 203 |[39m       expect(screen[33m.[39mgetByTestId([32m"positions-table"[39m))[33m.[39mtoBeInTheDocument()
     [90m 204 |[39m       expect(screen[33m.[39mgetByText([32m"AAPL"[39m))[33m.[39mtoBeInTheDocument()[0m

      at warn (node_modules/recharts/lib/util/LogUtils.js:22:17)
      at node_modules/recharts/lib/component/ResponsiveContainer.js:118:24
      at updateMemo (node_modules/react-dom/cjs/react-dom-client.development.js:6621:19)
      at Object.useMemo (node_modules/react-dom/cjs/react-dom-client.development.js:23182:18)
      at Object.<anonymous>.process.env.NODE_ENV.exports.useMemo (node_modules/react/cjs/react.development.js:1210:34)
      at node_modules/recharts/lib/component/ResponsiveContainer.js:91:41
      at Object.react_stack_bottom_frame (node_modules/react-dom/cjs/react-dom-client.development.js:23863:20)
      at renderWithHooks (node_modules/react-dom/cjs/react-dom-client.development.js:5529:22)
      at updateForwardRef (node_modules/react-dom/cjs/react-dom-client.development.js:8645:19)
      at beginWork (node_modules/react-dom/cjs/react-dom-client.development.js:10861:18)
      at runWithFiberInDEV (node_modules/react-dom/cjs/react-dom-client.development.js:1522:13)
      at performUnitOfWork (node_modules/react-dom/cjs/react-dom-client.development.js:15140:22)
      at workLoopSync (node_modules/react-dom/cjs/react-dom-client.development.js:14956:41)
      at renderRootSync (node_modules/react-dom/cjs/react-dom-client.development.js:14936:11)
      at performWorkOnRoot (node_modules/react-dom/cjs/react-dom-client.development.js:14419:13)
      at performSyncWorkOnRoot (node_modules/react-dom/cjs/react-dom-client.development.js:16231:7)
      at flushSyncWorkAcrossRoots_impl (node_modules/react-dom/cjs/react-dom-client.development.js:16079:21)
      at flushSpawnedWork (node_modules/react-dom/cjs/react-dom-client.development.js:15677:9)
      at commitRoot (node_modules/react-dom/cjs/react-dom-client.development.js:15403:9)
      at performWorkOnRoot (node_modules/react-dom/cjs/react-dom-client.development.js:14526:15)
      at performWorkOnRootViaSchedulerTask (node_modules/react-dom/cjs/react-dom-client.development.js:16216:7)
      at flushActQueue (node_modules/react/cjs/react.development.js:566:34)
      at Object.<anonymous>.process.env.NODE_ENV.exports.act (node_modules/react/cjs/react.development.js:860:10)
      at node_modules/@testing-library/react/dist/act-compat.js:47:25
      at renderRoot (node_modules/@testing-library/react/dist/pure.js:180:26)
      at render (node_modules/@testing-library/react/dist/pure.js:271:10)
      at Object.<anonymous> (__tests__/components/portfolio-analyzer.test.tsx:201:13)

  console.warn
    The width(0) and height(0) of chart should be greater than 0,
           please check the style of container, or the props width(100%) and height(100%),
           or add a minWidth(0) or minHeight(undefined) or use aspect(undefined) to control the
           height and width.

    [0m [90m 199 |[39m
     [90m 200 |[39m     it([32m"should render positions table with correct data"[39m[33m,[39m () [33m=>[39m {
    [31m[1m>[22m[39m[90m 201 |[39m       render([33m<[39m[33mPortfolioAnalyzer[39m defaultData[33m=[39m{mockPortfolioData} [33m/[39m[33m>[39m)
     [90m     |[39m             [31m[1m^[22m[39m
     [90m 202 |[39m       
     [90m 203 |[39m       expect(screen[33m.[39mgetByTestId([32m"positions-table"[39m))[33m.[39mtoBeInTheDocument()
     [90m 204 |[39m       expect(screen[33m.[39mgetByText([32m"AAPL"[39m))[33m.[39mtoBeInTheDocument()[0m

      at warn (node_modules/recharts/lib/util/LogUtils.js:22:17)
      at node_modules/recharts/lib/component/ResponsiveContainer.js:118:24
      at updateMemo (node_modules/react-dom/cjs/react-dom-client.development.js:6621:19)
      at Object.useMemo (node_modules/react-dom/cjs/react-dom-client.development.js:23182:18)
      at Object.<anonymous>.process.env.NODE_ENV.exports.useMemo (node_modules/react/cjs/react.development.js:1210:34)
      at node_modules/recharts/lib/component/ResponsiveContainer.js:91:41
      at Object.react_stack_bottom_frame (node_modules/react-dom/cjs/react-dom-client.development.js:23863:20)
      at renderWithHooks (node_modules/react-dom/cjs/react-dom-client.development.js:5529:22)
      at updateForwardRef (node_modules/react-dom/cjs/react-dom-client.development.js:8645:19)
      at beginWork (node_modules/react-dom/cjs/react-dom-client.development.js:10861:18)
      at runWithFiberInDEV (node_modules/react-dom/cjs/react-dom-client.development.js:1522:13)
      at performUnitOfWork (node_modules/react-dom/cjs/react-dom-client.development.js:15140:22)
      at workLoopSync (node_modules/react-dom/cjs/react-dom-client.development.js:14956:41)
      at renderRootSync (node_modules/react-dom/cjs/react-dom-client.development.js:14936:11)
      at performWorkOnRoot (node_modules/react-dom/cjs/react-dom-client.development.js:14419:13)
      at performSyncWorkOnRoot (node_modules/react-dom/cjs/react-dom-client.development.js:16231:7)
      at flushSyncWorkAcrossRoots_impl (node_modules/react-dom/cjs/react-dom-client.development.js:16079:21)
      at flushSpawnedWork (node_modules/react-dom/cjs/react-dom-client.development.js:15677:9)
      at commitRoot (node_modules/react-dom/cjs/react-dom-client.development.js:15403:9)
      at performWorkOnRoot (node_modules/react-dom/cjs/react-dom-client.development.js:14526:15)
      at performWorkOnRootViaSchedulerTask (node_modules/react-dom/cjs/react-dom-client.development.js:16216:7)
      at flushActQueue (node_modules/react/cjs/react.development.js:566:34)
      at Object.<anonymous>.process.env.NODE_ENV.exports.act (node_modules/react/cjs/react.development.js:860:10)
      at node_modules/@testing-library/react/dist/act-compat.js:47:25
      at renderRoot (node_modules/@testing-library/react/dist/pure.js:180:26)
      at render (node_modules/@testing-library/react/dist/pure.js:271:10)
      at Object.<anonymous> (__tests__/components/portfolio-analyzer.test.tsx:201:13)

  console.warn
    The width(0) and height(0) of chart should be greater than 0,
           please check the style of container, or the props width(100%) and height(100%),
           or add a minWidth(0) or minHeight(undefined) or use aspect(undefined) to control the
           height and width.

    [0m [90m 199 |[39m
     [90m 200 |[39m     it([32m"should render positions table with correct data"[39m[33m,[39m () [33m=>[39m {
    [31m[1m>[22m[39m[90m 201 |[39m       render([33m<[39m[33mPortfolioAnalyzer[39m defaultData[33m=[39m{mockPortfolioData} [33m/[39m[33m>[39m)
     [90m     |[39m             [31m[1m^[22m[39m
     [90m 202 |[39m       
     [90m 203 |[39m       expect(screen[33m.[39mgetByTestId([32m"positions-table"[39m))[33m.[39mtoBeInTheDocument()
     [90m 204 |[39m       expect(screen[33m.[39mgetByText([32m"AAPL"[39m))[33m.[39mtoBeInTheDocument()[0m

      at warn (node_modules/recharts/lib/util/LogUtils.js:22:17)
      at node_modules/recharts/lib/component/ResponsiveContainer.js:118:24
      at updateMemo (node_modules/react-dom/cjs/react-dom-client.development.js:6621:19)
      at Object.useMemo (node_modules/react-dom/cjs/react-dom-client.development.js:23182:18)
      at Object.<anonymous>.process.env.NODE_ENV.exports.useMemo (node_modules/react/cjs/react.development.js:1210:34)
      at node_modules/recharts/lib/component/ResponsiveContainer.js:91:41
      at Object.react_stack_bottom_frame (node_modules/react-dom/cjs/react-dom-client.development.js:23863:20)
      at renderWithHooks (node_modules/react-dom/cjs/react-dom-client.development.js:5529:22)
      at updateForwardRef (node_modules/react-dom/cjs/react-dom-client.development.js:8645:19)
      at beginWork (node_modules/react-dom/cjs/react-dom-client.development.js:10861:18)
      at runWithFiberInDEV (node_modules/react-dom/cjs/react-dom-client.development.js:1522:13)
      at performUnitOfWork (node_modules/react-dom/cjs/react-dom-client.development.js:15140:22)
      at workLoopSync (node_modules/react-dom/cjs/react-dom-client.development.js:14956:41)
      at renderRootSync (node_modules/react-dom/cjs/react-dom-client.development.js:14936:11)
      at performWorkOnRoot (node_modules/react-dom/cjs/react-dom-client.development.js:14419:13)
      at performSyncWorkOnRoot (node_modules/react-dom/cjs/react-dom-client.development.js:16231:7)
      at flushSyncWorkAcrossRoots_impl (node_modules/react-dom/cjs/react-dom-client.development.js:16079:21)
      at flushSpawnedWork (node_modules/react-dom/cjs/react-dom-client.development.js:15677:9)
      at commitRoot (node_modules/react-dom/cjs/react-dom-client.development.js:15403:9)
      at performWorkOnRoot (node_modules/react-dom/cjs/react-dom-client.development.js:14526:15)
      at performWorkOnRootViaSchedulerTask (node_modules/react-dom/cjs/react-dom-client.development.js:16216:7)
      at flushActQueue (node_modules/react/cjs/react.development.js:566:34)
      at Object.<anonymous>.process.env.NODE_ENV.exports.act (node_modules/react/cjs/react.development.js:860:10)
      at node_modules/@testing-library/react/dist/act-compat.js:47:25
      at renderRoot (node_modules/@testing-library/react/dist/pure.js:180:26)
      at render (node_modules/@testing-library/react/dist/pure.js:271:10)
      at Object.<anonymous> (__tests__/components/portfolio-analyzer.test.tsx:201:13)

  console.warn
    The width(0) and height(0) of chart should be greater than 0,
           please check the style of container, or the props width(100%) and height(100%),
           or add a minWidth(0) or minHeight(undefined) or use aspect(undefined) to control the
           height and width.

    [0m [90m 199 |[39m
     [90m 200 |[39m     it([32m"should render positions table with correct data"[39m[33m,[39m () [33m=>[39m {
    [31m[1m>[22m[39m[90m 201 |[39m       render([33m<[39m[33mPortfolioAnalyzer[39m defaultData[33m=[39m{mockPortfolioData} [33m/[39m[33m>[39m)
     [90m     |[39m             [31m[1m^[22m[39m
     [90m 202 |[39m       
     [90m 203 |[39m       expect(screen[33m.[39mgetByTestId([32m"positions-table"[39m))[33m.[39mtoBeInTheDocument()
     [90m 204 |[39m       expect(screen[33m.[39mgetByText([32m"AAPL"[39m))[33m.[39mtoBeInTheDocument()[0m

      at warn (node_modules/recharts/lib/util/LogUtils.js:22:17)
      at node_modules/recharts/lib/component/ResponsiveContainer.js:118:24
      at updateMemo (node_modules/react-dom/cjs/react-dom-client.development.js:6621:19)
      at Object.useMemo (node_modules/react-dom/cjs/react-dom-client.development.js:23182:18)
      at Object.<anonymous>.process.env.NODE_ENV.exports.useMemo (node_modules/react/cjs/react.development.js:1210:34)
      at node_modules/recharts/lib/component/ResponsiveContainer.js:91:41
      at Object.react_stack_bottom_frame (node_modules/react-dom/cjs/react-dom-client.development.js:23863:20)
      at renderWithHooks (node_modules/react-dom/cjs/react-dom-client.development.js:5529:22)
      at updateForwardRef (node_modules/react-dom/cjs/react-dom-client.development.js:8645:19)
      at beginWork (node_modules/react-dom/cjs/react-dom-client.development.js:10861:18)
      at runWithFiberInDEV (node_modules/react-dom/cjs/react-dom-client.development.js:1522:13)
      at performUnitOfWork (node_modules/react-dom/cjs/react-dom-client.development.js:15140:22)
      at workLoopSync (node_modules/react-dom/cjs/react-dom-client.development.js:14956:41)
      at renderRootSync (node_modules/react-dom/cjs/react-dom-client.development.js:14936:11)
      at performWorkOnRoot (node_modules/react-dom/cjs/react-dom-client.development.js:14419:13)
      at performSyncWorkOnRoot (node_modules/react-dom/cjs/react-dom-client.development.js:16231:7)
      at flushSyncWorkAcrossRoots_impl (node_modules/react-dom/cjs/react-dom-client.development.js:16079:21)
      at flushSpawnedWork (node_modules/react-dom/cjs/react-dom-client.development.js:15677:9)
      at commitRoot (node_modules/react-dom/cjs/react-dom-client.development.js:15403:9)
      at performWorkOnRoot (node_modules/react-dom/cjs/react-dom-client.development.js:14526:15)
      at performWorkOnRootViaSchedulerTask (node_modules/react-dom/cjs/react-dom-client.development.js:16216:7)
      at flushActQueue (node_modules/react/cjs/react.development.js:566:34)
      at Object.<anonymous>.process.env.NODE_ENV.exports.act (node_modules/react/cjs/react.development.js:860:10)
      at node_modules/@testing-library/react/dist/act-compat.js:47:25
      at renderRoot (node_modules/@testing-library/react/dist/pure.js:180:26)
      at render (node_modules/@testing-library/react/dist/pure.js:271:10)
      at Object.<anonymous> (__tests__/components/portfolio-analyzer.test.tsx:201:13)

  console.warn
    The width(0) and height(0) of chart should be greater than 0,
           please check the style of container, or the props width(100%) and height(100%),
           or add a minWidth(0) or minHeight(undefined) or use aspect(undefined) to control the
           height and width.

    [0m [90m 199 |[39m
     [90m 200 |[39m     it([32m"should render positions table with correct data"[39m[33m,[39m () [33m=>[39m {
    [31m[1m>[22m[39m[90m 201 |[39m       render([33m<[39m[33mPortfolioAnalyzer[39m defaultData[33m=[39m{mockPortfolioData} [33m/[39m[33m>[39m)
     [90m     |[39m             [31m[1m^[22m[39m
     [90m 202 |[39m       
     [90m 203 |[39m       expect(screen[33m.[39mgetByTestId([32m"positions-table"[39m))[33m.[39mtoBeInTheDocument()
     [90m 204 |[39m       expect(screen[33m.[39mgetByText([32m"AAPL"[39m))[33m.[39mtoBeInTheDocument()[0m

      at warn (node_modules/recharts/lib/util/LogUtils.js:22:17)
      at node_modules/recharts/lib/component/ResponsiveContainer.js:118:24
      at updateMemo (node_modules/react-dom/cjs/react-dom-client.development.js:6621:19)
      at Object.useMemo (node_modules/react-dom/cjs/react-dom-client.development.js:23182:18)
      at Object.<anonymous>.process.env.NODE_ENV.exports.useMemo (node_modules/react/cjs/react.development.js:1210:34)
      at node_modules/recharts/lib/component/ResponsiveContainer.js:91:41
      at Object.react_stack_bottom_frame (node_modules/react-dom/cjs/react-dom-client.development.js:23863:20)
      at renderWithHooks (node_modules/react-dom/cjs/react-dom-client.development.js:5529:22)
      at updateForwardRef (node_modules/react-dom/cjs/react-dom-client.development.js:8645:19)
      at beginWork (node_modules/react-dom/cjs/react-dom-client.development.js:10861:18)
      at runWithFiberInDEV (node_modules/react-dom/cjs/react-dom-client.development.js:1522:13)
      at performUnitOfWork (node_modules/react-dom/cjs/react-dom-client.development.js:15140:22)
      at workLoopSync (node_modules/react-dom/cjs/react-dom-client.development.js:14956:41)
      at renderRootSync (node_modules/react-dom/cjs/react-dom-client.development.js:14936:11)
      at performWorkOnRoot (node_modules/react-dom/cjs/react-dom-client.development.js:14419:13)
      at performSyncWorkOnRoot (node_modules/react-dom/cjs/react-dom-client.development.js:16231:7)
      at flushSyncWorkAcrossRoots_impl (node_modules/react-dom/cjs/react-dom-client.development.js:16079:21)
      at flushSpawnedWork (node_modules/react-dom/cjs/react-dom-client.development.js:15677:9)
      at commitRoot (node_modules/react-dom/cjs/react-dom-client.development.js:15403:9)
      at performWorkOnRoot (node_modules/react-dom/cjs/react-dom-client.development.js:14526:15)
      at performWorkOnRootViaSchedulerTask (node_modules/react-dom/cjs/react-dom-client.development.js:16216:7)
      at flushActQueue (node_modules/react/cjs/react.development.js:566:34)
      at Object.<anonymous>.process.env.NODE_ENV.exports.act (node_modules/react/cjs/react.development.js:860:10)
      at node_modules/@testing-library/react/dist/act-compat.js:47:25
      at renderRoot (node_modules/@testing-library/react/dist/pure.js:180:26)
      at render (node_modules/@testing-library/react/dist/pure.js:271:10)
      at Object.<anonymous> (__tests__/components/portfolio-analyzer.test.tsx:201:13)

  console.warn
    The width(0) and height(0) are both fixed numbers,
           maybe you don't need to use a ResponsiveContainer.

    [0m [90m 199 |[39m
     [90m 200 |[39m     it([32m"should render positions table with correct data"[39m[33m,[39m () [33m=>[39m {
    [31m[1m>[22m[39m[90m 201 |[39m       render([33m<[39m[33mPortfolioAnalyzer[39m defaultData[33m=[39m{mockPortfolioData} [33m/[39m[33m>[39m)
     [90m     |[39m             [31m[1m^[22m[39m
     [90m 202 |[39m       
     [90m 203 |[39m       expect(screen[33m.[39mgetByTestId([32m"positions-table"[39m))[33m.[39mtoBeInTheDocument()
     [90m 204 |[39m       expect(screen[33m.[39mgetByText([32m"AAPL"[39m))[33m.[39mtoBeInTheDocument()[0m

      at warn (node_modules/recharts/lib/util/LogUtils.js:22:17)
      at node_modules/recharts/lib/component/ResponsiveContainer.js:99:24
      at updateMemo (node_modules/react-dom/cjs/react-dom-client.development.js:6621:19)
      at Object.useMemo (node_modules/react-dom/cjs/react-dom-client.development.js:23182:18)
      at Object.<anonymous>.process.env.NODE_ENV.exports.useMemo (node_modules/react/cjs/react.development.js:1210:34)
      at node_modules/recharts/lib/component/ResponsiveContainer.js:91:41
      at Object.react_stack_bottom_frame (node_modules/react-dom/cjs/react-dom-client.development.js:23863:20)
      at renderWithHooks (node_modules/react-dom/cjs/react-dom-client.development.js:5529:22)
      at updateForwardRef (node_modules/react-dom/cjs/react-dom-client.development.js:8645:19)
      at beginWork (node_modules/react-dom/cjs/react-dom-client.development.js:10861:18)
      at runWithFiberInDEV (node_modules/react-dom/cjs/react-dom-client.development.js:1522:13)
      at performUnitOfWork (node_modules/react-dom/cjs/react-dom-client.development.js:15140:22)
      at workLoopSync (node_modules/react-dom/cjs/react-dom-client.development.js:14956:41)
      at renderRootSync (node_modules/react-dom/cjs/react-dom-client.development.js:14936:11)
      at performWorkOnRoot (node_modules/react-dom/cjs/react-dom-client.development.js:14419:13)
      at performWorkOnRootViaSchedulerTask (node_modules/react-dom/cjs/react-dom-client.development.js:16216:7)
      at flushActQueue (node_modules/react/cjs/react.development.js:566:34)
      at Object.<anonymous>.process.env.NODE_ENV.exports.act (node_modules/react/cjs/react.development.js:860:10)
      at node_modules/@testing-library/react/dist/act-compat.js:47:25
      at renderRoot (node_modules/@testing-library/react/dist/pure.js:180:26)
      at render (node_modules/@testing-library/react/dist/pure.js:271:10)
      at Object.<anonymous> (__tests__/components/portfolio-analyzer.test.tsx:201:13)

  console.warn
    The width(0) and height(0) of chart should be greater than 0,
           please check the style of container, or the props width(0) and height(0),
           or add a minWidth(0) or minHeight(undefined) or use aspect(undefined) to control the
           height and width.

    [0m [90m 199 |[39m
     [90m 200 |[39m     it([32m"should render positions table with correct data"[39m[33m,[39m () [33m=>[39m {
    [31m[1m>[22m[39m[90m 201 |[39m       render([33m<[39m[33mPortfolioAnalyzer[39m defaultData[33m=[39m{mockPortfolioData} [33m/[39m[33m>[39m)
     [90m     |[39m             [31m[1m^[22m[39m
     [90m 202 |[39m       
     [90m 203 |[39m       expect(screen[33m.[39mgetByTestId([32m"positions-table"[39m))[33m.[39mtoBeInTheDocument()
     [90m 204 |[39m       expect(screen[33m.[39mgetByText([32m"AAPL"[39m))[33m.[39mtoBeInTheDocument()[0m

      at warn (node_modules/recharts/lib/util/LogUtils.js:22:17)
      at node_modules/recharts/lib/component/ResponsiveContainer.js:118:24
      at updateMemo (node_modules/react-dom/cjs/react-dom-client.development.js:6621:19)
      at Object.useMemo (node_modules/react-dom/cjs/react-dom-client.development.js:23182:18)
      at Object.<anonymous>.process.env.NODE_ENV.exports.useMemo (node_modules/react/cjs/react.development.js:1210:34)
      at node_modules/recharts/lib/component/ResponsiveContainer.js:91:41
      at Object.react_stack_bottom_frame (node_modules/react-dom/cjs/react-dom-client.development.js:23863:20)
      at renderWithHooks (node_modules/react-dom/cjs/react-dom-client.development.js:5529:22)
      at updateForwardRef (node_modules/react-dom/cjs/react-dom-client.development.js:8645:19)
      at beginWork (node_modules/react-dom/cjs/react-dom-client.development.js:10861:18)
      at runWithFiberInDEV (node_modules/react-dom/cjs/react-dom-client.development.js:1522:13)
      at performUnitOfWork (node_modules/react-dom/cjs/react-dom-client.development.js:15140:22)
      at workLoopSync (node_modules/react-dom/cjs/react-dom-client.development.js:14956:41)
      at renderRootSync (node_modules/react-dom/cjs/react-dom-client.development.js:14936:11)
      at performWorkOnRoot (node_modules/react-dom/cjs/react-dom-client.development.js:14419:13)
      at performWorkOnRootViaSchedulerTask (node_modules/react-dom/cjs/react-dom-client.development.js:16216:7)
      at flushActQueue (node_modules/react/cjs/react.development.js:566:34)
      at Object.<anonymous>.process.env.NODE_ENV.exports.act (node_modules/react/cjs/react.development.js:860:10)
      at node_modules/@testing-library/react/dist/act-compat.js:47:25
      at renderRoot (node_modules/@testing-library/react/dist/pure.js:180:26)
      at render (node_modules/@testing-library/react/dist/pure.js:271:10)
      at Object.<anonymous> (__tests__/components/portfolio-analyzer.test.tsx:201:13)

  console.warn
    The width(0) and height(0) are both fixed numbers,
           maybe you don't need to use a ResponsiveContainer.

    [0m [90m 199 |[39m
     [90m 200 |[39m     it([32m"should render positions table with correct data"[39m[33m,[39m () [33m=>[39m {
    [31m[1m>[22m[39m[90m 201 |[39m       render([33m<[39m[33mPortfolioAnalyzer[39m defaultData[33m=[39m{mockPortfolioData} [33m/[39m[33m>[39m)
     [90m     |[39m             [31m[1m^[22m[39m
     [90m 202 |[39m       
     [90m 203 |[39m       expect(screen[33m.[39mgetByTestId([32m"positions-table"[39m))[33m.[39mtoBeInTheDocument()
     [90m 204 |[39m       expect(screen[33m.[39mgetByText([32m"AAPL"[39m))[33m.[39mtoBeInTheDocument()[0m

      at warn (node_modules/recharts/lib/util/LogUtils.js:22:17)
      at node_modules/recharts/lib/component/ResponsiveContainer.js:99:24
      at updateMemo (node_modules/react-dom/cjs/react-dom-client.development.js:6621:19)
      at Object.useMemo (node_modules/react-dom/cjs/react-dom-client.development.js:23182:18)
      at Object.<anonymous>.process.env.NODE_ENV.exports.useMemo (node_modules/react/cjs/react.development.js:1210:34)
      at node_modules/recharts/lib/component/ResponsiveContainer.js:91:41
      at Object.react_stack_bottom_frame (node_modules/react-dom/cjs/react-dom-client.development.js:23863:20)
      at renderWithHooks (node_modules/react-dom/cjs/react-dom-client.development.js:5529:22)
      at updateForwardRef (node_modules/react-dom/cjs/react-dom-client.development.js:8645:19)
      at beginWork (node_modules/react-dom/cjs/react-dom-client.development.js:10861:18)
      at runWithFiberInDEV (node_modules/react-dom/cjs/react-dom-client.development.js:1522:13)
      at performUnitOfWork (node_modules/react-dom/cjs/react-dom-client.development.js:15140:22)
      at workLoopSync (node_modules/react-dom/cjs/react-dom-client.development.js:14956:41)
      at renderRootSync (node_modules/react-dom/cjs/react-dom-client.development.js:14936:11)
      at performWorkOnRoot (node_modules/react-dom/cjs/react-dom-client.development.js:14419:13)
      at performWorkOnRootViaSchedulerTask (node_modules/react-dom/cjs/react-dom-client.development.js:16216:7)
      at flushActQueue (node_modules/react/cjs/react.development.js:566:34)
      at Object.<anonymous>.process.env.NODE_ENV.exports.act (node_modules/react/cjs/react.development.js:860:10)
      at node_modules/@testing-library/react/dist/act-compat.js:47:25
      at renderRoot (node_modules/@testing-library/react/dist/pure.js:180:26)
      at render (node_modules/@testing-library/react/dist/pure.js:271:10)
      at Object.<anonymous> (__tests__/components/portfolio-analyzer.test.tsx:201:13)

  console.warn
    The width(0) and height(0) of chart should be greater than 0,
           please check the style of container, or the props width(0) and height(0),
           or add a minWidth(0) or minHeight(undefined) or use aspect(undefined) to control the
           height and width.

    [0m [90m 199 |[39m
     [90m 200 |[39m     it([32m"should render positions table with correct data"[39m[33m,[39m () [33m=>[39m {
    [31m[1m>[22m[39m[90m 201 |[39m       render([33m<[39m[33mPortfolioAnalyzer[39m defaultData[33m=[39m{mockPortfolioData} [33m/[39m[33m>[39m)
     [90m     |[39m             [31m[1m^[22m[39m
     [90m 202 |[39m       
     [90m 203 |[39m       expect(screen[33m.[39mgetByTestId([32m"positions-table"[39m))[33m.[39mtoBeInTheDocument()
     [90m 204 |[39m       expect(screen[33m.[39mgetByText([32m"AAPL"[39m))[33m.[39mtoBeInTheDocument()[0m

      at warn (node_modules/recharts/lib/util/LogUtils.js:22:17)
      at node_modules/recharts/lib/component/ResponsiveContainer.js:118:24
      at updateMemo (node_modules/react-dom/cjs/react-dom-client.development.js:6621:19)
      at Object.useMemo (node_modules/react-dom/cjs/react-dom-client.development.js:23182:18)
      at Object.<anonymous>.process.env.NODE_ENV.exports.useMemo (node_modules/react/cjs/react.development.js:1210:34)
      at node_modules/recharts/lib/component/ResponsiveContainer.js:91:41
      at Object.react_stack_bottom_frame (node_modules/react-dom/cjs/react-dom-client.development.js:23863:20)
      at renderWithHooks (node_modules/react-dom/cjs/react-dom-client.development.js:5529:22)
      at updateForwardRef (node_modules/react-dom/cjs/react-dom-client.development.js:8645:19)
      at beginWork (node_modules/react-dom/cjs/react-dom-client.development.js:10861:18)
      at runWithFiberInDEV (node_modules/react-dom/cjs/react-dom-client.development.js:1522:13)
      at performUnitOfWork (node_modules/react-dom/cjs/react-dom-client.development.js:15140:22)
      at workLoopSync (node_modules/react-dom/cjs/react-dom-client.development.js:14956:41)
      at renderRootSync (node_modules/react-dom/cjs/react-dom-client.development.js:14936:11)
      at performWorkOnRoot (node_modules/react-dom/cjs/react-dom-client.development.js:14419:13)
      at performWorkOnRootViaSchedulerTask (node_modules/react-dom/cjs/react-dom-client.development.js:16216:7)
      at flushActQueue (node_modules/react/cjs/react.development.js:566:34)
      at Object.<anonymous>.process.env.NODE_ENV.exports.act (node_modules/react/cjs/react.development.js:860:10)
      at node_modules/@testing-library/react/dist/act-compat.js:47:25
      at renderRoot (node_modules/@testing-library/react/dist/pure.js:180:26)
      at render (node_modules/@testing-library/react/dist/pure.js:271:10)
      at Object.<anonymous> (__tests__/components/portfolio-analyzer.test.tsx:201:13)

  console.warn
    The width(0) and height(0) are both fixed numbers,
           maybe you don't need to use a ResponsiveContainer.

    [0m [90m 199 |[39m
     [90m 200 |[39m     it([32m"should render positions table with correct data"[39m[33m,[39m () [33m=>[39m {
    [31m[1m>[22m[39m[90m 201 |[39m       render([33m<[39m[33mPortfolioAnalyzer[39m defaultData[33m=[39m{mockPortfolioData} [33m/[39m[33m>[39m)
     [90m     |[39m             [31m[1m^[22m[39m
     [90m 202 |[39m       
     [90m 203 |[39m       expect(screen[33m.[39mgetByTestId([32m"positions-table"[39m))[33m.[39mtoBeInTheDocument()
     [90m 204 |[39m       expect(screen[33m.[39mgetByText([32m"AAPL"[39m))[33m.[39mtoBeInTheDocument()[0m

      at warn (node_modules/recharts/lib/util/LogUtils.js:22:17)
      at node_modules/recharts/lib/component/ResponsiveContainer.js:99:24
      at updateMemo (node_modules/react-dom/cjs/react-dom-client.development.js:6621:19)
      at Object.useMemo (node_modules/react-dom/cjs/react-dom-client.development.js:23182:18)
      at Object.<anonymous>.process.env.NODE_ENV.exports.useMemo (node_modules/react/cjs/react.development.js:1210:34)
      at node_modules/recharts/lib/component/ResponsiveContainer.js:91:41
      at Object.react_stack_bottom_frame (node_modules/react-dom/cjs/react-dom-client.development.js:23863:20)
      at renderWithHooks (node_modules/react-dom/cjs/react-dom-client.development.js:5529:22)
      at updateForwardRef (node_modules/react-dom/cjs/react-dom-client.development.js:8645:19)
      at beginWork (node_modules/react-dom/cjs/react-dom-client.development.js:10861:18)
      at runWithFiberInDEV (node_modules/react-dom/cjs/react-dom-client.development.js:1522:13)
      at performUnitOfWork (node_modules/react-dom/cjs/react-dom-client.development.js:15140:22)
      at workLoopSync (node_modules/react-dom/cjs/react-dom-client.development.js:14956:41)
      at renderRootSync (node_modules/react-dom/cjs/react-dom-client.development.js:14936:11)
      at performWorkOnRoot (node_modules/react-dom/cjs/react-dom-client.development.js:14419:13)
      at performWorkOnRootViaSchedulerTask (node_modules/react-dom/cjs/react-dom-client.development.js:16216:7)
      at flushActQueue (node_modules/react/cjs/react.development.js:566:34)
      at Object.<anonymous>.process.env.NODE_ENV.exports.act (node_modules/react/cjs/react.development.js:860:10)
      at node_modules/@testing-library/react/dist/act-compat.js:47:25
      at renderRoot (node_modules/@testing-library/react/dist/pure.js:180:26)
      at render (node_modules/@testing-library/react/dist/pure.js:271:10)
      at Object.<anonymous> (__tests__/components/portfolio-analyzer.test.tsx:201:13)

  console.warn
    The width(0) and height(0) of chart should be greater than 0,
           please check the style of container, or the props width(0) and height(0),
           or add a minWidth(0) or minHeight(undefined) or use aspect(undefined) to control the
           height and width.

    [0m [90m 199 |[39m
     [90m 200 |[39m     it([32m"should render positions table with correct data"[39m[33m,[39m () [33m=>[39m {
    [31m[1m>[22m[39m[90m 201 |[39m       render([33m<[39m[33mPortfolioAnalyzer[39m defaultData[33m=[39m{mockPortfolioData} [33m/[39m[33m>[39m)
     [90m     |[39m             [31m[1m^[22m[39m
     [90m 202 |[39m       
     [90m 203 |[39m       expect(screen[33m.[39mgetByTestId([32m"positions-table"[39m))[33m.[39mtoBeInTheDocument()
     [90m 204 |[39m       expect(screen[33m.[39mgetByText([32m"AAPL"[39m))[33m.[39mtoBeInTheDocument()[0m

      at warn (node_modules/recharts/lib/util/LogUtils.js:22:17)
      at node_modules/recharts/lib/component/ResponsiveContainer.js:118:24
      at updateMemo (node_modules/react-dom/cjs/react-dom-client.development.js:6621:19)
      at Object.useMemo (node_modules/react-dom/cjs/react-dom-client.development.js:23182:18)
      at Object.<anonymous>.process.env.NODE_ENV.exports.useMemo (node_modules/react/cjs/react.development.js:1210:34)
      at node_modules/recharts/lib/component/ResponsiveContainer.js:91:41
      at Object.react_stack_bottom_frame (node_modules/react-dom/cjs/react-dom-client.development.js:23863:20)
      at renderWithHooks (node_modules/react-dom/cjs/react-dom-client.development.js:5529:22)
      at updateForwardRef (node_modules/react-dom/cjs/react-dom-client.development.js:8645:19)
      at beginWork (node_modules/react-dom/cjs/react-dom-client.development.js:10861:18)
      at runWithFiberInDEV (node_modules/react-dom/cjs/react-dom-client.development.js:1522:13)
      at performUnitOfWork (node_modules/react-dom/cjs/react-dom-client.development.js:15140:22)
      at workLoopSync (node_modules/react-dom/cjs/react-dom-client.development.js:14956:41)
      at renderRootSync (node_modules/react-dom/cjs/react-dom-client.development.js:14936:11)
      at performWorkOnRoot (node_modules/react-dom/cjs/react-dom-client.development.js:14419:13)
      at performWorkOnRootViaSchedulerTask (node_modules/react-dom/cjs/react-dom-client.development.js:16216:7)
      at flushActQueue (node_modules/react/cjs/react.development.js:566:34)
      at Object.<anonymous>.process.env.NODE_ENV.exports.act (node_modules/react/cjs/react.development.js:860:10)
      at node_modules/@testing-library/react/dist/act-compat.js:47:25
      at renderRoot (node_modules/@testing-library/react/dist/pure.js:180:26)
      at render (node_modules/@testing-library/react/dist/pure.js:271:10)
      at Object.<anonymous> (__tests__/components/portfolio-analyzer.test.tsx:201:13)

  console.warn
    The width(0) and height(0) are both fixed numbers,
           maybe you don't need to use a ResponsiveContainer.

    [0m [90m 199 |[39m
     [90m 200 |[39m     it([32m"should render positions table with correct data"[39m[33m,[39m () [33m=>[39m {
    [31m[1m>[22m[39m[90m 201 |[39m       render([33m<[39m[33mPortfolioAnalyzer[39m defaultData[33m=[39m{mockPortfolioData} [33m/[39m[33m>[39m)
     [90m     |[39m             [31m[1m^[22m[39m
     [90m 202 |[39m       
     [90m 203 |[39m       expect(screen[33m.[39mgetByTestId([32m"positions-table"[39m))[33m.[39mtoBeInTheDocument()
     [90m 204 |[39m       expect(screen[33m.[39mgetByText([32m"AAPL"[39m))[33m.[39mtoBeInTheDocument()[0m

      at warn (node_modules/recharts/lib/util/LogUtils.js:22:17)
      at node_modules/recharts/lib/component/ResponsiveContainer.js:99:24
      at updateMemo (node_modules/react-dom/cjs/react-dom-client.development.js:6621:19)
      at Object.useMemo (node_modules/react-dom/cjs/react-dom-client.development.js:23182:18)
      at Object.<anonymous>.process.env.NODE_ENV.exports.useMemo (node_modules/react/cjs/react.development.js:1210:34)
      at node_modules/recharts/lib/component/ResponsiveContainer.js:91:41
      at Object.react_stack_bottom_frame (node_modules/react-dom/cjs/react-dom-client.development.js:23863:20)
      at renderWithHooks (node_modules/react-dom/cjs/react-dom-client.development.js:5529:22)
      at updateForwardRef (node_modules/react-dom/cjs/react-dom-client.development.js:8645:19)
      at beginWork (node_modules/react-dom/cjs/react-dom-client.development.js:10861:18)
      at runWithFiberInDEV (node_modules/react-dom/cjs/react-dom-client.development.js:1522:13)
      at performUnitOfWork (node_modules/react-dom/cjs/react-dom-client.development.js:15140:22)
      at workLoopSync (node_modules/react-dom/cjs/react-dom-client.development.js:14956:41)
      at renderRootSync (node_modules/react-dom/cjs/react-dom-client.development.js:14936:11)
      at performWorkOnRoot (node_modules/react-dom/cjs/react-dom-client.development.js:14419:13)
      at performWorkOnRootViaSchedulerTask (node_modules/react-dom/cjs/react-dom-client.development.js:16216:7)
      at flushActQueue (node_modules/react/cjs/react.development.js:566:34)
      at Object.<anonymous>.process.env.NODE_ENV.exports.act (node_modules/react/cjs/react.development.js:860:10)
      at node_modules/@testing-library/react/dist/act-compat.js:47:25
      at renderRoot (node_modules/@testing-library/react/dist/pure.js:180:26)
      at render (node_modules/@testing-library/react/dist/pure.js:271:10)
      at Object.<anonymous> (__tests__/components/portfolio-analyzer.test.tsx:201:13)

  console.warn
    The width(0) and height(0) of chart should be greater than 0,
           please check the style of container, or the props width(0) and height(0),
           or add a minWidth(0) or minHeight(undefined) or use aspect(undefined) to control the
           height and width.

    [0m [90m 199 |[39m
     [90m 200 |[39m     it([32m"should render positions table with correct data"[39m[33m,[39m () [33m=>[39m {
    [31m[1m>[22m[39m[90m 201 |[39m       render([33m<[39m[33mPortfolioAnalyzer[39m defaultData[33m=[39m{mockPortfolioData} [33m/[39m[33m>[39m)
     [90m     |[39m             [31m[1m^[22m[39m
     [90m 202 |[39m       
     [90m 203 |[39m       expect(screen[33m.[39mgetByTestId([32m"positions-table"[39m))[33m.[39mtoBeInTheDocument()
     [90m 204 |[39m       expect(screen[33m.[39mgetByText([32m"AAPL"[39m))[33m.[39mtoBeInTheDocument()[0m

      at warn (node_modules/recharts/lib/util/LogUtils.js:22:17)
      at node_modules/recharts/lib/component/ResponsiveContainer.js:118:24
      at updateMemo (node_modules/react-dom/cjs/react-dom-client.development.js:6621:19)
      at Object.useMemo (node_modules/react-dom/cjs/react-dom-client.development.js:23182:18)
      at Object.<anonymous>.process.env.NODE_ENV.exports.useMemo (node_modules/react/cjs/react.development.js:1210:34)
      at node_modules/recharts/lib/component/ResponsiveContainer.js:91:41
      at Object.react_stack_bottom_frame (node_modules/react-dom/cjs/react-dom-client.development.js:23863:20)
      at renderWithHooks (node_modules/react-dom/cjs/react-dom-client.development.js:5529:22)
      at updateForwardRef (node_modules/react-dom/cjs/react-dom-client.development.js:8645:19)
      at beginWork (node_modules/react-dom/cjs/react-dom-client.development.js:10861:18)
      at runWithFiberInDEV (node_modules/react-dom/cjs/react-dom-client.development.js:1522:13)
      at performUnitOfWork (node_modules/react-dom/cjs/react-dom-client.development.js:15140:22)
      at workLoopSync (node_modules/react-dom/cjs/react-dom-client.development.js:14956:41)
      at renderRootSync (node_modules/react-dom/cjs/react-dom-client.development.js:14936:11)
      at performWorkOnRoot (node_modules/react-dom/cjs/react-dom-client.development.js:14419:13)
      at performWorkOnRootViaSchedulerTask (node_modules/react-dom/cjs/react-dom-client.development.js:16216:7)
      at flushActQueue (node_modules/react/cjs/react.development.js:566:34)
      at Object.<anonymous>.process.env.NODE_ENV.exports.act (node_modules/react/cjs/react.development.js:860:10)
      at node_modules/@testing-library/react/dist/act-compat.js:47:25
      at renderRoot (node_modules/@testing-library/react/dist/pure.js:180:26)
      at render (node_modules/@testing-library/react/dist/pure.js:271:10)
      at Object.<anonymous> (__tests__/components/portfolio-analyzer.test.tsx:201:13)

  console.warn
    The width(0) and height(0) are both fixed numbers,
           maybe you don't need to use a ResponsiveContainer.

    [0m [90m 199 |[39m
     [90m 200 |[39m     it([32m"should render positions table with correct data"[39m[33m,[39m () [33m=>[39m {
    [31m[1m>[22m[39m[90m 201 |[39m       render([33m<[39m[33mPortfolioAnalyzer[39m defaultData[33m=[39m{mockPortfolioData} [33m/[39m[33m>[39m)
     [90m     |[39m             [31m[1m^[22m[39m
     [90m 202 |[39m       
     [90m 203 |[39m       expect(screen[33m.[39mgetByTestId([32m"positions-table"[39m))[33m.[39mtoBeInTheDocument()
     [90m 204 |[39m       expect(screen[33m.[39mgetByText([32m"AAPL"[39m))[33m.[39mtoBeInTheDocument()[0m

      at warn (node_modules/recharts/lib/util/LogUtils.js:22:17)
      at node_modules/recharts/lib/component/ResponsiveContainer.js:99:24
      at updateMemo (node_modules/react-dom/cjs/react-dom-client.development.js:6621:19)
      at Object.useMemo (node_modules/react-dom/cjs/react-dom-client.development.js:23182:18)
      at Object.<anonymous>.process.env.NODE_ENV.exports.useMemo (node_modules/react/cjs/react.development.js:1210:34)
      at node_modules/recharts/lib/component/ResponsiveContainer.js:91:41
      at Object.react_stack_bottom_frame (node_modules/react-dom/cjs/react-dom-client.development.js:23863:20)
      at renderWithHooks (node_modules/react-dom/cjs/react-dom-client.development.js:5529:22)
      at updateForwardRef (node_modules/react-dom/cjs/react-dom-client.development.js:8645:19)
      at beginWork (node_modules/react-dom/cjs/react-dom-client.development.js:10861:18)
      at runWithFiberInDEV (node_modules/react-dom/cjs/react-dom-client.development.js:1522:13)
      at performUnitOfWork (node_modules/react-dom/cjs/react-dom-client.development.js:15140:22)
      at workLoopSync (node_modules/react-dom/cjs/react-dom-client.development.js:14956:41)
      at renderRootSync (node_modules/react-dom/cjs/react-dom-client.development.js:14936:11)
      at performWorkOnRoot (node_modules/react-dom/cjs/react-dom-client.development.js:14419:13)
      at performWorkOnRootViaSchedulerTask (node_modules/react-dom/cjs/react-dom-client.development.js:16216:7)
      at flushActQueue (node_modules/react/cjs/react.development.js:566:34)
      at Object.<anonymous>.process.env.NODE_ENV.exports.act (node_modules/react/cjs/react.development.js:860:10)
      at node_modules/@testing-library/react/dist/act-compat.js:47:25
      at renderRoot (node_modules/@testing-library/react/dist/pure.js:180:26)
      at render (node_modules/@testing-library/react/dist/pure.js:271:10)
      at Object.<anonymous> (__tests__/components/portfolio-analyzer.test.tsx:201:13)

  console.warn
    The width(0) and height(0) of chart should be greater than 0,
           please check the style of container, or the props width(0) and height(0),
           or add a minWidth(0) or minHeight(undefined) or use aspect(undefined) to control the
           height and width.

    [0m [90m 199 |[39m
     [90m 200 |[39m     it([32m"should render positions table with correct data"[39m[33m,[39m () [33m=>[39m {
    [31m[1m>[22m[39m[90m 201 |[39m       render([33m<[39m[33mPortfolioAnalyzer[39m defaultData[33m=[39m{mockPortfolioData} [33m/[39m[33m>[39m)
     [90m     |[39m             [31m[1m^[22m[39m
     [90m 202 |[39m       
     [90m 203 |[39m       expect(screen[33m.[39mgetByTestId([32m"positions-table"[39m))[33m.[39mtoBeInTheDocument()
     [90m 204 |[39m       expect(screen[33m.[39mgetByText([32m"AAPL"[39m))[33m.[39mtoBeInTheDocument()[0m

      at warn (node_modules/recharts/lib/util/LogUtils.js:22:17)
      at node_modules/recharts/lib/component/ResponsiveContainer.js:118:24
      at updateMemo (node_modules/react-dom/cjs/react-dom-client.development.js:6621:19)
      at Object.useMemo (node_modules/react-dom/cjs/react-dom-client.development.js:23182:18)
      at Object.<anonymous>.process.env.NODE_ENV.exports.useMemo (node_modules/react/cjs/react.development.js:1210:34)
      at node_modules/recharts/lib/component/ResponsiveContainer.js:91:41
      at Object.react_stack_bottom_frame (node_modules/react-dom/cjs/react-dom-client.development.js:23863:20)
      at renderWithHooks (node_modules/react-dom/cjs/react-dom-client.development.js:5529:22)
      at updateForwardRef (node_modules/react-dom/cjs/react-dom-client.development.js:8645:19)
      at beginWork (node_modules/react-dom/cjs/react-dom-client.development.js:10861:18)
      at runWithFiberInDEV (node_modules/react-dom/cjs/react-dom-client.development.js:1522:13)
      at performUnitOfWork (node_modules/react-dom/cjs/react-dom-client.development.js:15140:22)
      at workLoopSync (node_modules/react-dom/cjs/react-dom-client.development.js:14956:41)
      at renderRootSync (node_modules/react-dom/cjs/react-dom-client.development.js:14936:11)
      at performWorkOnRoot (node_modules/react-dom/cjs/react-dom-client.development.js:14419:13)
      at performWorkOnRootViaSchedulerTask (node_modules/react-dom/cjs/react-dom-client.development.js:16216:7)
      at flushActQueue (node_modules/react/cjs/react.development.js:566:34)
      at Object.<anonymous>.process.env.NODE_ENV.exports.act (node_modules/react/cjs/react.development.js:860:10)
      at node_modules/@testing-library/react/dist/act-compat.js:47:25
      at renderRoot (node_modules/@testing-library/react/dist/pure.js:180:26)
      at render (node_modules/@testing-library/react/dist/pure.js:271:10)
      at Object.<anonymous> (__tests__/components/portfolio-analyzer.test.tsx:201:13)

  console.warn
    The width(0) and height(0) of chart should be greater than 0,
           please check the style of container, or the props width(100%) and height(100%),
           or add a minWidth(0) or minHeight(undefined) or use aspect(undefined) to control the
           height and width.

    [0m [90m 209 |[39m
     [90m 210 |[39m     it([32m"should render allocation charts"[39m[33m,[39m () [33m=>[39m {
    [31m[1m>[22m[39m[90m 211 |[39m       render([33m<[39m[33mPortfolioAnalyzer[39m defaultData[33m=[39m{mockPortfolioData} [33m/[39m[33m>[39m)
     [90m     |[39m             [31m[1m^[22m[39m
     [90m 212 |[39m       
     [90m 213 |[39m       expect(screen[33m.[39mgetByTestId([32m"allocation-charts"[39m))[33m.[39mtoBeInTheDocument()
     [90m 214 |[39m       expect(screen[33m.[39mgetByTestId([32m"asset-allocation-chart"[39m))[33m.[39mtoBeInTheDocument()[0m

      at warn (node_modules/recharts/lib/util/LogUtils.js:22:17)
      at node_modules/recharts/lib/component/ResponsiveContainer.js:118:24
      at updateMemo (node_modules/react-dom/cjs/react-dom-client.development.js:6621:19)
      at Object.useMemo (node_modules/react-dom/cjs/react-dom-client.development.js:23182:18)
      at Object.<anonymous>.process.env.NODE_ENV.exports.useMemo (node_modules/react/cjs/react.development.js:1210:34)
      at node_modules/recharts/lib/component/ResponsiveContainer.js:91:41
      at Object.react_stack_bottom_frame (node_modules/react-dom/cjs/react-dom-client.development.js:23863:20)
      at renderWithHooks (node_modules/react-dom/cjs/react-dom-client.development.js:5529:22)
      at updateForwardRef (node_modules/react-dom/cjs/react-dom-client.development.js:8645:19)
      at beginWork (node_modules/react-dom/cjs/react-dom-client.development.js:10861:18)
      at runWithFiberInDEV (node_modules/react-dom/cjs/react-dom-client.development.js:1522:13)
      at performUnitOfWork (node_modules/react-dom/cjs/react-dom-client.development.js:15140:22)
      at workLoopSync (node_modules/react-dom/cjs/react-dom-client.development.js:14956:41)
      at renderRootSync (node_modules/react-dom/cjs/react-dom-client.development.js:14936:11)
      at performWorkOnRoot (node_modules/react-dom/cjs/react-dom-client.development.js:14419:13)
      at performSyncWorkOnRoot (node_modules/react-dom/cjs/react-dom-client.development.js:16231:7)
      at flushSyncWorkAcrossRoots_impl (node_modules/react-dom/cjs/react-dom-client.development.js:16079:21)
      at flushSpawnedWork (node_modules/react-dom/cjs/react-dom-client.development.js:15677:9)
      at commitRoot (node_modules/react-dom/cjs/react-dom-client.development.js:15403:9)
      at performWorkOnRoot (node_modules/react-dom/cjs/react-dom-client.development.js:14526:15)
      at performWorkOnRootViaSchedulerTask (node_modules/react-dom/cjs/react-dom-client.development.js:16216:7)
      at flushActQueue (node_modules/react/cjs/react.development.js:566:34)
      at Object.<anonymous>.process.env.NODE_ENV.exports.act (node_modules/react/cjs/react.development.js:860:10)
      at node_modules/@testing-library/react/dist/act-compat.js:47:25
      at renderRoot (node_modules/@testing-library/react/dist/pure.js:180:26)
      at render (node_modules/@testing-library/react/dist/pure.js:271:10)
      at Object.<anonymous> (__tests__/components/portfolio-analyzer.test.tsx:211:13)

  console.warn
    The width(0) and height(0) of chart should be greater than 0,
           please check the style of container, or the props width(100%) and height(100%),
           or add a minWidth(0) or minHeight(undefined) or use aspect(undefined) to control the
           height and width.

    [0m [90m 209 |[39m
     [90m 210 |[39m     it([32m"should render allocation charts"[39m[33m,[39m () [33m=>[39m {
    [31m[1m>[22m[39m[90m 211 |[39m       render([33m<[39m[33mPortfolioAnalyzer[39m defaultData[33m=[39m{mockPortfolioData} [33m/[39m[33m>[39m)
     [90m     |[39m             [31m[1m^[22m[39m
     [90m 212 |[39m       
     [90m 213 |[39m       expect(screen[33m.[39mgetByTestId([32m"allocation-charts"[39m))[33m.[39mtoBeInTheDocument()
     [90m 214 |[39m       expect(screen[33m.[39mgetByTestId([32m"asset-allocation-chart"[39m))[33m.[39mtoBeInTheDocument()[0m

      at warn (node_modules/recharts/lib/util/LogUtils.js:22:17)
      at node_modules/recharts/lib/component/ResponsiveContainer.js:118:24
      at updateMemo (node_modules/react-dom/cjs/react-dom-client.development.js:6621:19)
      at Object.useMemo (node_modules/react-dom/cjs/react-dom-client.development.js:23182:18)
      at Object.<anonymous>.process.env.NODE_ENV.exports.useMemo (node_modules/react/cjs/react.development.js:1210:34)
      at node_modules/recharts/lib/component/ResponsiveContainer.js:91:41
      at Object.react_stack_bottom_frame (node_modules/react-dom/cjs/react-dom-client.development.js:23863:20)
      at renderWithHooks (node_modules/react-dom/cjs/react-dom-client.development.js:5529:22)
      at updateForwardRef (node_modules/react-dom/cjs/react-dom-client.development.js:8645:19)
      at beginWork (node_modules/react-dom/cjs/react-dom-client.development.js:10861:18)
      at runWithFiberInDEV (node_modules/react-dom/cjs/react-dom-client.development.js:1522:13)
      at performUnitOfWork (node_modules/react-dom/cjs/react-dom-client.development.js:15140:22)
      at workLoopSync (node_modules/react-dom/cjs/react-dom-client.development.js:14956:41)
      at renderRootSync (node_modules/react-dom/cjs/react-dom-client.development.js:14936:11)
      at performWorkOnRoot (node_modules/react-dom/cjs/react-dom-client.development.js:14419:13)
      at performSyncWorkOnRoot (node_modules/react-dom/cjs/react-dom-client.development.js:16231:7)
      at flushSyncWorkAcrossRoots_impl (node_modules/react-dom/cjs/react-dom-client.development.js:16079:21)
      at flushSpawnedWork (node_modules/react-dom/cjs/react-dom-client.development.js:15677:9)
      at commitRoot (node_modules/react-dom/cjs/react-dom-client.development.js:15403:9)
      at performWorkOnRoot (node_modules/react-dom/cjs/react-dom-client.development.js:14526:15)
      at performWorkOnRootViaSchedulerTask (node_modules/react-dom/cjs/react-dom-client.development.js:16216:7)
      at flushActQueue (node_modules/react/cjs/react.development.js:566:34)
      at Object.<anonymous>.process.env.NODE_ENV.exports.act (node_modules/react/cjs/react.development.js:860:10)
      at node_modules/@testing-library/react/dist/act-compat.js:47:25
      at renderRoot (node_modules/@testing-library/react/dist/pure.js:180:26)
      at render (node_modules/@testing-library/react/dist/pure.js:271:10)
      at Object.<anonymous> (__tests__/components/portfolio-analyzer.test.tsx:211:13)

  console.warn
    The width(0) and height(0) of chart should be greater than 0,
           please check the style of container, or the props width(100%) and height(100%),
           or add a minWidth(0) or minHeight(undefined) or use aspect(undefined) to control the
           height and width.

    [0m [90m 209 |[39m
     [90m 210 |[39m     it([32m"should render allocation charts"[39m[33m,[39m () [33m=>[39m {
    [31m[1m>[22m[39m[90m 211 |[39m       render([33m<[39m[33mPortfolioAnalyzer[39m defaultData[33m=[39m{mockPortfolioData} [33m/[39m[33m>[39m)
     [90m     |[39m             [31m[1m^[22m[39m
     [90m 212 |[39m       
     [90m 213 |[39m       expect(screen[33m.[39mgetByTestId([32m"allocation-charts"[39m))[33m.[39mtoBeInTheDocument()
     [90m 214 |[39m       expect(screen[33m.[39mgetByTestId([32m"asset-allocation-chart"[39m))[33m.[39mtoBeInTheDocument()[0m

      at warn (node_modules/recharts/lib/util/LogUtils.js:22:17)
      at node_modules/recharts/lib/component/ResponsiveContainer.js:118:24
      at updateMemo (node_modules/react-dom/cjs/react-dom-client.development.js:6621:19)
      at Object.useMemo (node_modules/react-dom/cjs/react-dom-client.development.js:23182:18)
      at Object.<anonymous>.process.env.NODE_ENV.exports.useMemo (node_modules/react/cjs/react.development.js:1210:34)
      at node_modules/recharts/lib/component/ResponsiveContainer.js:91:41
      at Object.react_stack_bottom_frame (node_modules/react-dom/cjs/react-dom-client.development.js:23863:20)
      at renderWithHooks (node_modules/react-dom/cjs/react-dom-client.development.js:5529:22)
      at updateForwardRef (node_modules/react-dom/cjs/react-dom-client.development.js:8645:19)
      at beginWork (node_modules/react-dom/cjs/react-dom-client.development.js:10861:18)
      at runWithFiberInDEV (node_modules/react-dom/cjs/react-dom-client.development.js:1522:13)
      at performUnitOfWork (node_modules/react-dom/cjs/react-dom-client.development.js:15140:22)
      at workLoopSync (node_modules/react-dom/cjs/react-dom-client.development.js:14956:41)
      at renderRootSync (node_modules/react-dom/cjs/react-dom-client.development.js:14936:11)
      at performWorkOnRoot (node_modules/react-dom/cjs/react-dom-client.development.js:14419:13)
      at performSyncWorkOnRoot (node_modules/react-dom/cjs/react-dom-client.development.js:16231:7)
      at flushSyncWorkAcrossRoots_impl (node_modules/react-dom/cjs/react-dom-client.development.js:16079:21)
      at flushSpawnedWork (node_modules/react-dom/cjs/react-dom-client.development.js:15677:9)
      at commitRoot (node_modules/react-dom/cjs/react-dom-client.development.js:15403:9)
      at performWorkOnRoot (node_modules/react-dom/cjs/react-dom-client.development.js:14526:15)
      at performWorkOnRootViaSchedulerTask (node_modules/react-dom/cjs/react-dom-client.development.js:16216:7)
      at flushActQueue (node_modules/react/cjs/react.development.js:566:34)
      at Object.<anonymous>.process.env.NODE_ENV.exports.act (node_modules/react/cjs/react.development.js:860:10)
      at node_modules/@testing-library/react/dist/act-compat.js:47:25
      at renderRoot (node_modules/@testing-library/react/dist/pure.js:180:26)
      at render (node_modules/@testing-library/react/dist/pure.js:271:10)
      at Object.<anonymous> (__tests__/components/portfolio-analyzer.test.tsx:211:13)

  console.warn
    The width(0) and height(0) of chart should be greater than 0,
           please check the style of container, or the props width(100%) and height(100%),
           or add a minWidth(0) or minHeight(undefined) or use aspect(undefined) to control the
           height and width.

    [0m [90m 209 |[39m
     [90m 210 |[39m     it([32m"should render allocation charts"[39m[33m,[39m () [33m=>[39m {
    [31m[1m>[22m[39m[90m 211 |[39m       render([33m<[39m[33mPortfolioAnalyzer[39m defaultData[33m=[39m{mockPortfolioData} [33m/[39m[33m>[39m)
     [90m     |[39m             [31m[1m^[22m[39m
     [90m 212 |[39m       
     [90m 213 |[39m       expect(screen[33m.[39mgetByTestId([32m"allocation-charts"[39m))[33m.[39mtoBeInTheDocument()
     [90m 214 |[39m       expect(screen[33m.[39mgetByTestId([32m"asset-allocation-chart"[39m))[33m.[39mtoBeInTheDocument()[0m

      at warn (node_modules/recharts/lib/util/LogUtils.js:22:17)
      at node_modules/recharts/lib/component/ResponsiveContainer.js:118:24
      at updateMemo (node_modules/react-dom/cjs/react-dom-client.development.js:6621:19)
      at Object.useMemo (node_modules/react-dom/cjs/react-dom-client.development.js:23182:18)
      at Object.<anonymous>.process.env.NODE_ENV.exports.useMemo (node_modules/react/cjs/react.development.js:1210:34)
      at node_modules/recharts/lib/component/ResponsiveContainer.js:91:41
      at Object.react_stack_bottom_frame (node_modules/react-dom/cjs/react-dom-client.development.js:23863:20)
      at renderWithHooks (node_modules/react-dom/cjs/react-dom-client.development.js:5529:22)
      at updateForwardRef (node_modules/react-dom/cjs/react-dom-client.development.js:8645:19)
      at beginWork (node_modules/react-dom/cjs/react-dom-client.development.js:10861:18)
      at runWithFiberInDEV (node_modules/react-dom/cjs/react-dom-client.development.js:1522:13)
      at performUnitOfWork (node_modules/react-dom/cjs/react-dom-client.development.js:15140:22)
      at workLoopSync (node_modules/react-dom/cjs/react-dom-client.development.js:14956:41)
      at renderRootSync (node_modules/react-dom/cjs/react-dom-client.development.js:14936:11)
      at performWorkOnRoot (node_modules/react-dom/cjs/react-dom-client.development.js:14419:13)
      at performSyncWorkOnRoot (node_modules/react-dom/cjs/react-dom-client.development.js:16231:7)
      at flushSyncWorkAcrossRoots_impl (node_modules/react-dom/cjs/react-dom-client.development.js:16079:21)
      at flushSpawnedWork (node_modules/react-dom/cjs/react-dom-client.development.js:15677:9)
      at commitRoot (node_modules/react-dom/cjs/react-dom-client.development.js:15403:9)
      at performWorkOnRoot (node_modules/react-dom/cjs/react-dom-client.development.js:14526:15)
      at performWorkOnRootViaSchedulerTask (node_modules/react-dom/cjs/react-dom-client.development.js:16216:7)
      at flushActQueue (node_modules/react/cjs/react.development.js:566:34)
      at Object.<anonymous>.process.env.NODE_ENV.exports.act (node_modules/react/cjs/react.development.js:860:10)
      at node_modules/@testing-library/react/dist/act-compat.js:47:25
      at renderRoot (node_modules/@testing-library/react/dist/pure.js:180:26)
      at render (node_modules/@testing-library/react/dist/pure.js:271:10)
      at Object.<anonymous> (__tests__/components/portfolio-analyzer.test.tsx:211:13)

  console.warn
    The width(0) and height(0) of chart should be greater than 0,
           please check the style of container, or the props width(100%) and height(100%),
           or add a minWidth(0) or minHeight(undefined) or use aspect(undefined) to control the
           height and width.

    [0m [90m 209 |[39m
     [90m 210 |[39m     it([32m"should render allocation charts"[39m[33m,[39m () [33m=>[39m {
    [31m[1m>[22m[39m[90m 211 |[39m       render([33m<[39m[33mPortfolioAnalyzer[39m defaultData[33m=[39m{mockPortfolioData} [33m/[39m[33m>[39m)
     [90m     |[39m             [31m[1m^[22m[39m
     [90m 212 |[39m       
     [90m 213 |[39m       expect(screen[33m.[39mgetByTestId([32m"allocation-charts"[39m))[33m.[39mtoBeInTheDocument()
     [90m 214 |[39m       expect(screen[33m.[39mgetByTestId([32m"asset-allocation-chart"[39m))[33m.[39mtoBeInTheDocument()[0m

      at warn (node_modules/recharts/lib/util/LogUtils.js:22:17)
      at node_modules/recharts/lib/component/ResponsiveContainer.js:118:24
      at updateMemo (node_modules/react-dom/cjs/react-dom-client.development.js:6621:19)
      at Object.useMemo (node_modules/react-dom/cjs/react-dom-client.development.js:23182:18)
      at Object.<anonymous>.process.env.NODE_ENV.exports.useMemo (node_modules/react/cjs/react.development.js:1210:34)
      at node_modules/recharts/lib/component/ResponsiveContainer.js:91:41
      at Object.react_stack_bottom_frame (node_modules/react-dom/cjs/react-dom-client.development.js:23863:20)
      at renderWithHooks (node_modules/react-dom/cjs/react-dom-client.development.js:5529:22)
      at updateForwardRef (node_modules/react-dom/cjs/react-dom-client.development.js:8645:19)
      at beginWork (node_modules/react-dom/cjs/react-dom-client.development.js:10861:18)
      at runWithFiberInDEV (node_modules/react-dom/cjs/react-dom-client.development.js:1522:13)
      at performUnitOfWork (node_modules/react-dom/cjs/react-dom-client.development.js:15140:22)
      at workLoopSync (node_modules/react-dom/cjs/react-dom-client.development.js:14956:41)
      at renderRootSync (node_modules/react-dom/cjs/react-dom-client.development.js:14936:11)
      at performWorkOnRoot (node_modules/react-dom/cjs/react-dom-client.development.js:14419:13)
      at performSyncWorkOnRoot (node_modules/react-dom/cjs/react-dom-client.development.js:16231:7)
      at flushSyncWorkAcrossRoots_impl (node_modules/react-dom/cjs/react-dom-client.development.js:16079:21)
      at flushSpawnedWork (node_modules/react-dom/cjs/react-dom-client.development.js:15677:9)
      at commitRoot (node_modules/react-dom/cjs/react-dom-client.development.js:15403:9)
      at performWorkOnRoot (node_modules/react-dom/cjs/react-dom-client.development.js:14526:15)
      at performWorkOnRootViaSchedulerTask (node_modules/react-dom/cjs/react-dom-client.development.js:16216:7)
      at flushActQueue (node_modules/react/cjs/react.development.js:566:34)
      at Object.<anonymous>.process.env.NODE_ENV.exports.act (node_modules/react/cjs/react.development.js:860:10)
      at node_modules/@testing-library/react/dist/act-compat.js:47:25
      at renderRoot (node_modules/@testing-library/react/dist/pure.js:180:26)
      at render (node_modules/@testing-library/react/dist/pure.js:271:10)
      at Object.<anonymous> (__tests__/components/portfolio-analyzer.test.tsx:211:13)

  console.warn
    The width(0) and height(0) are both fixed numbers,
           maybe you don't need to use a ResponsiveContainer.

    [0m [90m 209 |[39m
     [90m 210 |[39m     it([32m"should render allocation charts"[39m[33m,[39m () [33m=>[39m {
    [31m[1m>[22m[39m[90m 211 |[39m       render([33m<[39m[33mPortfolioAnalyzer[39m defaultData[33m=[39m{mockPortfolioData} [33m/[39m[33m>[39m)
     [90m     |[39m             [31m[1m^[22m[39m
     [90m 212 |[39m       
     [90m 213 |[39m       expect(screen[33m.[39mgetByTestId([32m"allocation-charts"[39m))[33m.[39mtoBeInTheDocument()
     [90m 214 |[39m       expect(screen[33m.[39mgetByTestId([32m"asset-allocation-chart"[39m))[33m.[39mtoBeInTheDocument()[0m

      at warn (node_modules/recharts/lib/util/LogUtils.js:22:17)
      at node_modules/recharts/lib/component/ResponsiveContainer.js:99:24
      at updateMemo (node_modules/react-dom/cjs/react-dom-client.development.js:6621:19)
      at Object.useMemo (node_modules/react-dom/cjs/react-dom-client.development.js:23182:18)
      at Object.<anonymous>.process.env.NODE_ENV.exports.useMemo (node_modules/react/cjs/react.development.js:1210:34)
      at node_modules/recharts/lib/component/ResponsiveContainer.js:91:41
      at Object.react_stack_bottom_frame (node_modules/react-dom/cjs/react-dom-client.development.js:23863:20)
      at renderWithHooks (node_modules/react-dom/cjs/react-dom-client.development.js:5529:22)
      at updateForwardRef (node_modules/react-dom/cjs/react-dom-client.development.js:8645:19)
      at beginWork (node_modules/react-dom/cjs/react-dom-client.development.js:10861:18)
      at runWithFiberInDEV (node_modules/react-dom/cjs/react-dom-client.development.js:1522:13)
      at performUnitOfWork (node_modules/react-dom/cjs/react-dom-client.development.js:15140:22)
      at workLoopSync (node_modules/react-dom/cjs/react-dom-client.development.js:14956:41)
      at renderRootSync (node_modules/react-dom/cjs/react-dom-client.development.js:14936:11)
      at performWorkOnRoot (node_modules/react-dom/cjs/react-dom-client.development.js:14419:13)
      at performWorkOnRootViaSchedulerTask (node_modules/react-dom/cjs/react-dom-client.development.js:16216:7)
      at flushActQueue (node_modules/react/cjs/react.development.js:566:34)
      at Object.<anonymous>.process.env.NODE_ENV.exports.act (node_modules/react/cjs/react.development.js:860:10)
      at node_modules/@testing-library/react/dist/act-compat.js:47:25
      at renderRoot (node_modules/@testing-library/react/dist/pure.js:180:26)
      at render (node_modules/@testing-library/react/dist/pure.js:271:10)
      at Object.<anonymous> (__tests__/components/portfolio-analyzer.test.tsx:211:13)

  console.warn
    The width(0) and height(0) of chart should be greater than 0,
           please check the style of container, or the props width(0) and height(0),
           or add a minWidth(0) or minHeight(undefined) or use aspect(undefined) to control the
           height and width.

    [0m [90m 209 |[39m
     [90m 210 |[39m     it([32m"should render allocation charts"[39m[33m,[39m () [33m=>[39m {
    [31m[1m>[22m[39m[90m 211 |[39m       render([33m<[39m[33mPortfolioAnalyzer[39m defaultData[33m=[39m{mockPortfolioData} [33m/[39m[33m>[39m)
     [90m     |[39m             [31m[1m^[22m[39m
     [90m 212 |[39m       
     [90m 213 |[39m       expect(screen[33m.[39mgetByTestId([32m"allocation-charts"[39m))[33m.[39mtoBeInTheDocument()
     [90m 214 |[39m       expect(screen[33m.[39mgetByTestId([32m"asset-allocation-chart"[39m))[33m.[39mtoBeInTheDocument()[0m

      at warn (node_modules/recharts/lib/util/LogUtils.js:22:17)
      at node_modules/recharts/lib/component/ResponsiveContainer.js:118:24
      at updateMemo (node_modules/react-dom/cjs/react-dom-client.development.js:6621:19)
      at Object.useMemo (node_modules/react-dom/cjs/react-dom-client.development.js:23182:18)
      at Object.<anonymous>.process.env.NODE_ENV.exports.useMemo (node_modules/react/cjs/react.development.js:1210:34)
      at node_modules/recharts/lib/component/ResponsiveContainer.js:91:41
      at Object.react_stack_bottom_frame (node_modules/react-dom/cjs/react-dom-client.development.js:23863:20)
      at renderWithHooks (node_modules/react-dom/cjs/react-dom-client.development.js:5529:22)
      at updateForwardRef (node_modules/react-dom/cjs/react-dom-client.development.js:8645:19)
      at beginWork (node_modules/react-dom/cjs/react-dom-client.development.js:10861:18)
      at runWithFiberInDEV (node_modules/react-dom/cjs/react-dom-client.development.js:1522:13)
      at performUnitOfWork (node_modules/react-dom/cjs/react-dom-client.development.js:15140:22)
      at workLoopSync (node_modules/react-dom/cjs/react-dom-client.development.js:14956:41)
      at renderRootSync (node_modules/react-dom/cjs/react-dom-client.development.js:14936:11)
      at performWorkOnRoot (node_modules/react-dom/cjs/react-dom-client.development.js:14419:13)
      at performWorkOnRootViaSchedulerTask (node_modules/react-dom/cjs/react-dom-client.development.js:16216:7)
      at flushActQueue (node_modules/react/cjs/react.development.js:566:34)
      at Object.<anonymous>.process.env.NODE_ENV.exports.act (node_modules/react/cjs/react.development.js:860:10)
      at node_modules/@testing-library/react/dist/act-compat.js:47:25
      at renderRoot (node_modules/@testing-library/react/dist/pure.js:180:26)
      at render (node_modules/@testing-library/react/dist/pure.js:271:10)
      at Object.<anonymous> (__tests__/components/portfolio-analyzer.test.tsx:211:13)

  console.warn
    The width(0) and height(0) are both fixed numbers,
           maybe you don't need to use a ResponsiveContainer.

    [0m [90m 209 |[39m
     [90m 210 |[39m     it([32m"should render allocation charts"[39m[33m,[39m () [33m=>[39m {
    [31m[1m>[22m[39m[90m 211 |[39m       render([33m<[39m[33mPortfolioAnalyzer[39m defaultData[33m=[39m{mockPortfolioData} [33m/[39m[33m>[39m)
     [90m     |[39m             [31m[1m^[22m[39m
     [90m 212 |[39m       
     [90m 213 |[39m       expect(screen[33m.[39mgetByTestId([32m"allocation-charts"[39m))[33m.[39mtoBeInTheDocument()
     [90m 214 |[39m       expect(screen[33m.[39mgetByTestId([32m"asset-allocation-chart"[39m))[33m.[39mtoBeInTheDocument()[0m

      at warn (node_modules/recharts/lib/util/LogUtils.js:22:17)
      at node_modules/recharts/lib/component/ResponsiveContainer.js:99:24
      at updateMemo (node_modules/react-dom/cjs/react-dom-client.development.js:6621:19)
      at Object.useMemo (node_modules/react-dom/cjs/react-dom-client.development.js:23182:18)
      at Object.<anonymous>.process.env.NODE_ENV.exports.useMemo (node_modules/react/cjs/react.development.js:1210:34)
      at node_modules/recharts/lib/component/ResponsiveContainer.js:91:41
      at Object.react_stack_bottom_frame (node_modules/react-dom/cjs/react-dom-client.development.js:23863:20)
      at renderWithHooks (node_modules/react-dom/cjs/react-dom-client.development.js:5529:22)
      at updateForwardRef (node_modules/react-dom/cjs/react-dom-client.development.js:8645:19)
      at beginWork (node_modules/react-dom/cjs/react-dom-client.development.js:10861:18)
      at runWithFiberInDEV (node_modules/react-dom/cjs/react-dom-client.development.js:1522:13)
      at performUnitOfWork (node_modules/react-dom/cjs/react-dom-client.development.js:15140:22)
      at workLoopSync (node_modules/react-dom/cjs/react-dom-client.development.js:14956:41)
      at renderRootSync (node_modules/react-dom/cjs/react-dom-client.development.js:14936:11)
      at performWorkOnRoot (node_modules/react-dom/cjs/react-dom-client.development.js:14419:13)
      at performWorkOnRootViaSchedulerTask (node_modules/react-dom/cjs/react-dom-client.development.js:16216:7)
      at flushActQueue (node_modules/react/cjs/react.development.js:566:34)
      at Object.<anonymous>.process.env.NODE_ENV.exports.act (node_modules/react/cjs/react.development.js:860:10)
      at node_modules/@testing-library/react/dist/act-compat.js:47:25
      at renderRoot (node_modules/@testing-library/react/dist/pure.js:180:26)
      at render (node_modules/@testing-library/react/dist/pure.js:271:10)
      at Object.<anonymous> (__tests__/components/portfolio-analyzer.test.tsx:211:13)

  console.warn
    The width(0) and height(0) of chart should be greater than 0,
           please check the style of container, or the props width(0) and height(0),
           or add a minWidth(0) or minHeight(undefined) or use aspect(undefined) to control the
           height and width.

    [0m [90m 209 |[39m
     [90m 210 |[39m     it([32m"should render allocation charts"[39m[33m,[39m () [33m=>[39m {
    [31m[1m>[22m[39m[90m 211 |[39m       render([33m<[39m[33mPortfolioAnalyzer[39m defaultData[33m=[39m{mockPortfolioData} [33m/[39m[33m>[39m)
     [90m     |[39m             [31m[1m^[22m[39m
     [90m 212 |[39m       
     [90m 213 |[39m       expect(screen[33m.[39mgetByTestId([32m"allocation-charts"[39m))[33m.[39mtoBeInTheDocument()
     [90m 214 |[39m       expect(screen[33m.[39mgetByTestId([32m"asset-allocation-chart"[39m))[33m.[39mtoBeInTheDocument()[0m

      at warn (node_modules/recharts/lib/util/LogUtils.js:22:17)
      at node_modules/recharts/lib/component/ResponsiveContainer.js:118:24
      at updateMemo (node_modules/react-dom/cjs/react-dom-client.development.js:6621:19)
      at Object.useMemo (node_modules/react-dom/cjs/react-dom-client.development.js:23182:18)
      at Object.<anonymous>.process.env.NODE_ENV.exports.useMemo (node_modules/react/cjs/react.development.js:1210:34)
      at node_modules/recharts/lib/component/ResponsiveContainer.js:91:41
      at Object.react_stack_bottom_frame (node_modules/react-dom/cjs/react-dom-client.development.js:23863:20)
      at renderWithHooks (node_modules/react-dom/cjs/react-dom-client.development.js:5529:22)
      at updateForwardRef (node_modules/react-dom/cjs/react-dom-client.development.js:8645:19)
      at beginWork (node_modules/react-dom/cjs/react-dom-client.development.js:10861:18)
      at runWithFiberInDEV (node_modules/react-dom/cjs/react-dom-client.development.js:1522:13)
      at performUnitOfWork (node_modules/react-dom/cjs/react-dom-client.development.js:15140:22)
      at workLoopSync (node_modules/react-dom/cjs/react-dom-client.development.js:14956:41)
      at renderRootSync (node_modules/react-dom/cjs/react-dom-client.development.js:14936:11)
      at performWorkOnRoot (node_modules/react-dom/cjs/react-dom-client.development.js:14419:13)
      at performWorkOnRootViaSchedulerTask (node_modules/react-dom/cjs/react-dom-client.development.js:16216:7)
      at flushActQueue (node_modules/react/cjs/react.development.js:566:34)
      at Object.<anonymous>.process.env.NODE_ENV.exports.act (node_modules/react/cjs/react.development.js:860:10)
      at node_modules/@testing-library/react/dist/act-compat.js:47:25
      at renderRoot (node_modules/@testing-library/react/dist/pure.js:180:26)
      at render (node_modules/@testing-library/react/dist/pure.js:271:10)
      at Object.<anonymous> (__tests__/components/portfolio-analyzer.test.tsx:211:13)

  console.warn
    The width(0) and height(0) are both fixed numbers,
           maybe you don't need to use a ResponsiveContainer.

    [0m [90m 209 |[39m
     [90m 210 |[39m     it([32m"should render allocation charts"[39m[33m,[39m () [33m=>[39m {
    [31m[1m>[22m[39m[90m 211 |[39m       render([33m<[39m[33mPortfolioAnalyzer[39m defaultData[33m=[39m{mockPortfolioData} [33m/[39m[33m>[39m)
     [90m     |[39m             [31m[1m^[22m[39m
     [90m 212 |[39m       
     [90m 213 |[39m       expect(screen[33m.[39mgetByTestId([32m"allocation-charts"[39m))[33m.[39mtoBeInTheDocument()
     [90m 214 |[39m       expect(screen[33m.[39mgetByTestId([32m"asset-allocation-chart"[39m))[33m.[39mtoBeInTheDocument()[0m

      at warn (node_modules/recharts/lib/util/LogUtils.js:22:17)
      at node_modules/recharts/lib/component/ResponsiveContainer.js:99:24
      at updateMemo (node_modules/react-dom/cjs/react-dom-client.development.js:6621:19)
      at Object.useMemo (node_modules/react-dom/cjs/react-dom-client.development.js:23182:18)
      at Object.<anonymous>.process.env.NODE_ENV.exports.useMemo (node_modules/react/cjs/react.development.js:1210:34)
      at node_modules/recharts/lib/component/ResponsiveContainer.js:91:41
      at Object.react_stack_bottom_frame (node_modules/react-dom/cjs/react-dom-client.development.js:23863:20)
      at renderWithHooks (node_modules/react-dom/cjs/react-dom-client.development.js:5529:22)
      at updateForwardRef (node_modules/react-dom/cjs/react-dom-client.development.js:8645:19)
      at beginWork (node_modules/react-dom/cjs/react-dom-client.development.js:10861:18)
      at runWithFiberInDEV (node_modules/react-dom/cjs/react-dom-client.development.js:1522:13)
      at performUnitOfWork (node_modules/react-dom/cjs/react-dom-client.development.js:15140:22)
      at workLoopSync (node_modules/react-dom/cjs/react-dom-client.development.js:14956:41)
      at renderRootSync (node_modules/react-dom/cjs/react-dom-client.development.js:14936:11)
      at performWorkOnRoot (node_modules/react-dom/cjs/react-dom-client.development.js:14419:13)
      at performWorkOnRootViaSchedulerTask (node_modules/react-dom/cjs/react-dom-client.development.js:16216:7)
      at flushActQueue (node_modules/react/cjs/react.development.js:566:34)
      at Object.<anonymous>.process.env.NODE_ENV.exports.act (node_modules/react/cjs/react.development.js:860:10)
      at node_modules/@testing-library/react/dist/act-compat.js:47:25
      at renderRoot (node_modules/@testing-library/react/dist/pure.js:180:26)
      at render (node_modules/@testing-library/react/dist/pure.js:271:10)
      at Object.<anonymous> (__tests__/components/portfolio-analyzer.test.tsx:211:13)

  console.warn
    The width(0) and height(0) of chart should be greater than 0,
           please check the style of container, or the props width(0) and height(0),
           or add a minWidth(0) or minHeight(undefined) or use aspect(undefined) to control the
           height and width.

    [0m [90m 209 |[39m
     [90m 210 |[39m     it([32m"should render allocation charts"[39m[33m,[39m () [33m=>[39m {
    [31m[1m>[22m[39m[90m 211 |[39m       render([33m<[39m[33mPortfolioAnalyzer[39m defaultData[33m=[39m{mockPortfolioData} [33m/[39m[33m>[39m)
     [90m     |[39m             [31m[1m^[22m[39m
     [90m 212 |[39m       
     [90m 213 |[39m       expect(screen[33m.[39mgetByTestId([32m"allocation-charts"[39m))[33m.[39mtoBeInTheDocument()
     [90m 214 |[39m       expect(screen[33m.[39mgetByTestId([32m"asset-allocation-chart"[39m))[33m.[39mtoBeInTheDocument()[0m

      at warn (node_modules/recharts/lib/util/LogUtils.js:22:17)
      at node_modules/recharts/lib/component/ResponsiveContainer.js:118:24
      at updateMemo (node_modules/react-dom/cjs/react-dom-client.development.js:6621:19)
      at Object.useMemo (node_modules/react-dom/cjs/react-dom-client.development.js:23182:18)
      at Object.<anonymous>.process.env.NODE_ENV.exports.useMemo (node_modules/react/cjs/react.development.js:1210:34)
      at node_modules/recharts/lib/component/ResponsiveContainer.js:91:41
      at Object.react_stack_bottom_frame (node_modules/react-dom/cjs/react-dom-client.development.js:23863:20)
      at renderWithHooks (node_modules/react-dom/cjs/react-dom-client.development.js:5529:22)
      at updateForwardRef (node_modules/react-dom/cjs/react-dom-client.development.js:8645:19)
      at beginWork (node_modules/react-dom/cjs/react-dom-client.development.js:10861:18)
      at runWithFiberInDEV (node_modules/react-dom/cjs/react-dom-client.development.js:1522:13)
      at performUnitOfWork (node_modules/react-dom/cjs/react-dom-client.development.js:15140:22)
      at workLoopSync (node_modules/react-dom/cjs/react-dom-client.development.js:14956:41)
      at renderRootSync (node_modules/react-dom/cjs/react-dom-client.development.js:14936:11)
      at performWorkOnRoot (node_modules/react-dom/cjs/react-dom-client.development.js:14419:13)
      at performWorkOnRootViaSchedulerTask (node_modules/react-dom/cjs/react-dom-client.development.js:16216:7)
      at flushActQueue (node_modules/react/cjs/react.development.js:566:34)
      at Object.<anonymous>.process.env.NODE_ENV.exports.act (node_modules/react/cjs/react.development.js:860:10)
      at node_modules/@testing-library/react/dist/act-compat.js:47:25
      at renderRoot (node_modules/@testing-library/react/dist/pure.js:180:26)
      at render (node_modules/@testing-library/react/dist/pure.js:271:10)
      at Object.<anonymous> (__tests__/components/portfolio-analyzer.test.tsx:211:13)

  console.warn
    The width(0) and height(0) are both fixed numbers,
           maybe you don't need to use a ResponsiveContainer.

    [0m [90m 209 |[39m
     [90m 210 |[39m     it([32m"should render allocation charts"[39m[33m,[39m () [33m=>[39m {
    [31m[1m>[22m[39m[90m 211 |[39m       render([33m<[39m[33mPortfolioAnalyzer[39m defaultData[33m=[39m{mockPortfolioData} [33m/[39m[33m>[39m)
     [90m     |[39m             [31m[1m^[22m[39m
     [90m 212 |[39m       
     [90m 213 |[39m       expect(screen[33m.[39mgetByTestId([32m"allocation-charts"[39m))[33m.[39mtoBeInTheDocument()
     [90m 214 |[39m       expect(screen[33m.[39mgetByTestId([32m"asset-allocation-chart"[39m))[33m.[39mtoBeInTheDocument()[0m

      at warn (node_modules/recharts/lib/util/LogUtils.js:22:17)
      at node_modules/recharts/lib/component/ResponsiveContainer.js:99:24
      at updateMemo (node_modules/react-dom/cjs/react-dom-client.development.js:6621:19)
      at Object.useMemo (node_modules/react-dom/cjs/react-dom-client.development.js:23182:18)
      at Object.<anonymous>.process.env.NODE_ENV.exports.useMemo (node_modules/react/cjs/react.development.js:1210:34)
      at node_modules/recharts/lib/component/ResponsiveContainer.js:91:41
      at Object.react_stack_bottom_frame (node_modules/react-dom/cjs/react-dom-client.development.js:23863:20)
      at renderWithHooks (node_modules/react-dom/cjs/react-dom-client.development.js:5529:22)
      at updateForwardRef (node_modules/react-dom/cjs/react-dom-client.development.js:8645:19)
      at beginWork (node_modules/react-dom/cjs/react-dom-client.development.js:10861:18)
      at runWithFiberInDEV (node_modules/react-dom/cjs/react-dom-client.development.js:1522:13)
      at performUnitOfWork (node_modules/react-dom/cjs/react-dom-client.development.js:15140:22)
      at workLoopSync (node_modules/react-dom/cjs/react-dom-client.development.js:14956:41)
      at renderRootSync (node_modules/react-dom/cjs/react-dom-client.development.js:14936:11)
      at performWorkOnRoot (node_modules/react-dom/cjs/react-dom-client.development.js:14419:13)
      at performWorkOnRootViaSchedulerTask (node_modules/react-dom/cjs/react-dom-client.development.js:16216:7)
      at flushActQueue (node_modules/react/cjs/react.development.js:566:34)
      at Object.<anonymous>.process.env.NODE_ENV.exports.act (node_modules/react/cjs/react.development.js:860:10)
      at node_modules/@testing-library/react/dist/act-compat.js:47:25
      at renderRoot (node_modules/@testing-library/react/dist/pure.js:180:26)
      at render (node_modules/@testing-library/react/dist/pure.js:271:10)
      at Object.<anonymous> (__tests__/components/portfolio-analyzer.test.tsx:211:13)

  console.warn
    The width(0) and height(0) of chart should be greater than 0,
           please check the style of container, or the props width(0) and height(0),
           or add a minWidth(0) or minHeight(undefined) or use aspect(undefined) to control the
           height and width.

    [0m [90m 209 |[39m
     [90m 210 |[39m     it([32m"should render allocation charts"[39m[33m,[39m () [33m=>[39m {
    [31m[1m>[22m[39m[90m 211 |[39m       render([33m<[39m[33mPortfolioAnalyzer[39m defaultData[33m=[39m{mockPortfolioData} [33m/[39m[33m>[39m)
     [90m     |[39m             [31m[1m^[22m[39m
     [90m 212 |[39m       
     [90m 213 |[39m       expect(screen[33m.[39mgetByTestId([32m"allocation-charts"[39m))[33m.[39mtoBeInTheDocument()
     [90m 214 |[39m       expect(screen[33m.[39mgetByTestId([32m"asset-allocation-chart"[39m))[33m.[39mtoBeInTheDocument()[0m

      at warn (node_modules/recharts/lib/util/LogUtils.js:22:17)
      at node_modules/recharts/lib/component/ResponsiveContainer.js:118:24
      at updateMemo (node_modules/react-dom/cjs/react-dom-client.development.js:6621:19)
      at Object.useMemo (node_modules/react-dom/cjs/react-dom-client.development.js:23182:18)
      at Object.<anonymous>.process.env.NODE_ENV.exports.useMemo (node_modules/react/cjs/react.development.js:1210:34)
      at node_modules/recharts/lib/component/ResponsiveContainer.js:91:41
      at Object.react_stack_bottom_frame (node_modules/react-dom/cjs/react-dom-client.development.js:23863:20)
      at renderWithHooks (node_modules/react-dom/cjs/react-dom-client.development.js:5529:22)
      at updateForwardRef (node_modules/react-dom/cjs/react-dom-client.development.js:8645:19)
      at beginWork (node_modules/react-dom/cjs/react-dom-client.development.js:10861:18)
      at runWithFiberInDEV (node_modules/react-dom/cjs/react-dom-client.development.js:1522:13)
      at performUnitOfWork (node_modules/react-dom/cjs/react-dom-client.development.js:15140:22)
      at workLoopSync (node_modules/react-dom/cjs/react-dom-client.development.js:14956:41)
      at renderRootSync (node_modules/react-dom/cjs/react-dom-client.development.js:14936:11)
      at performWorkOnRoot (node_modules/react-dom/cjs/react-dom-client.development.js:14419:13)
      at performWorkOnRootViaSchedulerTask (node_modules/react-dom/cjs/react-dom-client.development.js:16216:7)
      at flushActQueue (node_modules/react/cjs/react.development.js:566:34)
      at Object.<anonymous>.process.env.NODE_ENV.exports.act (node_modules/react/cjs/react.development.js:860:10)
      at node_modules/@testing-library/react/dist/act-compat.js:47:25
      at renderRoot (node_modules/@testing-library/react/dist/pure.js:180:26)
      at render (node_modules/@testing-library/react/dist/pure.js:271:10)
      at Object.<anonymous> (__tests__/components/portfolio-analyzer.test.tsx:211:13)

  console.warn
    The width(0) and height(0) are both fixed numbers,
           maybe you don't need to use a ResponsiveContainer.

    [0m [90m 209 |[39m
     [90m 210 |[39m     it([32m"should render allocation charts"[39m[33m,[39m () [33m=>[39m {
    [31m[1m>[22m[39m[90m 211 |[39m       render([33m<[39m[33mPortfolioAnalyzer[39m defaultData[33m=[39m{mockPortfolioData} [33m/[39m[33m>[39m)
     [90m     |[39m             [31m[1m^[22m[39m
     [90m 212 |[39m       
     [90m 213 |[39m       expect(screen[33m.[39mgetByTestId([32m"allocation-charts"[39m))[33m.[39mtoBeInTheDocument()
     [90m 214 |[39m       expect(screen[33m.[39mgetByTestId([32m"asset-allocation-chart"[39m))[33m.[39mtoBeInTheDocument()[0m

      at warn (node_modules/recharts/lib/util/LogUtils.js:22:17)
      at node_modules/recharts/lib/component/ResponsiveContainer.js:99:24
      at updateMemo (node_modules/react-dom/cjs/react-dom-client.development.js:6621:19)
      at Object.useMemo (node_modules/react-dom/cjs/react-dom-client.development.js:23182:18)
      at Object.<anonymous>.process.env.NODE_ENV.exports.useMemo (node_modules/react/cjs/react.development.js:1210:34)
      at node_modules/recharts/lib/component/ResponsiveContainer.js:91:41
      at Object.react_stack_bottom_frame (node_modules/react-dom/cjs/react-dom-client.development.js:23863:20)
      at renderWithHooks (node_modules/react-dom/cjs/react-dom-client.development.js:5529:22)
      at updateForwardRef (node_modules/react-dom/cjs/react-dom-client.development.js:8645:19)
      at beginWork (node_modules/react-dom/cjs/react-dom-client.development.js:10861:18)
      at runWithFiberInDEV (node_modules/react-dom/cjs/react-dom-client.development.js:1522:13)
      at performUnitOfWork (node_modules/react-dom/cjs/react-dom-client.development.js:15140:22)
      at workLoopSync (node_modules/react-dom/cjs/react-dom-client.development.js:14956:41)
      at renderRootSync (node_modules/react-dom/cjs/react-dom-client.development.js:14936:11)
      at performWorkOnRoot (node_modules/react-dom/cjs/react-dom-client.development.js:14419:13)
      at performWorkOnRootViaSchedulerTask (node_modules/react-dom/cjs/react-dom-client.development.js:16216:7)
      at flushActQueue (node_modules/react/cjs/react.development.js:566:34)
      at Object.<anonymous>.process.env.NODE_ENV.exports.act (node_modules/react/cjs/react.development.js:860:10)
      at node_modules/@testing-library/react/dist/act-compat.js:47:25
      at renderRoot (node_modules/@testing-library/react/dist/pure.js:180:26)
      at render (node_modules/@testing-library/react/dist/pure.js:271:10)
      at Object.<anonymous> (__tests__/components/portfolio-analyzer.test.tsx:211:13)

  console.warn
    The width(0) and height(0) of chart should be greater than 0,
           please check the style of container, or the props width(0) and height(0),
           or add a minWidth(0) or minHeight(undefined) or use aspect(undefined) to control the
           height and width.

    [0m [90m 209 |[39m
     [90m 210 |[39m     it([32m"should render allocation charts"[39m[33m,[39m () [33m=>[39m {
    [31m[1m>[22m[39m[90m 211 |[39m       render([33m<[39m[33mPortfolioAnalyzer[39m defaultData[33m=[39m{mockPortfolioData} [33m/[39m[33m>[39m)
     [90m     |[39m             [31m[1m^[22m[39m
     [90m 212 |[39m       
     [90m 213 |[39m       expect(screen[33m.[39mgetByTestId([32m"allocation-charts"[39m))[33m.[39mtoBeInTheDocument()
     [90m 214 |[39m       expect(screen[33m.[39mgetByTestId([32m"asset-allocation-chart"[39m))[33m.[39mtoBeInTheDocument()[0m

      at warn (node_modules/recharts/lib/util/LogUtils.js:22:17)
      at node_modules/recharts/lib/component/ResponsiveContainer.js:118:24
      at updateMemo (node_modules/react-dom/cjs/react-dom-client.development.js:6621:19)
      at Object.useMemo (node_modules/react-dom/cjs/react-dom-client.development.js:23182:18)
      at Object.<anonymous>.process.env.NODE_ENV.exports.useMemo (node_modules/react/cjs/react.development.js:1210:34)
      at node_modules/recharts/lib/component/ResponsiveContainer.js:91:41
      at Object.react_stack_bottom_frame (node_modules/react-dom/cjs/react-dom-client.development.js:23863:20)
      at renderWithHooks (node_modules/react-dom/cjs/react-dom-client.development.js:5529:22)
      at updateForwardRef (node_modules/react-dom/cjs/react-dom-client.development.js:8645:19)
      at beginWork (node_modules/react-dom/cjs/react-dom-client.development.js:10861:18)
      at runWithFiberInDEV (node_modules/react-dom/cjs/react-dom-client.development.js:1522:13)
      at performUnitOfWork (node_modules/react-dom/cjs/react-dom-client.development.js:15140:22)
      at workLoopSync (node_modules/react-dom/cjs/react-dom-client.development.js:14956:41)
      at renderRootSync (node_modules/react-dom/cjs/react-dom-client.development.js:14936:11)
      at performWorkOnRoot (node_modules/react-dom/cjs/react-dom-client.development.js:14419:13)
      at performWorkOnRootViaSchedulerTask (node_modules/react-dom/cjs/react-dom-client.development.js:16216:7)
      at flushActQueue (node_modules/react/cjs/react.development.js:566:34)
      at Object.<anonymous>.process.env.NODE_ENV.exports.act (node_modules/react/cjs/react.development.js:860:10)
      at node_modules/@testing-library/react/dist/act-compat.js:47:25
      at renderRoot (node_modules/@testing-library/react/dist/pure.js:180:26)
      at render (node_modules/@testing-library/react/dist/pure.js:271:10)
      at Object.<anonymous> (__tests__/components/portfolio-analyzer.test.tsx:211:13)

  console.warn
    The width(0) and height(0) of chart should be greater than 0,
           please check the style of container, or the props width(100%) and height(100%),
           or add a minWidth(0) or minHeight(undefined) or use aspect(undefined) to control the
           height and width.

    [0m [90m 220 |[39m
     [90m 221 |[39m     it([32m"should render pie charts with correct data"[39m[33m,[39m () [33m=>[39m {
    [31m[1m>[22m[39m[90m 222 |[39m       render([33m<[39m[33mPortfolioAnalyzer[39m defaultData[33m=[39m{mockPortfolioData} [33m/[39m[33m>[39m)
     [90m     |[39m             [31m[1m^[22m[39m
     [90m 223 |[39m       
     [90m 224 |[39m       [90m// The pie charts are rendered inside ResponsiveContainer components[39m
     [90m 225 |[39m       [36mconst[39m responsiveContainers [33m=[39m screen[33m.[39mgetAllByTestId([32m"responsive-container"[39m)[0m

      at warn (node_modules/recharts/lib/util/LogUtils.js:22:17)
      at node_modules/recharts/lib/component/ResponsiveContainer.js:118:24
      at updateMemo (node_modules/react-dom/cjs/react-dom-client.development.js:6621:19)
      at Object.useMemo (node_modules/react-dom/cjs/react-dom-client.development.js:23182:18)
      at Object.<anonymous>.process.env.NODE_ENV.exports.useMemo (node_modules/react/cjs/react.development.js:1210:34)
      at node_modules/recharts/lib/component/ResponsiveContainer.js:91:41
      at Object.react_stack_bottom_frame (node_modules/react-dom/cjs/react-dom-client.development.js:23863:20)
      at renderWithHooks (node_modules/react-dom/cjs/react-dom-client.development.js:5529:22)
      at updateForwardRef (node_modules/react-dom/cjs/react-dom-client.development.js:8645:19)
      at beginWork (node_modules/react-dom/cjs/react-dom-client.development.js:10861:18)
      at runWithFiberInDEV (node_modules/react-dom/cjs/react-dom-client.development.js:1522:13)
      at performUnitOfWork (node_modules/react-dom/cjs/react-dom-client.development.js:15140:22)
      at workLoopSync (node_modules/react-dom/cjs/react-dom-client.development.js:14956:41)
      at renderRootSync (node_modules/react-dom/cjs/react-dom-client.development.js:14936:11)
      at performWorkOnRoot (node_modules/react-dom/cjs/react-dom-client.development.js:14419:13)
      at performSyncWorkOnRoot (node_modules/react-dom/cjs/react-dom-client.development.js:16231:7)
      at flushSyncWorkAcrossRoots_impl (node_modules/react-dom/cjs/react-dom-client.development.js:16079:21)
      at flushSpawnedWork (node_modules/react-dom/cjs/react-dom-client.development.js:15677:9)
      at commitRoot (node_modules/react-dom/cjs/react-dom-client.development.js:15403:9)
      at performWorkOnRoot (node_modules/react-dom/cjs/react-dom-client.development.js:14526:15)
      at performWorkOnRootViaSchedulerTask (node_modules/react-dom/cjs/react-dom-client.development.js:16216:7)
      at flushActQueue (node_modules/react/cjs/react.development.js:566:34)
      at Object.<anonymous>.process.env.NODE_ENV.exports.act (node_modules/react/cjs/react.development.js:860:10)
      at node_modules/@testing-library/react/dist/act-compat.js:47:25
      at renderRoot (node_modules/@testing-library/react/dist/pure.js:180:26)
      at render (node_modules/@testing-library/react/dist/pure.js:271:10)
      at Object.<anonymous> (__tests__/components/portfolio-analyzer.test.tsx:222:13)

  console.warn
    The width(0) and height(0) of chart should be greater than 0,
           please check the style of container, or the props width(100%) and height(100%),
           or add a minWidth(0) or minHeight(undefined) or use aspect(undefined) to control the
           height and width.

    [0m [90m 220 |[39m
     [90m 221 |[39m     it([32m"should render pie charts with correct data"[39m[33m,[39m () [33m=>[39m {
    [31m[1m>[22m[39m[90m 222 |[39m       render([33m<[39m[33mPortfolioAnalyzer[39m defaultData[33m=[39m{mockPortfolioData} [33m/[39m[33m>[39m)
     [90m     |[39m             [31m[1m^[22m[39m
     [90m 223 |[39m       
     [90m 224 |[39m       [90m// The pie charts are rendered inside ResponsiveContainer components[39m
     [90m 225 |[39m       [36mconst[39m responsiveContainers [33m=[39m screen[33m.[39mgetAllByTestId([32m"responsive-container"[39m)[0m

      at warn (node_modules/recharts/lib/util/LogUtils.js:22:17)
      at node_modules/recharts/lib/component/ResponsiveContainer.js:118:24
      at updateMemo (node_modules/react-dom/cjs/react-dom-client.development.js:6621:19)
      at Object.useMemo (node_modules/react-dom/cjs/react-dom-client.development.js:23182:18)
      at Object.<anonymous>.process.env.NODE_ENV.exports.useMemo (node_modules/react/cjs/react.development.js:1210:34)
      at node_modules/recharts/lib/component/ResponsiveContainer.js:91:41
      at Object.react_stack_bottom_frame (node_modules/react-dom/cjs/react-dom-client.development.js:23863:20)
      at renderWithHooks (node_modules/react-dom/cjs/react-dom-client.development.js:5529:22)
      at updateForwardRef (node_modules/react-dom/cjs/react-dom-client.development.js:8645:19)
      at beginWork (node_modules/react-dom/cjs/react-dom-client.development.js:10861:18)
      at runWithFiberInDEV (node_modules/react-dom/cjs/react-dom-client.development.js:1522:13)
      at performUnitOfWork (node_modules/react-dom/cjs/react-dom-client.development.js:15140:22)
      at workLoopSync (node_modules/react-dom/cjs/react-dom-client.development.js:14956:41)
      at renderRootSync (node_modules/react-dom/cjs/react-dom-client.development.js:14936:11)
      at performWorkOnRoot (node_modules/react-dom/cjs/react-dom-client.development.js:14419:13)
      at performSyncWorkOnRoot (node_modules/react-dom/cjs/react-dom-client.development.js:16231:7)
      at flushSyncWorkAcrossRoots_impl (node_modules/react-dom/cjs/react-dom-client.development.js:16079:21)
      at flushSpawnedWork (node_modules/react-dom/cjs/react-dom-client.development.js:15677:9)
      at commitRoot (node_modules/react-dom/cjs/react-dom-client.development.js:15403:9)
      at performWorkOnRoot (node_modules/react-dom/cjs/react-dom-client.development.js:14526:15)
      at performWorkOnRootViaSchedulerTask (node_modules/react-dom/cjs/react-dom-client.development.js:16216:7)
      at flushActQueue (node_modules/react/cjs/react.development.js:566:34)
      at Object.<anonymous>.process.env.NODE_ENV.exports.act (node_modules/react/cjs/react.development.js:860:10)
      at node_modules/@testing-library/react/dist/act-compat.js:47:25
      at renderRoot (node_modules/@testing-library/react/dist/pure.js:180:26)
      at render (node_modules/@testing-library/react/dist/pure.js:271:10)
      at Object.<anonymous> (__tests__/components/portfolio-analyzer.test.tsx:222:13)

  console.warn
    The width(0) and height(0) of chart should be greater than 0,
           please check the style of container, or the props width(100%) and height(100%),
           or add a minWidth(0) or minHeight(undefined) or use aspect(undefined) to control the
           height and width.

    [0m [90m 220 |[39m
     [90m 221 |[39m     it([32m"should render pie charts with correct data"[39m[33m,[39m () [33m=>[39m {
    [31m[1m>[22m[39m[90m 222 |[39m       render([33m<[39m[33mPortfolioAnalyzer[39m defaultData[33m=[39m{mockPortfolioData} [33m/[39m[33m>[39m)
     [90m     |[39m             [31m[1m^[22m[39m
     [90m 223 |[39m       
     [90m 224 |[39m       [90m// The pie charts are rendered inside ResponsiveContainer components[39m
     [90m 225 |[39m       [36mconst[39m responsiveContainers [33m=[39m screen[33m.[39mgetAllByTestId([32m"responsive-container"[39m)[0m

      at warn (node_modules/recharts/lib/util/LogUtils.js:22:17)
      at node_modules/recharts/lib/component/ResponsiveContainer.js:118:24
      at updateMemo (node_modules/react-dom/cjs/react-dom-client.development.js:6621:19)
      at Object.useMemo (node_modules/react-dom/cjs/react-dom-client.development.js:23182:18)
      at Object.<anonymous>.process.env.NODE_ENV.exports.useMemo (node_modules/react/cjs/react.development.js:1210:34)
      at node_modules/recharts/lib/component/ResponsiveContainer.js:91:41
      at Object.react_stack_bottom_frame (node_modules/react-dom/cjs/react-dom-client.development.js:23863:20)
      at renderWithHooks (node_modules/react-dom/cjs/react-dom-client.development.js:5529:22)
      at updateForwardRef (node_modules/react-dom/cjs/react-dom-client.development.js:8645:19)
      at beginWork (node_modules/react-dom/cjs/react-dom-client.development.js:10861:18)
      at runWithFiberInDEV (node_modules/react-dom/cjs/react-dom-client.development.js:1522:13)
      at performUnitOfWork (node_modules/react-dom/cjs/react-dom-client.development.js:15140:22)
      at workLoopSync (node_modules/react-dom/cjs/react-dom-client.development.js:14956:41)
      at renderRootSync (node_modules/react-dom/cjs/react-dom-client.development.js:14936:11)
      at performWorkOnRoot (node_modules/react-dom/cjs/react-dom-client.development.js:14419:13)
      at performSyncWorkOnRoot (node_modules/react-dom/cjs/react-dom-client.development.js:16231:7)
      at flushSyncWorkAcrossRoots_impl (node_modules/react-dom/cjs/react-dom-client.development.js:16079:21)
      at flushSpawnedWork (node_modules/react-dom/cjs/react-dom-client.development.js:15677:9)
      at commitRoot (node_modules/react-dom/cjs/react-dom-client.development.js:15403:9)
      at performWorkOnRoot (node_modules/react-dom/cjs/react-dom-client.development.js:14526:15)
      at performWorkOnRootViaSchedulerTask (node_modules/react-dom/cjs/react-dom-client.development.js:16216:7)
      at flushActQueue (node_modules/react/cjs/react.development.js:566:34)
      at Object.<anonymous>.process.env.NODE_ENV.exports.act (node_modules/react/cjs/react.development.js:860:10)
      at node_modules/@testing-library/react/dist/act-compat.js:47:25
      at renderRoot (node_modules/@testing-library/react/dist/pure.js:180:26)
      at render (node_modules/@testing-library/react/dist/pure.js:271:10)
      at Object.<anonymous> (__tests__/components/portfolio-analyzer.test.tsx:222:13)

  console.warn
    The width(0) and height(0) of chart should be greater than 0,
           please check the style of container, or the props width(100%) and height(100%),
           or add a minWidth(0) or minHeight(undefined) or use aspect(undefined) to control the
           height and width.

    [0m [90m 220 |[39m
     [90m 221 |[39m     it([32m"should render pie charts with correct data"[39m[33m,[39m () [33m=>[39m {
    [31m[1m>[22m[39m[90m 222 |[39m       render([33m<[39m[33mPortfolioAnalyzer[39m defaultData[33m=[39m{mockPortfolioData} [33m/[39m[33m>[39m)
     [90m     |[39m             [31m[1m^[22m[39m
     [90m 223 |[39m       
     [90m 224 |[39m       [90m// The pie charts are rendered inside ResponsiveContainer components[39m
     [90m 225 |[39m       [36mconst[39m responsiveContainers [33m=[39m screen[33m.[39mgetAllByTestId([32m"responsive-container"[39m)[0m

      at warn (node_modules/recharts/lib/util/LogUtils.js:22:17)
      at node_modules/recharts/lib/component/ResponsiveContainer.js:118:24
      at updateMemo (node_modules/react-dom/cjs/react-dom-client.development.js:6621:19)
      at Object.useMemo (node_modules/react-dom/cjs/react-dom-client.development.js:23182:18)
      at Object.<anonymous>.process.env.NODE_ENV.exports.useMemo (node_modules/react/cjs/react.development.js:1210:34)
      at node_modules/recharts/lib/component/ResponsiveContainer.js:91:41
      at Object.react_stack_bottom_frame (node_modules/react-dom/cjs/react-dom-client.development.js:23863:20)
      at renderWithHooks (node_modules/react-dom/cjs/react-dom-client.development.js:5529:22)
      at updateForwardRef (node_modules/react-dom/cjs/react-dom-client.development.js:8645:19)
      at beginWork (node_modules/react-dom/cjs/react-dom-client.development.js:10861:18)
      at runWithFiberInDEV (node_modules/react-dom/cjs/react-dom-client.development.js:1522:13)
      at performUnitOfWork (node_modules/react-dom/cjs/react-dom-client.development.js:15140:22)
      at workLoopSync (node_modules/react-dom/cjs/react-dom-client.development.js:14956:41)
      at renderRootSync (node_modules/react-dom/cjs/react-dom-client.development.js:14936:11)
      at performWorkOnRoot (node_modules/react-dom/cjs/react-dom-client.development.js:14419:13)
      at performSyncWorkOnRoot (node_modules/react-dom/cjs/react-dom-client.development.js:16231:7)
      at flushSyncWorkAcrossRoots_impl (node_modules/react-dom/cjs/react-dom-client.development.js:16079:21)
      at flushSpawnedWork (node_modules/react-dom/cjs/react-dom-client.development.js:15677:9)
      at commitRoot (node_modules/react-dom/cjs/react-dom-client.development.js:15403:9)
      at performWorkOnRoot (node_modules/react-dom/cjs/react-dom-client.development.js:14526:15)
      at performWorkOnRootViaSchedulerTask (node_modules/react-dom/cjs/react-dom-client.development.js:16216:7)
      at flushActQueue (node_modules/react/cjs/react.development.js:566:34)
      at Object.<anonymous>.process.env.NODE_ENV.exports.act (node_modules/react/cjs/react.development.js:860:10)
      at node_modules/@testing-library/react/dist/act-compat.js:47:25
      at renderRoot (node_modules/@testing-library/react/dist/pure.js:180:26)
      at render (node_modules/@testing-library/react/dist/pure.js:271:10)
      at Object.<anonymous> (__tests__/components/portfolio-analyzer.test.tsx:222:13)

  console.warn
    The width(0) and height(0) of chart should be greater than 0,
           please check the style of container, or the props width(100%) and height(100%),
           or add a minWidth(0) or minHeight(undefined) or use aspect(undefined) to control the
           height and width.

    [0m [90m 220 |[39m
     [90m 221 |[39m     it([32m"should render pie charts with correct data"[39m[33m,[39m () [33m=>[39m {
    [31m[1m>[22m[39m[90m 222 |[39m       render([33m<[39m[33mPortfolioAnalyzer[39m defaultData[33m=[39m{mockPortfolioData} [33m/[39m[33m>[39m)
     [90m     |[39m             [31m[1m^[22m[39m
     [90m 223 |[39m       
     [90m 224 |[39m       [90m// The pie charts are rendered inside ResponsiveContainer components[39m
     [90m 225 |[39m       [36mconst[39m responsiveContainers [33m=[39m screen[33m.[39mgetAllByTestId([32m"responsive-container"[39m)[0m

      at warn (node_modules/recharts/lib/util/LogUtils.js:22:17)
      at node_modules/recharts/lib/component/ResponsiveContainer.js:118:24
      at updateMemo (node_modules/react-dom/cjs/react-dom-client.development.js:6621:19)
      at Object.useMemo (node_modules/react-dom/cjs/react-dom-client.development.js:23182:18)
      at Object.<anonymous>.process.env.NODE_ENV.exports.useMemo (node_modules/react/cjs/react.development.js:1210:34)
      at node_modules/recharts/lib/component/ResponsiveContainer.js:91:41
      at Object.react_stack_bottom_frame (node_modules/react-dom/cjs/react-dom-client.development.js:23863:20)
      at renderWithHooks (node_modules/react-dom/cjs/react-dom-client.development.js:5529:22)
      at updateForwardRef (node_modules/react-dom/cjs/react-dom-client.development.js:8645:19)
      at beginWork (node_modules/react-dom/cjs/react-dom-client.development.js:10861:18)
      at runWithFiberInDEV (node_modules/react-dom/cjs/react-dom-client.development.js:1522:13)
      at performUnitOfWork (node_modules/react-dom/cjs/react-dom-client.development.js:15140:22)
      at workLoopSync (node_modules/react-dom/cjs/react-dom-client.development.js:14956:41)
      at renderRootSync (node_modules/react-dom/cjs/react-dom-client.development.js:14936:11)
      at performWorkOnRoot (node_modules/react-dom/cjs/react-dom-client.development.js:14419:13)
      at performSyncWorkOnRoot (node_modules/react-dom/cjs/react-dom-client.development.js:16231:7)
      at flushSyncWorkAcrossRoots_impl (node_modules/react-dom/cjs/react-dom-client.development.js:16079:21)
      at flushSpawnedWork (node_modules/react-dom/cjs/react-dom-client.development.js:15677:9)
      at commitRoot (node_modules/react-dom/cjs/react-dom-client.development.js:15403:9)
      at performWorkOnRoot (node_modules/react-dom/cjs/react-dom-client.development.js:14526:15)
      at performWorkOnRootViaSchedulerTask (node_modules/react-dom/cjs/react-dom-client.development.js:16216:7)
      at flushActQueue (node_modules/react/cjs/react.development.js:566:34)
      at Object.<anonymous>.process.env.NODE_ENV.exports.act (node_modules/react/cjs/react.development.js:860:10)
      at node_modules/@testing-library/react/dist/act-compat.js:47:25
      at renderRoot (node_modules/@testing-library/react/dist/pure.js:180:26)
      at render (node_modules/@testing-library/react/dist/pure.js:271:10)
      at Object.<anonymous> (__tests__/components/portfolio-analyzer.test.tsx:222:13)

  console.warn
    The width(0) and height(0) are both fixed numbers,
           maybe you don't need to use a ResponsiveContainer.

    [0m [90m 220 |[39m
     [90m 221 |[39m     it([32m"should render pie charts with correct data"[39m[33m,[39m () [33m=>[39m {
    [31m[1m>[22m[39m[90m 222 |[39m       render([33m<[39m[33mPortfolioAnalyzer[39m defaultData[33m=[39m{mockPortfolioData} [33m/[39m[33m>[39m)
     [90m     |[39m             [31m[1m^[22m[39m
     [90m 223 |[39m       
     [90m 224 |[39m       [90m// The pie charts are rendered inside ResponsiveContainer components[39m
     [90m 225 |[39m       [36mconst[39m responsiveContainers [33m=[39m screen[33m.[39mgetAllByTestId([32m"responsive-container"[39m)[0m

      at warn (node_modules/recharts/lib/util/LogUtils.js:22:17)
      at node_modules/recharts/lib/component/ResponsiveContainer.js:99:24
      at updateMemo (node_modules/react-dom/cjs/react-dom-client.development.js:6621:19)
      at Object.useMemo (node_modules/react-dom/cjs/react-dom-client.development.js:23182:18)
      at Object.<anonymous>.process.env.NODE_ENV.exports.useMemo (node_modules/react/cjs/react.development.js:1210:34)
      at node_modules/recharts/lib/component/ResponsiveContainer.js:91:41
      at Object.react_stack_bottom_frame (node_modules/react-dom/cjs/react-dom-client.development.js:23863:20)
      at renderWithHooks (node_modules/react-dom/cjs/react-dom-client.development.js:5529:22)
      at updateForwardRef (node_modules/react-dom/cjs/react-dom-client.development.js:8645:19)
      at beginWork (node_modules/react-dom/cjs/react-dom-client.development.js:10861:18)
      at runWithFiberInDEV (node_modules/react-dom/cjs/react-dom-client.development.js:1522:13)
      at performUnitOfWork (node_modules/react-dom/cjs/react-dom-client.development.js:15140:22)
      at workLoopSync (node_modules/react-dom/cjs/react-dom-client.development.js:14956:41)
      at renderRootSync (node_modules/react-dom/cjs/react-dom-client.development.js:14936:11)
      at performWorkOnRoot (node_modules/react-dom/cjs/react-dom-client.development.js:14419:13)
      at performWorkOnRootViaSchedulerTask (node_modules/react-dom/cjs/react-dom-client.development.js:16216:7)
      at flushActQueue (node_modules/react/cjs/react.development.js:566:34)
      at Object.<anonymous>.process.env.NODE_ENV.exports.act (node_modules/react/cjs/react.development.js:860:10)
      at node_modules/@testing-library/react/dist/act-compat.js:47:25
      at renderRoot (node_modules/@testing-library/react/dist/pure.js:180:26)
      at render (node_modules/@testing-library/react/dist/pure.js:271:10)
      at Object.<anonymous> (__tests__/components/portfolio-analyzer.test.tsx:222:13)

  console.warn
    The width(0) and height(0) of chart should be greater than 0,
           please check the style of container, or the props width(0) and height(0),
           or add a minWidth(0) or minHeight(undefined) or use aspect(undefined) to control the
           height and width.

    [0m [90m 220 |[39m
     [90m 221 |[39m     it([32m"should render pie charts with correct data"[39m[33m,[39m () [33m=>[39m {
    [31m[1m>[22m[39m[90m 222 |[39m       render([33m<[39m[33mPortfolioAnalyzer[39m defaultData[33m=[39m{mockPortfolioData} [33m/[39m[33m>[39m)
     [90m     |[39m             [31m[1m^[22m[39m
     [90m 223 |[39m       
     [90m 224 |[39m       [90m// The pie charts are rendered inside ResponsiveContainer components[39m
     [90m 225 |[39m       [36mconst[39m responsiveContainers [33m=[39m screen[33m.[39mgetAllByTestId([32m"responsive-container"[39m)[0m

      at warn (node_modules/recharts/lib/util/LogUtils.js:22:17)
      at node_modules/recharts/lib/component/ResponsiveContainer.js:118:24
      at updateMemo (node_modules/react-dom/cjs/react-dom-client.development.js:6621:19)
      at Object.useMemo (node_modules/react-dom/cjs/react-dom-client.development.js:23182:18)
      at Object.<anonymous>.process.env.NODE_ENV.exports.useMemo (node_modules/react/cjs/react.development.js:1210:34)
      at node_modules/recharts/lib/component/ResponsiveContainer.js:91:41
      at Object.react_stack_bottom_frame (node_modules/react-dom/cjs/react-dom-client.development.js:23863:20)
      at renderWithHooks (node_modules/react-dom/cjs/react-dom-client.development.js:5529:22)
      at updateForwardRef (node_modules/react-dom/cjs/react-dom-client.development.js:8645:19)
      at beginWork (node_modules/react-dom/cjs/react-dom-client.development.js:10861:18)
      at runWithFiberInDEV (node_modules/react-dom/cjs/react-dom-client.development.js:1522:13)
      at performUnitOfWork (node_modules/react-dom/cjs/react-dom-client.development.js:15140:22)
      at workLoopSync (node_modules/react-dom/cjs/react-dom-client.development.js:14956:41)
      at renderRootSync (node_modules/react-dom/cjs/react-dom-client.development.js:14936:11)
      at performWorkOnRoot (node_modules/react-dom/cjs/react-dom-client.development.js:14419:13)
      at performWorkOnRootViaSchedulerTask (node_modules/react-dom/cjs/react-dom-client.development.js:16216:7)
      at flushActQueue (node_modules/react/cjs/react.development.js:566:34)
      at Object.<anonymous>.process.env.NODE_ENV.exports.act (node_modules/react/cjs/react.development.js:860:10)
      at node_modules/@testing-library/react/dist/act-compat.js:47:25
      at renderRoot (node_modules/@testing-library/react/dist/pure.js:180:26)
      at render (node_modules/@testing-library/react/dist/pure.js:271:10)
      at Object.<anonymous> (__tests__/components/portfolio-analyzer.test.tsx:222:13)

  console.warn
    The width(0) and height(0) are both fixed numbers,
           maybe you don't need to use a ResponsiveContainer.

    [0m [90m 220 |[39m
     [90m 221 |[39m     it([32m"should render pie charts with correct data"[39m[33m,[39m () [33m=>[39m {
    [31m[1m>[22m[39m[90m 222 |[39m       render([33m<[39m[33mPortfolioAnalyzer[39m defaultData[33m=[39m{mockPortfolioData} [33m/[39m[33m>[39m)
     [90m     |[39m             [31m[1m^[22m[39m
     [90m 223 |[39m       
     [90m 224 |[39m       [90m// The pie charts are rendered inside ResponsiveContainer components[39m
     [90m 225 |[39m       [36mconst[39m responsiveContainers [33m=[39m screen[33m.[39mgetAllByTestId([32m"responsive-container"[39m)[0m

      at warn (node_modules/recharts/lib/util/LogUtils.js:22:17)
      at node_modules/recharts/lib/component/ResponsiveContainer.js:99:24
      at updateMemo (node_modules/react-dom/cjs/react-dom-client.development.js:6621:19)
      at Object.useMemo (node_modules/react-dom/cjs/react-dom-client.development.js:23182:18)
      at Object.<anonymous>.process.env.NODE_ENV.exports.useMemo (node_modules/react/cjs/react.development.js:1210:34)
      at node_modules/recharts/lib/component/ResponsiveContainer.js:91:41
      at Object.react_stack_bottom_frame (node_modules/react-dom/cjs/react-dom-client.development.js:23863:20)
      at renderWithHooks (node_modules/react-dom/cjs/react-dom-client.development.js:5529:22)
      at updateForwardRef (node_modules/react-dom/cjs/react-dom-client.development.js:8645:19)
      at beginWork (node_modules/react-dom/cjs/react-dom-client.development.js:10861:18)
      at runWithFiberInDEV (node_modules/react-dom/cjs/react-dom-client.development.js:1522:13)
      at performUnitOfWork (node_modules/react-dom/cjs/react-dom-client.development.js:15140:22)
      at workLoopSync (node_modules/react-dom/cjs/react-dom-client.development.js:14956:41)
      at renderRootSync (node_modules/react-dom/cjs/react-dom-client.development.js:14936:11)
      at performWorkOnRoot (node_modules/react-dom/cjs/react-dom-client.development.js:14419:13)
      at performWorkOnRootViaSchedulerTask (node_modules/react-dom/cjs/react-dom-client.development.js:16216:7)
      at flushActQueue (node_modules/react/cjs/react.development.js:566:34)
      at Object.<anonymous>.process.env.NODE_ENV.exports.act (node_modules/react/cjs/react.development.js:860:10)
      at node_modules/@testing-library/react/dist/act-compat.js:47:25
      at renderRoot (node_modules/@testing-library/react/dist/pure.js:180:26)
      at render (node_modules/@testing-library/react/dist/pure.js:271:10)
      at Object.<anonymous> (__tests__/components/portfolio-analyzer.test.tsx:222:13)

  console.warn
    The width(0) and height(0) of chart should be greater than 0,
           please check the style of container, or the props width(0) and height(0),
           or add a minWidth(0) or minHeight(undefined) or use aspect(undefined) to control the
           height and width.

    [0m [90m 220 |[39m
     [90m 221 |[39m     it([32m"should render pie charts with correct data"[39m[33m,[39m () [33m=>[39m {
    [31m[1m>[22m[39m[90m 222 |[39m       render([33m<[39m[33mPortfolioAnalyzer[39m defaultData[33m=[39m{mockPortfolioData} [33m/[39m[33m>[39m)
     [90m     |[39m             [31m[1m^[22m[39m
     [90m 223 |[39m       
     [90m 224 |[39m       [90m// The pie charts are rendered inside ResponsiveContainer components[39m
     [90m 225 |[39m       [36mconst[39m responsiveContainers [33m=[39m screen[33m.[39mgetAllByTestId([32m"responsive-container"[39m)[0m

      at warn (node_modules/recharts/lib/util/LogUtils.js:22:17)
      at node_modules/recharts/lib/component/ResponsiveContainer.js:118:24
      at updateMemo (node_modules/react-dom/cjs/react-dom-client.development.js:6621:19)
      at Object.useMemo (node_modules/react-dom/cjs/react-dom-client.development.js:23182:18)
      at Object.<anonymous>.process.env.NODE_ENV.exports.useMemo (node_modules/react/cjs/react.development.js:1210:34)
      at node_modules/recharts/lib/component/ResponsiveContainer.js:91:41
      at Object.react_stack_bottom_frame (node_modules/react-dom/cjs/react-dom-client.development.js:23863:20)
      at renderWithHooks (node_modules/react-dom/cjs/react-dom-client.development.js:5529:22)
      at updateForwardRef (node_modules/react-dom/cjs/react-dom-client.development.js:8645:19)
      at beginWork (node_modules/react-dom/cjs/react-dom-client.development.js:10861:18)
      at runWithFiberInDEV (node_modules/react-dom/cjs/react-dom-client.development.js:1522:13)
      at performUnitOfWork (node_modules/react-dom/cjs/react-dom-client.development.js:15140:22)
      at workLoopSync (node_modules/react-dom/cjs/react-dom-client.development.js:14956:41)
      at renderRootSync (node_modules/react-dom/cjs/react-dom-client.development.js:14936:11)
      at performWorkOnRoot (node_modules/react-dom/cjs/react-dom-client.development.js:14419:13)
      at performWorkOnRootViaSchedulerTask (node_modules/react-dom/cjs/react-dom-client.development.js:16216:7)
      at flushActQueue (node_modules/react/cjs/react.development.js:566:34)
      at Object.<anonymous>.process.env.NODE_ENV.exports.act (node_modules/react/cjs/react.development.js:860:10)
      at node_modules/@testing-library/react/dist/act-compat.js:47:25
      at renderRoot (node_modules/@testing-library/react/dist/pure.js:180:26)
      at render (node_modules/@testing-library/react/dist/pure.js:271:10)
      at Object.<anonymous> (__tests__/components/portfolio-analyzer.test.tsx:222:13)

  console.warn
    The width(0) and height(0) are both fixed numbers,
           maybe you don't need to use a ResponsiveContainer.

    [0m [90m 220 |[39m
     [90m 221 |[39m     it([32m"should render pie charts with correct data"[39m[33m,[39m () [33m=>[39m {
    [31m[1m>[22m[39m[90m 222 |[39m       render([33m<[39m[33mPortfolioAnalyzer[39m defaultData[33m=[39m{mockPortfolioData} [33m/[39m[33m>[39m)
     [90m     |[39m             [31m[1m^[22m[39m
     [90m 223 |[39m       
     [90m 224 |[39m       [90m// The pie charts are rendered inside ResponsiveContainer components[39m
     [90m 225 |[39m       [36mconst[39m responsiveContainers [33m=[39m screen[33m.[39mgetAllByTestId([32m"responsive-container"[39m)[0m

      at warn (node_modules/recharts/lib/util/LogUtils.js:22:17)
      at node_modules/recharts/lib/component/ResponsiveContainer.js:99:24
      at updateMemo (node_modules/react-dom/cjs/react-dom-client.development.js:6621:19)
      at Object.useMemo (node_modules/react-dom/cjs/react-dom-client.development.js:23182:18)
      at Object.<anonymous>.process.env.NODE_ENV.exports.useMemo (node_modules/react/cjs/react.development.js:1210:34)
      at node_modules/recharts/lib/component/ResponsiveContainer.js:91:41
      at Object.react_stack_bottom_frame (node_modules/react-dom/cjs/react-dom-client.development.js:23863:20)
      at renderWithHooks (node_modules/react-dom/cjs/react-dom-client.development.js:5529:22)
      at updateForwardRef (node_modules/react-dom/cjs/react-dom-client.development.js:8645:19)
      at beginWork (node_modules/react-dom/cjs/react-dom-client.development.js:10861:18)
      at runWithFiberInDEV (node_modules/react-dom/cjs/react-dom-client.development.js:1522:13)
      at performUnitOfWork (node_modules/react-dom/cjs/react-dom-client.development.js:15140:22)
      at workLoopSync (node_modules/react-dom/cjs/react-dom-client.development.js:14956:41)
      at renderRootSync (node_modules/react-dom/cjs/react-dom-client.development.js:14936:11)
      at performWorkOnRoot (node_modules/react-dom/cjs/react-dom-client.development.js:14419:13)
      at performWorkOnRootViaSchedulerTask (node_modules/react-dom/cjs/react-dom-client.development.js:16216:7)
      at flushActQueue (node_modules/react/cjs/react.development.js:566:34)
      at Object.<anonymous>.process.env.NODE_ENV.exports.act (node_modules/react/cjs/react.development.js:860:10)
      at node_modules/@testing-library/react/dist/act-compat.js:47:25
      at renderRoot (node_modules/@testing-library/react/dist/pure.js:180:26)
      at render (node_modules/@testing-library/react/dist/pure.js:271:10)
      at Object.<anonymous> (__tests__/components/portfolio-analyzer.test.tsx:222:13)

  console.warn
    The width(0) and height(0) of chart should be greater than 0,
           please check the style of container, or the props width(0) and height(0),
           or add a minWidth(0) or minHeight(undefined) or use aspect(undefined) to control the
           height and width.

    [0m [90m 220 |[39m
     [90m 221 |[39m     it([32m"should render pie charts with correct data"[39m[33m,[39m () [33m=>[39m {
    [31m[1m>[22m[39m[90m 222 |[39m       render([33m<[39m[33mPortfolioAnalyzer[39m defaultData[33m=[39m{mockPortfolioData} [33m/[39m[33m>[39m)
     [90m     |[39m             [31m[1m^[22m[39m
     [90m 223 |[39m       
     [90m 224 |[39m       [90m// The pie charts are rendered inside ResponsiveContainer components[39m
     [90m 225 |[39m       [36mconst[39m responsiveContainers [33m=[39m screen[33m.[39mgetAllByTestId([32m"responsive-container"[39m)[0m

      at warn (node_modules/recharts/lib/util/LogUtils.js:22:17)
      at node_modules/recharts/lib/component/ResponsiveContainer.js:118:24
      at updateMemo (node_modules/react-dom/cjs/react-dom-client.development.js:6621:19)
      at Object.useMemo (node_modules/react-dom/cjs/react-dom-client.development.js:23182:18)
      at Object.<anonymous>.process.env.NODE_ENV.exports.useMemo (node_modules/react/cjs/react.development.js:1210:34)
      at node_modules/recharts/lib/component/ResponsiveContainer.js:91:41
      at Object.react_stack_bottom_frame (node_modules/react-dom/cjs/react-dom-client.development.js:23863:20)
      at renderWithHooks (node_modules/react-dom/cjs/react-dom-client.development.js:5529:22)
      at updateForwardRef (node_modules/react-dom/cjs/react-dom-client.development.js:8645:19)
      at beginWork (node_modules/react-dom/cjs/react-dom-client.development.js:10861:18)
      at runWithFiberInDEV (node_modules/react-dom/cjs/react-dom-client.development.js:1522:13)
      at performUnitOfWork (node_modules/react-dom/cjs/react-dom-client.development.js:15140:22)
      at workLoopSync (node_modules/react-dom/cjs/react-dom-client.development.js:14956:41)
      at renderRootSync (node_modules/react-dom/cjs/react-dom-client.development.js:14936:11)
      at performWorkOnRoot (node_modules/react-dom/cjs/react-dom-client.development.js:14419:13)
      at performWorkOnRootViaSchedulerTask (node_modules/react-dom/cjs/react-dom-client.development.js:16216:7)
      at flushActQueue (node_modules/react/cjs/react.development.js:566:34)
      at Object.<anonymous>.process.env.NODE_ENV.exports.act (node_modules/react/cjs/react.development.js:860:10)
      at node_modules/@testing-library/react/dist/act-compat.js:47:25
      at renderRoot (node_modules/@testing-library/react/dist/pure.js:180:26)
      at render (node_modules/@testing-library/react/dist/pure.js:271:10)
      at Object.<anonymous> (__tests__/components/portfolio-analyzer.test.tsx:222:13)

  console.warn
    The width(0) and height(0) are both fixed numbers,
           maybe you don't need to use a ResponsiveContainer.

    [0m [90m 220 |[39m
     [90m 221 |[39m     it([32m"should render pie charts with correct data"[39m[33m,[39m () [33m=>[39m {
    [31m[1m>[22m[39m[90m 222 |[39m       render([33m<[39m[33mPortfolioAnalyzer[39m defaultData[33m=[39m{mockPortfolioData} [33m/[39m[33m>[39m)
     [90m     |[39m             [31m[1m^[22m[39m
     [90m 223 |[39m       
     [90m 224 |[39m       [90m// The pie charts are rendered inside ResponsiveContainer components[39m
     [90m 225 |[39m       [36mconst[39m responsiveContainers [33m=[39m screen[33m.[39mgetAllByTestId([32m"responsive-container"[39m)[0m

      at warn (node_modules/recharts/lib/util/LogUtils.js:22:17)
      at node_modules/recharts/lib/component/ResponsiveContainer.js:99:24
      at updateMemo (node_modules/react-dom/cjs/react-dom-client.development.js:6621:19)
      at Object.useMemo (node_modules/react-dom/cjs/react-dom-client.development.js:23182:18)
      at Object.<anonymous>.process.env.NODE_ENV.exports.useMemo (node_modules/react/cjs/react.development.js:1210:34)
      at node_modules/recharts/lib/component/ResponsiveContainer.js:91:41
      at Object.react_stack_bottom_frame (node_modules/react-dom/cjs/react-dom-client.development.js:23863:20)
      at renderWithHooks (node_modules/react-dom/cjs/react-dom-client.development.js:5529:22)
      at updateForwardRef (node_modules/react-dom/cjs/react-dom-client.development.js:8645:19)
      at beginWork (node_modules/react-dom/cjs/react-dom-client.development.js:10861:18)
      at runWithFiberInDEV (node_modules/react-dom/cjs/react-dom-client.development.js:1522:13)
      at performUnitOfWork (node_modules/react-dom/cjs/react-dom-client.development.js:15140:22)
      at workLoopSync (node_modules/react-dom/cjs/react-dom-client.development.js:14956:41)
      at renderRootSync (node_modules/react-dom/cjs/react-dom-client.development.js:14936:11)
      at performWorkOnRoot (node_modules/react-dom/cjs/react-dom-client.development.js:14419:13)
      at performWorkOnRootViaSchedulerTask (node_modules/react-dom/cjs/react-dom-client.development.js:16216:7)
      at flushActQueue (node_modules/react/cjs/react.development.js:566:34)
      at Object.<anonymous>.process.env.NODE_ENV.exports.act (node_modules/react/cjs/react.development.js:860:10)
      at node_modules/@testing-library/react/dist/act-compat.js:47:25
      at renderRoot (node_modules/@testing-library/react/dist/pure.js:180:26)
      at render (node_modules/@testing-library/react/dist/pure.js:271:10)
      at Object.<anonymous> (__tests__/components/portfolio-analyzer.test.tsx:222:13)

  console.warn
    The width(0) and height(0) of chart should be greater than 0,
           please check the style of container, or the props width(0) and height(0),
           or add a minWidth(0) or minHeight(undefined) or use aspect(undefined) to control the
           height and width.

    [0m [90m 220 |[39m
     [90m 221 |[39m     it([32m"should render pie charts with correct data"[39m[33m,[39m () [33m=>[39m {
    [31m[1m>[22m[39m[90m 222 |[39m       render([33m<[39m[33mPortfolioAnalyzer[39m defaultData[33m=[39m{mockPortfolioData} [33m/[39m[33m>[39m)
     [90m     |[39m             [31m[1m^[22m[39m
     [90m 223 |[39m       
     [90m 224 |[39m       [90m// The pie charts are rendered inside ResponsiveContainer components[39m
     [90m 225 |[39m       [36mconst[39m responsiveContainers [33m=[39m screen[33m.[39mgetAllByTestId([32m"responsive-container"[39m)[0m

      at warn (node_modules/recharts/lib/util/LogUtils.js:22:17)
      at node_modules/recharts/lib/component/ResponsiveContainer.js:118:24
      at updateMemo (node_modules/react-dom/cjs/react-dom-client.development.js:6621:19)
      at Object.useMemo (node_modules/react-dom/cjs/react-dom-client.development.js:23182:18)
      at Object.<anonymous>.process.env.NODE_ENV.exports.useMemo (node_modules/react/cjs/react.development.js:1210:34)
      at node_modules/recharts/lib/component/ResponsiveContainer.js:91:41
      at Object.react_stack_bottom_frame (node_modules/react-dom/cjs/react-dom-client.development.js:23863:20)
      at renderWithHooks (node_modules/react-dom/cjs/react-dom-client.development.js:5529:22)
      at updateForwardRef (node_modules/react-dom/cjs/react-dom-client.development.js:8645:19)
      at beginWork (node_modules/react-dom/cjs/react-dom-client.development.js:10861:18)
      at runWithFiberInDEV (node_modules/react-dom/cjs/react-dom-client.development.js:1522:13)
      at performUnitOfWork (node_modules/react-dom/cjs/react-dom-client.development.js:15140:22)
      at workLoopSync (node_modules/react-dom/cjs/react-dom-client.development.js:14956:41)
      at renderRootSync (node_modules/react-dom/cjs/react-dom-client.development.js:14936:11)
      at performWorkOnRoot (node_modules/react-dom/cjs/react-dom-client.development.js:14419:13)
      at performWorkOnRootViaSchedulerTask (node_modules/react-dom/cjs/react-dom-client.development.js:16216:7)
      at flushActQueue (node_modules/react/cjs/react.development.js:566:34)
      at Object.<anonymous>.process.env.NODE_ENV.exports.act (node_modules/react/cjs/react.development.js:860:10)
      at node_modules/@testing-library/react/dist/act-compat.js:47:25
      at renderRoot (node_modules/@testing-library/react/dist/pure.js:180:26)
      at render (node_modules/@testing-library/react/dist/pure.js:271:10)
      at Object.<anonymous> (__tests__/components/portfolio-analyzer.test.tsx:222:13)

  console.warn
    The width(0) and height(0) are both fixed numbers,
           maybe you don't need to use a ResponsiveContainer.

    [0m [90m 220 |[39m
     [90m 221 |[39m     it([32m"should render pie charts with correct data"[39m[33m,[39m () [33m=>[39m {
    [31m[1m>[22m[39m[90m 222 |[39m       render([33m<[39m[33mPortfolioAnalyzer[39m defaultData[33m=[39m{mockPortfolioData} [33m/[39m[33m>[39m)
     [90m     |[39m             [31m[1m^[22m[39m
     [90m 223 |[39m       
     [90m 224 |[39m       [90m// The pie charts are rendered inside ResponsiveContainer components[39m
     [90m 225 |[39m       [36mconst[39m responsiveContainers [33m=[39m screen[33m.[39mgetAllByTestId([32m"responsive-container"[39m)[0m

      at warn (node_modules/recharts/lib/util/LogUtils.js:22:17)
      at node_modules/recharts/lib/component/ResponsiveContainer.js:99:24
      at updateMemo (node_modules/react-dom/cjs/react-dom-client.development.js:6621:19)
      at Object.useMemo (node_modules/react-dom/cjs/react-dom-client.development.js:23182:18)
      at Object.<anonymous>.process.env.NODE_ENV.exports.useMemo (node_modules/react/cjs/react.development.js:1210:34)
      at node_modules/recharts/lib/component/ResponsiveContainer.js:91:41
      at Object.react_stack_bottom_frame (node_modules/react-dom/cjs/react-dom-client.development.js:23863:20)
      at renderWithHooks (node_modules/react-dom/cjs/react-dom-client.development.js:5529:22)
      at updateForwardRef (node_modules/react-dom/cjs/react-dom-client.development.js:8645:19)
      at beginWork (node_modules/react-dom/cjs/react-dom-client.development.js:10861:18)
      at runWithFiberInDEV (node_modules/react-dom/cjs/react-dom-client.development.js:1522:13)
      at performUnitOfWork (node_modules/react-dom/cjs/react-dom-client.development.js:15140:22)
      at workLoopSync (node_modules/react-dom/cjs/react-dom-client.development.js:14956:41)
      at renderRootSync (node_modules/react-dom/cjs/react-dom-client.development.js:14936:11)
      at performWorkOnRoot (node_modules/react-dom/cjs/react-dom-client.development.js:14419:13)
      at performWorkOnRootViaSchedulerTask (node_modules/react-dom/cjs/react-dom-client.development.js:16216:7)
      at flushActQueue (node_modules/react/cjs/react.development.js:566:34)
      at Object.<anonymous>.process.env.NODE_ENV.exports.act (node_modules/react/cjs/react.development.js:860:10)
      at node_modules/@testing-library/react/dist/act-compat.js:47:25
      at renderRoot (node_modules/@testing-library/react/dist/pure.js:180:26)
      at render (node_modules/@testing-library/react/dist/pure.js:271:10)
      at Object.<anonymous> (__tests__/components/portfolio-analyzer.test.tsx:222:13)

  console.warn
    The width(0) and height(0) of chart should be greater than 0,
           please check the style of container, or the props width(0) and height(0),
           or add a minWidth(0) or minHeight(undefined) or use aspect(undefined) to control the
           height and width.

    [0m [90m 220 |[39m
     [90m 221 |[39m     it([32m"should render pie charts with correct data"[39m[33m,[39m () [33m=>[39m {
    [31m[1m>[22m[39m[90m 222 |[39m       render([33m<[39m[33mPortfolioAnalyzer[39m defaultData[33m=[39m{mockPortfolioData} [33m/[39m[33m>[39m)
     [90m     |[39m             [31m[1m^[22m[39m
     [90m 223 |[39m       
     [90m 224 |[39m       [90m// The pie charts are rendered inside ResponsiveContainer components[39m
     [90m 225 |[39m       [36mconst[39m responsiveContainers [33m=[39m screen[33m.[39mgetAllByTestId([32m"responsive-container"[39m)[0m

      at warn (node_modules/recharts/lib/util/LogUtils.js:22:17)
      at node_modules/recharts/lib/component/ResponsiveContainer.js:118:24
      at updateMemo (node_modules/react-dom/cjs/react-dom-client.development.js:6621:19)
      at Object.useMemo (node_modules/react-dom/cjs/react-dom-client.development.js:23182:18)
      at Object.<anonymous>.process.env.NODE_ENV.exports.useMemo (node_modules/react/cjs/react.development.js:1210:34)
      at node_modules/recharts/lib/component/ResponsiveContainer.js:91:41
      at Object.react_stack_bottom_frame (node_modules/react-dom/cjs/react-dom-client.development.js:23863:20)
      at renderWithHooks (node_modules/react-dom/cjs/react-dom-client.development.js:5529:22)
      at updateForwardRef (node_modules/react-dom/cjs/react-dom-client.development.js:8645:19)
      at beginWork (node_modules/react-dom/cjs/react-dom-client.development.js:10861:18)
      at runWithFiberInDEV (node_modules/react-dom/cjs/react-dom-client.development.js:1522:13)
      at performUnitOfWork (node_modules/react-dom/cjs/react-dom-client.development.js:15140:22)
      at workLoopSync (node_modules/react-dom/cjs/react-dom-client.development.js:14956:41)
      at renderRootSync (node_modules/react-dom/cjs/react-dom-client.development.js:14936:11)
      at performWorkOnRoot (node_modules/react-dom/cjs/react-dom-client.development.js:14419:13)
      at performWorkOnRootViaSchedulerTask (node_modules/react-dom/cjs/react-dom-client.development.js:16216:7)
      at flushActQueue (node_modules/react/cjs/react.development.js:566:34)
      at Object.<anonymous>.process.env.NODE_ENV.exports.act (node_modules/react/cjs/react.development.js:860:10)
      at node_modules/@testing-library/react/dist/act-compat.js:47:25
      at renderRoot (node_modules/@testing-library/react/dist/pure.js:180:26)
      at render (node_modules/@testing-library/react/dist/pure.js:271:10)
      at Object.<anonymous> (__tests__/components/portfolio-analyzer.test.tsx:222:13)

  console.warn
    The width(0) and height(0) of chart should be greater than 0,
           please check the style of container, or the props width(100%) and height(100%),
           or add a minWidth(0) or minHeight(undefined) or use aspect(undefined) to control the
           height and width.

    [0m [90m 237 |[39m   describe([32m"Reset Functionality"[39m[33m,[39m () [33m=>[39m {
     [90m 238 |[39m     it([32m"should allow analyzing another portfolio"[39m[33m,[39m () [33m=>[39m {
    [31m[1m>[22m[39m[90m 239 |[39m       render([33m<[39m[33mPortfolioAnalyzer[39m defaultData[33m=[39m{mockPortfolioData} [33m/[39m[33m>[39m)
     [90m     |[39m             [31m[1m^[22m[39m
     [90m 240 |[39m       
     [90m 241 |[39m       [36mconst[39m resetButton [33m=[39m screen[33m.[39mgetByTestId([32m"reset-button"[39m)
     [90m 242 |[39m       expect(resetButton)[33m.[39mtoBeInTheDocument()[0m

      at warn (node_modules/recharts/lib/util/LogUtils.js:22:17)
      at node_modules/recharts/lib/component/ResponsiveContainer.js:118:24
      at updateMemo (node_modules/react-dom/cjs/react-dom-client.development.js:6621:19)
      at Object.useMemo (node_modules/react-dom/cjs/react-dom-client.development.js:23182:18)
      at Object.<anonymous>.process.env.NODE_ENV.exports.useMemo (node_modules/react/cjs/react.development.js:1210:34)
      at node_modules/recharts/lib/component/ResponsiveContainer.js:91:41
      at Object.react_stack_bottom_frame (node_modules/react-dom/cjs/react-dom-client.development.js:23863:20)
      at renderWithHooks (node_modules/react-dom/cjs/react-dom-client.development.js:5529:22)
      at updateForwardRef (node_modules/react-dom/cjs/react-dom-client.development.js:8645:19)
      at beginWork (node_modules/react-dom/cjs/react-dom-client.development.js:10861:18)
      at runWithFiberInDEV (node_modules/react-dom/cjs/react-dom-client.development.js:1522:13)
      at performUnitOfWork (node_modules/react-dom/cjs/react-dom-client.development.js:15140:22)
      at workLoopSync (node_modules/react-dom/cjs/react-dom-client.development.js:14956:41)
      at renderRootSync (node_modules/react-dom/cjs/react-dom-client.development.js:14936:11)
      at performWorkOnRoot (node_modules/react-dom/cjs/react-dom-client.development.js:14419:13)
      at performSyncWorkOnRoot (node_modules/react-dom/cjs/react-dom-client.development.js:16231:7)
      at flushSyncWorkAcrossRoots_impl (node_modules/react-dom/cjs/react-dom-client.development.js:16079:21)
      at flushSpawnedWork (node_modules/react-dom/cjs/react-dom-client.development.js:15677:9)
      at commitRoot (node_modules/react-dom/cjs/react-dom-client.development.js:15403:9)
      at performWorkOnRoot (node_modules/react-dom/cjs/react-dom-client.development.js:14526:15)
      at performWorkOnRootViaSchedulerTask (node_modules/react-dom/cjs/react-dom-client.development.js:16216:7)
      at flushActQueue (node_modules/react/cjs/react.development.js:566:34)
      at Object.<anonymous>.process.env.NODE_ENV.exports.act (node_modules/react/cjs/react.development.js:860:10)
      at node_modules/@testing-library/react/dist/act-compat.js:47:25
      at renderRoot (node_modules/@testing-library/react/dist/pure.js:180:26)
      at render (node_modules/@testing-library/react/dist/pure.js:271:10)
      at Object.<anonymous> (__tests__/components/portfolio-analyzer.test.tsx:239:13)

  console.warn
    The width(0) and height(0) of chart should be greater than 0,
           please check the style of container, or the props width(100%) and height(100%),
           or add a minWidth(0) or minHeight(undefined) or use aspect(undefined) to control the
           height and width.

    [0m [90m 237 |[39m   describe([32m"Reset Functionality"[39m[33m,[39m () [33m=>[39m {
     [90m 238 |[39m     it([32m"should allow analyzing another portfolio"[39m[33m,[39m () [33m=>[39m {
    [31m[1m>[22m[39m[90m 239 |[39m       render([33m<[39m[33mPortfolioAnalyzer[39m defaultData[33m=[39m{mockPortfolioData} [33m/[39m[33m>[39m)
     [90m     |[39m             [31m[1m^[22m[39m
     [90m 240 |[39m       
     [90m 241 |[39m       [36mconst[39m resetButton [33m=[39m screen[33m.[39mgetByTestId([32m"reset-button"[39m)
     [90m 242 |[39m       expect(resetButton)[33m.[39mtoBeInTheDocument()[0m

      at warn (node_modules/recharts/lib/util/LogUtils.js:22:17)
      at node_modules/recharts/lib/component/ResponsiveContainer.js:118:24
      at updateMemo (node_modules/react-dom/cjs/react-dom-client.development.js:6621:19)
      at Object.useMemo (node_modules/react-dom/cjs/react-dom-client.development.js:23182:18)
      at Object.<anonymous>.process.env.NODE_ENV.exports.useMemo (node_modules/react/cjs/react.development.js:1210:34)
      at node_modules/recharts/lib/component/ResponsiveContainer.js:91:41
      at Object.react_stack_bottom_frame (node_modules/react-dom/cjs/react-dom-client.development.js:23863:20)
      at renderWithHooks (node_modules/react-dom/cjs/react-dom-client.development.js:5529:22)
      at updateForwardRef (node_modules/react-dom/cjs/react-dom-client.development.js:8645:19)
      at beginWork (node_modules/react-dom/cjs/react-dom-client.development.js:10861:18)
      at runWithFiberInDEV (node_modules/react-dom/cjs/react-dom-client.development.js:1522:13)
      at performUnitOfWork (node_modules/react-dom/cjs/react-dom-client.development.js:15140:22)
      at workLoopSync (node_modules/react-dom/cjs/react-dom-client.development.js:14956:41)
      at renderRootSync (node_modules/react-dom/cjs/react-dom-client.development.js:14936:11)
      at performWorkOnRoot (node_modules/react-dom/cjs/react-dom-client.development.js:14419:13)
      at performSyncWorkOnRoot (node_modules/react-dom/cjs/react-dom-client.development.js:16231:7)
      at flushSyncWorkAcrossRoots_impl (node_modules/react-dom/cjs/react-dom-client.development.js:16079:21)
      at flushSpawnedWork (node_modules/react-dom/cjs/react-dom-client.development.js:15677:9)
      at commitRoot (node_modules/react-dom/cjs/react-dom-client.development.js:15403:9)
      at performWorkOnRoot (node_modules/react-dom/cjs/react-dom-client.development.js:14526:15)
      at performWorkOnRootViaSchedulerTask (node_modules/react-dom/cjs/react-dom-client.development.js:16216:7)
      at flushActQueue (node_modules/react/cjs/react.development.js:566:34)
      at Object.<anonymous>.process.env.NODE_ENV.exports.act (node_modules/react/cjs/react.development.js:860:10)
      at node_modules/@testing-library/react/dist/act-compat.js:47:25
      at renderRoot (node_modules/@testing-library/react/dist/pure.js:180:26)
      at render (node_modules/@testing-library/react/dist/pure.js:271:10)
      at Object.<anonymous> (__tests__/components/portfolio-analyzer.test.tsx:239:13)

  console.warn
    The width(0) and height(0) of chart should be greater than 0,
           please check the style of container, or the props width(100%) and height(100%),
           or add a minWidth(0) or minHeight(undefined) or use aspect(undefined) to control the
           height and width.

    [0m [90m 237 |[39m   describe([32m"Reset Functionality"[39m[33m,[39m () [33m=>[39m {
     [90m 238 |[39m     it([32m"should allow analyzing another portfolio"[39m[33m,[39m () [33m=>[39m {
    [31m[1m>[22m[39m[90m 239 |[39m       render([33m<[39m[33mPortfolioAnalyzer[39m defaultData[33m=[39m{mockPortfolioData} [33m/[39m[33m>[39m)
     [90m     |[39m             [31m[1m^[22m[39m
     [90m 240 |[39m       
     [90m 241 |[39m       [36mconst[39m resetButton [33m=[39m screen[33m.[39mgetByTestId([32m"reset-button"[39m)
     [90m 242 |[39m       expect(resetButton)[33m.[39mtoBeInTheDocument()[0m

      at warn (node_modules/recharts/lib/util/LogUtils.js:22:17)
      at node_modules/recharts/lib/component/ResponsiveContainer.js:118:24
      at updateMemo (node_modules/react-dom/cjs/react-dom-client.development.js:6621:19)
      at Object.useMemo (node_modules/react-dom/cjs/react-dom-client.development.js:23182:18)
      at Object.<anonymous>.process.env.NODE_ENV.exports.useMemo (node_modules/react/cjs/react.development.js:1210:34)
      at node_modules/recharts/lib/component/ResponsiveContainer.js:91:41
      at Object.react_stack_bottom_frame (node_modules/react-dom/cjs/react-dom-client.development.js:23863:20)
      at renderWithHooks (node_modules/react-dom/cjs/react-dom-client.development.js:5529:22)
      at updateForwardRef (node_modules/react-dom/cjs/react-dom-client.development.js:8645:19)
      at beginWork (node_modules/react-dom/cjs/react-dom-client.development.js:10861:18)
      at runWithFiberInDEV (node_modules/react-dom/cjs/react-dom-client.development.js:1522:13)
      at performUnitOfWork (node_modules/react-dom/cjs/react-dom-client.development.js:15140:22)
      at workLoopSync (node_modules/react-dom/cjs/react-dom-client.development.js:14956:41)
      at renderRootSync (node_modules/react-dom/cjs/react-dom-client.development.js:14936:11)
      at performWorkOnRoot (node_modules/react-dom/cjs/react-dom-client.development.js:14419:13)
      at performSyncWorkOnRoot (node_modules/react-dom/cjs/react-dom-client.development.js:16231:7)
      at flushSyncWorkAcrossRoots_impl (node_modules/react-dom/cjs/react-dom-client.development.js:16079:21)
      at flushSpawnedWork (node_modules/react-dom/cjs/react-dom-client.development.js:15677:9)
      at commitRoot (node_modules/react-dom/cjs/react-dom-client.development.js:15403:9)
      at performWorkOnRoot (node_modules/react-dom/cjs/react-dom-client.development.js:14526:15)
      at performWorkOnRootViaSchedulerTask (node_modules/react-dom/cjs/react-dom-client.development.js:16216:7)
      at flushActQueue (node_modules/react/cjs/react.development.js:566:34)
      at Object.<anonymous>.process.env.NODE_ENV.exports.act (node_modules/react/cjs/react.development.js:860:10)
      at node_modules/@testing-library/react/dist/act-compat.js:47:25
      at renderRoot (node_modules/@testing-library/react/dist/pure.js:180:26)
      at render (node_modules/@testing-library/react/dist/pure.js:271:10)
      at Object.<anonymous> (__tests__/components/portfolio-analyzer.test.tsx:239:13)

  console.warn
    The width(0) and height(0) of chart should be greater than 0,
           please check the style of container, or the props width(100%) and height(100%),
           or add a minWidth(0) or minHeight(undefined) or use aspect(undefined) to control the
           height and width.

    [0m [90m 237 |[39m   describe([32m"Reset Functionality"[39m[33m,[39m () [33m=>[39m {
     [90m 238 |[39m     it([32m"should allow analyzing another portfolio"[39m[33m,[39m () [33m=>[39m {
    [31m[1m>[22m[39m[90m 239 |[39m       render([33m<[39m[33mPortfolioAnalyzer[39m defaultData[33m=[39m{mockPortfolioData} [33m/[39m[33m>[39m)
     [90m     |[39m             [31m[1m^[22m[39m
     [90m 240 |[39m       
     [90m 241 |[39m       [36mconst[39m resetButton [33m=[39m screen[33m.[39mgetByTestId([32m"reset-button"[39m)
     [90m 242 |[39m       expect(resetButton)[33m.[39mtoBeInTheDocument()[0m

      at warn (node_modules/recharts/lib/util/LogUtils.js:22:17)
      at node_modules/recharts/lib/component/ResponsiveContainer.js:118:24
      at updateMemo (node_modules/react-dom/cjs/react-dom-client.development.js:6621:19)
      at Object.useMemo (node_modules/react-dom/cjs/react-dom-client.development.js:23182:18)
      at Object.<anonymous>.process.env.NODE_ENV.exports.useMemo (node_modules/react/cjs/react.development.js:1210:34)
      at node_modules/recharts/lib/component/ResponsiveContainer.js:91:41
      at Object.react_stack_bottom_frame (node_modules/react-dom/cjs/react-dom-client.development.js:23863:20)
      at renderWithHooks (node_modules/react-dom/cjs/react-dom-client.development.js:5529:22)
      at updateForwardRef (node_modules/react-dom/cjs/react-dom-client.development.js:8645:19)
      at beginWork (node_modules/react-dom/cjs/react-dom-client.development.js:10861:18)
      at runWithFiberInDEV (node_modules/react-dom/cjs/react-dom-client.development.js:1522:13)
      at performUnitOfWork (node_modules/react-dom/cjs/react-dom-client.development.js:15140:22)
      at workLoopSync (node_modules/react-dom/cjs/react-dom-client.development.js:14956:41)
      at renderRootSync (node_modules/react-dom/cjs/react-dom-client.development.js:14936:11)
      at performWorkOnRoot (node_modules/react-dom/cjs/react-dom-client.development.js:14419:13)
      at performSyncWorkOnRoot (node_modules/react-dom/cjs/react-dom-client.development.js:16231:7)
      at flushSyncWorkAcrossRoots_impl (node_modules/react-dom/cjs/react-dom-client.development.js:16079:21)
      at flushSpawnedWork (node_modules/react-dom/cjs/react-dom-client.development.js:15677:9)
      at commitRoot (node_modules/react-dom/cjs/react-dom-client.development.js:15403:9)
      at performWorkOnRoot (node_modules/react-dom/cjs/react-dom-client.development.js:14526:15)
      at performWorkOnRootViaSchedulerTask (node_modules/react-dom/cjs/react-dom-client.development.js:16216:7)
      at flushActQueue (node_modules/react/cjs/react.development.js:566:34)
      at Object.<anonymous>.process.env.NODE_ENV.exports.act (node_modules/react/cjs/react.development.js:860:10)
      at node_modules/@testing-library/react/dist/act-compat.js:47:25
      at renderRoot (node_modules/@testing-library/react/dist/pure.js:180:26)
      at render (node_modules/@testing-library/react/dist/pure.js:271:10)
      at Object.<anonymous> (__tests__/components/portfolio-analyzer.test.tsx:239:13)

  console.warn
    The width(0) and height(0) of chart should be greater than 0,
           please check the style of container, or the props width(100%) and height(100%),
           or add a minWidth(0) or minHeight(undefined) or use aspect(undefined) to control the
           height and width.

    [0m [90m 237 |[39m   describe([32m"Reset Functionality"[39m[33m,[39m () [33m=>[39m {
     [90m 238 |[39m     it([32m"should allow analyzing another portfolio"[39m[33m,[39m () [33m=>[39m {
    [31m[1m>[22m[39m[90m 239 |[39m       render([33m<[39m[33mPortfolioAnalyzer[39m defaultData[33m=[39m{mockPortfolioData} [33m/[39m[33m>[39m)
     [90m     |[39m             [31m[1m^[22m[39m
     [90m 240 |[39m       
     [90m 241 |[39m       [36mconst[39m resetButton [33m=[39m screen[33m.[39mgetByTestId([32m"reset-button"[39m)
     [90m 242 |[39m       expect(resetButton)[33m.[39mtoBeInTheDocument()[0m

      at warn (node_modules/recharts/lib/util/LogUtils.js:22:17)
      at node_modules/recharts/lib/component/ResponsiveContainer.js:118:24
      at updateMemo (node_modules/react-dom/cjs/react-dom-client.development.js:6621:19)
      at Object.useMemo (node_modules/react-dom/cjs/react-dom-client.development.js:23182:18)
      at Object.<anonymous>.process.env.NODE_ENV.exports.useMemo (node_modules/react/cjs/react.development.js:1210:34)
      at node_modules/recharts/lib/component/ResponsiveContainer.js:91:41
      at Object.react_stack_bottom_frame (node_modules/react-dom/cjs/react-dom-client.development.js:23863:20)
      at renderWithHooks (node_modules/react-dom/cjs/react-dom-client.development.js:5529:22)
      at updateForwardRef (node_modules/react-dom/cjs/react-dom-client.development.js:8645:19)
      at beginWork (node_modules/react-dom/cjs/react-dom-client.development.js:10861:18)
      at runWithFiberInDEV (node_modules/react-dom/cjs/react-dom-client.development.js:1522:13)
      at performUnitOfWork (node_modules/react-dom/cjs/react-dom-client.development.js:15140:22)
      at workLoopSync (node_modules/react-dom/cjs/react-dom-client.development.js:14956:41)
      at renderRootSync (node_modules/react-dom/cjs/react-dom-client.development.js:14936:11)
      at performWorkOnRoot (node_modules/react-dom/cjs/react-dom-client.development.js:14419:13)
      at performSyncWorkOnRoot (node_modules/react-dom/cjs/react-dom-client.development.js:16231:7)
      at flushSyncWorkAcrossRoots_impl (node_modules/react-dom/cjs/react-dom-client.development.js:16079:21)
      at flushSpawnedWork (node_modules/react-dom/cjs/react-dom-client.development.js:15677:9)
      at commitRoot (node_modules/react-dom/cjs/react-dom-client.development.js:15403:9)
      at performWorkOnRoot (node_modules/react-dom/cjs/react-dom-client.development.js:14526:15)
      at performWorkOnRootViaSchedulerTask (node_modules/react-dom/cjs/react-dom-client.development.js:16216:7)
      at flushActQueue (node_modules/react/cjs/react.development.js:566:34)
      at Object.<anonymous>.process.env.NODE_ENV.exports.act (node_modules/react/cjs/react.development.js:860:10)
      at node_modules/@testing-library/react/dist/act-compat.js:47:25
      at renderRoot (node_modules/@testing-library/react/dist/pure.js:180:26)
      at render (node_modules/@testing-library/react/dist/pure.js:271:10)
      at Object.<anonymous> (__tests__/components/portfolio-analyzer.test.tsx:239:13)

  console.warn
    The width(0) and height(0) are both fixed numbers,
           maybe you don't need to use a ResponsiveContainer.

    [0m [90m 237 |[39m   describe([32m"Reset Functionality"[39m[33m,[39m () [33m=>[39m {
     [90m 238 |[39m     it([32m"should allow analyzing another portfolio"[39m[33m,[39m () [33m=>[39m {
    [31m[1m>[22m[39m[90m 239 |[39m       render([33m<[39m[33mPortfolioAnalyzer[39m defaultData[33m=[39m{mockPortfolioData} [33m/[39m[33m>[39m)
     [90m     |[39m             [31m[1m^[22m[39m
     [90m 240 |[39m       
     [90m 241 |[39m       [36mconst[39m resetButton [33m=[39m screen[33m.[39mgetByTestId([32m"reset-button"[39m)
     [90m 242 |[39m       expect(resetButton)[33m.[39mtoBeInTheDocument()[0m

      at warn (node_modules/recharts/lib/util/LogUtils.js:22:17)
      at node_modules/recharts/lib/component/ResponsiveContainer.js:99:24
      at updateMemo (node_modules/react-dom/cjs/react-dom-client.development.js:6621:19)
      at Object.useMemo (node_modules/react-dom/cjs/react-dom-client.development.js:23182:18)
      at Object.<anonymous>.process.env.NODE_ENV.exports.useMemo (node_modules/react/cjs/react.development.js:1210:34)
      at node_modules/recharts/lib/component/ResponsiveContainer.js:91:41
      at Object.react_stack_bottom_frame (node_modules/react-dom/cjs/react-dom-client.development.js:23863:20)
      at renderWithHooks (node_modules/react-dom/cjs/react-dom-client.development.js:5529:22)
      at updateForwardRef (node_modules/react-dom/cjs/react-dom-client.development.js:8645:19)
      at beginWork (node_modules/react-dom/cjs/react-dom-client.development.js:10861:18)
      at runWithFiberInDEV (node_modules/react-dom/cjs/react-dom-client.development.js:1522:13)
      at performUnitOfWork (node_modules/react-dom/cjs/react-dom-client.development.js:15140:22)
      at workLoopSync (node_modules/react-dom/cjs/react-dom-client.development.js:14956:41)
      at renderRootSync (node_modules/react-dom/cjs/react-dom-client.development.js:14936:11)
      at performWorkOnRoot (node_modules/react-dom/cjs/react-dom-client.development.js:14419:13)
      at performWorkOnRootViaSchedulerTask (node_modules/react-dom/cjs/react-dom-client.development.js:16216:7)
      at flushActQueue (node_modules/react/cjs/react.development.js:566:34)
      at Object.<anonymous>.process.env.NODE_ENV.exports.act (node_modules/react/cjs/react.development.js:860:10)
      at node_modules/@testing-library/react/dist/act-compat.js:47:25
      at renderRoot (node_modules/@testing-library/react/dist/pure.js:180:26)
      at render (node_modules/@testing-library/react/dist/pure.js:271:10)
      at Object.<anonymous> (__tests__/components/portfolio-analyzer.test.tsx:239:13)

  console.warn
    The width(0) and height(0) of chart should be greater than 0,
           please check the style of container, or the props width(0) and height(0),
           or add a minWidth(0) or minHeight(undefined) or use aspect(undefined) to control the
           height and width.

    [0m [90m 237 |[39m   describe([32m"Reset Functionality"[39m[33m,[39m () [33m=>[39m {
     [90m 238 |[39m     it([32m"should allow analyzing another portfolio"[39m[33m,[39m () [33m=>[39m {
    [31m[1m>[22m[39m[90m 239 |[39m       render([33m<[39m[33mPortfolioAnalyzer[39m defaultData[33m=[39m{mockPortfolioData} [33m/[39m[33m>[39m)
     [90m     |[39m             [31m[1m^[22m[39m
     [90m 240 |[39m       
     [90m 241 |[39m       [36mconst[39m resetButton [33m=[39m screen[33m.[39mgetByTestId([32m"reset-button"[39m)
     [90m 242 |[39m       expect(resetButton)[33m.[39mtoBeInTheDocument()[0m

      at warn (node_modules/recharts/lib/util/LogUtils.js:22:17)
      at node_modules/recharts/lib/component/ResponsiveContainer.js:118:24
      at updateMemo (node_modules/react-dom/cjs/react-dom-client.development.js:6621:19)
      at Object.useMemo (node_modules/react-dom/cjs/react-dom-client.development.js:23182:18)
      at Object.<anonymous>.process.env.NODE_ENV.exports.useMemo (node_modules/react/cjs/react.development.js:1210:34)
      at node_modules/recharts/lib/component/ResponsiveContainer.js:91:41
      at Object.react_stack_bottom_frame (node_modules/react-dom/cjs/react-dom-client.development.js:23863:20)
      at renderWithHooks (node_modules/react-dom/cjs/react-dom-client.development.js:5529:22)
      at updateForwardRef (node_modules/react-dom/cjs/react-dom-client.development.js:8645:19)
      at beginWork (node_modules/react-dom/cjs/react-dom-client.development.js:10861:18)
      at runWithFiberInDEV (node_modules/react-dom/cjs/react-dom-client.development.js:1522:13)
      at performUnitOfWork (node_modules/react-dom/cjs/react-dom-client.development.js:15140:22)
      at workLoopSync (node_modules/react-dom/cjs/react-dom-client.development.js:14956:41)
      at renderRootSync (node_modules/react-dom/cjs/react-dom-client.development.js:14936:11)
      at performWorkOnRoot (node_modules/react-dom/cjs/react-dom-client.development.js:14419:13)
      at performWorkOnRootViaSchedulerTask (node_modules/react-dom/cjs/react-dom-client.development.js:16216:7)
      at flushActQueue (node_modules/react/cjs/react.development.js:566:34)
      at Object.<anonymous>.process.env.NODE_ENV.exports.act (node_modules/react/cjs/react.development.js:860:10)
      at node_modules/@testing-library/react/dist/act-compat.js:47:25
      at renderRoot (node_modules/@testing-library/react/dist/pure.js:180:26)
      at render (node_modules/@testing-library/react/dist/pure.js:271:10)
      at Object.<anonymous> (__tests__/components/portfolio-analyzer.test.tsx:239:13)

  console.warn
    The width(0) and height(0) are both fixed numbers,
           maybe you don't need to use a ResponsiveContainer.

    [0m [90m 237 |[39m   describe([32m"Reset Functionality"[39m[33m,[39m () [33m=>[39m {
     [90m 238 |[39m     it([32m"should allow analyzing another portfolio"[39m[33m,[39m () [33m=>[39m {
    [31m[1m>[22m[39m[90m 239 |[39m       render([33m<[39m[33mPortfolioAnalyzer[39m defaultData[33m=[39m{mockPortfolioData} [33m/[39m[33m>[39m)
     [90m     |[39m             [31m[1m^[22m[39m
     [90m 240 |[39m       
     [90m 241 |[39m       [36mconst[39m resetButton [33m=[39m screen[33m.[39mgetByTestId([32m"reset-button"[39m)
     [90m 242 |[39m       expect(resetButton)[33m.[39mtoBeInTheDocument()[0m

      at warn (node_modules/recharts/lib/util/LogUtils.js:22:17)
      at node_modules/recharts/lib/component/ResponsiveContainer.js:99:24
      at updateMemo (node_modules/react-dom/cjs/react-dom-client.development.js:6621:19)
      at Object.useMemo (node_modules/react-dom/cjs/react-dom-client.development.js:23182:18)
      at Object.<anonymous>.process.env.NODE_ENV.exports.useMemo (node_modules/react/cjs/react.development.js:1210:34)
      at node_modules/recharts/lib/component/ResponsiveContainer.js:91:41
      at Object.react_stack_bottom_frame (node_modules/react-dom/cjs/react-dom-client.development.js:23863:20)
      at renderWithHooks (node_modules/react-dom/cjs/react-dom-client.development.js:5529:22)
      at updateForwardRef (node_modules/react-dom/cjs/react-dom-client.development.js:8645:19)
      at beginWork (node_modules/react-dom/cjs/react-dom-client.development.js:10861:18)
      at runWithFiberInDEV (node_modules/react-dom/cjs/react-dom-client.development.js:1522:13)
      at performUnitOfWork (node_modules/react-dom/cjs/react-dom-client.development.js:15140:22)
      at workLoopSync (node_modules/react-dom/cjs/react-dom-client.development.js:14956:41)
      at renderRootSync (node_modules/react-dom/cjs/react-dom-client.development.js:14936:11)
      at performWorkOnRoot (node_modules/react-dom/cjs/react-dom-client.development.js:14419:13)
      at performWorkOnRootViaSchedulerTask (node_modules/react-dom/cjs/react-dom-client.development.js:16216:7)
      at flushActQueue (node_modules/react/cjs/react.development.js:566:34)
      at Object.<anonymous>.process.env.NODE_ENV.exports.act (node_modules/react/cjs/react.development.js:860:10)
      at node_modules/@testing-library/react/dist/act-compat.js:47:25
      at renderRoot (node_modules/@testing-library/react/dist/pure.js:180:26)
      at render (node_modules/@testing-library/react/dist/pure.js:271:10)
      at Object.<anonymous> (__tests__/components/portfolio-analyzer.test.tsx:239:13)

  console.warn
    The width(0) and height(0) of chart should be greater than 0,
           please check the style of container, or the props width(0) and height(0),
           or add a minWidth(0) or minHeight(undefined) or use aspect(undefined) to control the
           height and width.

    [0m [90m 237 |[39m   describe([32m"Reset Functionality"[39m[33m,[39m () [33m=>[39m {
     [90m 238 |[39m     it([32m"should allow analyzing another portfolio"[39m[33m,[39m () [33m=>[39m {
    [31m[1m>[22m[39m[90m 239 |[39m       render([33m<[39m[33mPortfolioAnalyzer[39m defaultData[33m=[39m{mockPortfolioData} [33m/[39m[33m>[39m)
     [90m     |[39m             [31m[1m^[22m[39m
     [90m 240 |[39m       
     [90m 241 |[39m       [36mconst[39m resetButton [33m=[39m screen[33m.[39mgetByTestId([32m"reset-button"[39m)
     [90m 242 |[39m       expect(resetButton)[33m.[39mtoBeInTheDocument()[0m

      at warn (node_modules/recharts/lib/util/LogUtils.js:22:17)
      at node_modules/recharts/lib/component/ResponsiveContainer.js:118:24
      at updateMemo (node_modules/react-dom/cjs/react-dom-client.development.js:6621:19)
      at Object.useMemo (node_modules/react-dom/cjs/react-dom-client.development.js:23182:18)
      at Object.<anonymous>.process.env.NODE_ENV.exports.useMemo (node_modules/react/cjs/react.development.js:1210:34)
      at node_modules/recharts/lib/component/ResponsiveContainer.js:91:41
      at Object.react_stack_bottom_frame (node_modules/react-dom/cjs/react-dom-client.development.js:23863:20)
      at renderWithHooks (node_modules/react-dom/cjs/react-dom-client.development.js:5529:22)
      at updateForwardRef (node_modules/react-dom/cjs/react-dom-client.development.js:8645:19)
      at beginWork (node_modules/react-dom/cjs/react-dom-client.development.js:10861:18)
      at runWithFiberInDEV (node_modules/react-dom/cjs/react-dom-client.development.js:1522:13)
      at performUnitOfWork (node_modules/react-dom/cjs/react-dom-client.development.js:15140:22)
      at workLoopSync (node_modules/react-dom/cjs/react-dom-client.development.js:14956:41)
      at renderRootSync (node_modules/react-dom/cjs/react-dom-client.development.js:14936:11)
      at performWorkOnRoot (node_modules/react-dom/cjs/react-dom-client.development.js:14419:13)
      at performWorkOnRootViaSchedulerTask (node_modules/react-dom/cjs/react-dom-client.development.js:16216:7)
      at flushActQueue (node_modules/react/cjs/react.development.js:566:34)
      at Object.<anonymous>.process.env.NODE_ENV.exports.act (node_modules/react/cjs/react.development.js:860:10)
      at node_modules/@testing-library/react/dist/act-compat.js:47:25
      at renderRoot (node_modules/@testing-library/react/dist/pure.js:180:26)
      at render (node_modules/@testing-library/react/dist/pure.js:271:10)
      at Object.<anonymous> (__tests__/components/portfolio-analyzer.test.tsx:239:13)

  console.warn
    The width(0) and height(0) are both fixed numbers,
           maybe you don't need to use a ResponsiveContainer.

    [0m [90m 237 |[39m   describe([32m"Reset Functionality"[39m[33m,[39m () [33m=>[39m {
     [90m 238 |[39m     it([32m"should allow analyzing another portfolio"[39m[33m,[39m () [33m=>[39m {
    [31m[1m>[22m[39m[90m 239 |[39m       render([33m<[39m[33mPortfolioAnalyzer[39m defaultData[33m=[39m{mockPortfolioData} [33m/[39m[33m>[39m)
     [90m     |[39m             [31m[1m^[22m[39m
     [90m 240 |[39m       
     [90m 241 |[39m       [36mconst[39m resetButton [33m=[39m screen[33m.[39mgetByTestId([32m"reset-button"[39m)
     [90m 242 |[39m       expect(resetButton)[33m.[39mtoBeInTheDocument()[0m

      at warn (node_modules/recharts/lib/util/LogUtils.js:22:17)
      at node_modules/recharts/lib/component/ResponsiveContainer.js:99:24
      at updateMemo (node_modules/react-dom/cjs/react-dom-client.development.js:6621:19)
      at Object.useMemo (node_modules/react-dom/cjs/react-dom-client.development.js:23182:18)
      at Object.<anonymous>.process.env.NODE_ENV.exports.useMemo (node_modules/react/cjs/react.development.js:1210:34)
      at node_modules/recharts/lib/component/ResponsiveContainer.js:91:41
      at Object.react_stack_bottom_frame (node_modules/react-dom/cjs/react-dom-client.development.js:23863:20)
      at renderWithHooks (node_modules/react-dom/cjs/react-dom-client.development.js:5529:22)
      at updateForwardRef (node_modules/react-dom/cjs/react-dom-client.development.js:8645:19)
      at beginWork (node_modules/react-dom/cjs/react-dom-client.development.js:10861:18)
      at runWithFiberInDEV (node_modules/react-dom/cjs/react-dom-client.development.js:1522:13)
      at performUnitOfWork (node_modules/react-dom/cjs/react-dom-client.development.js:15140:22)
      at workLoopSync (node_modules/react-dom/cjs/react-dom-client.development.js:14956:41)
      at renderRootSync (node_modules/react-dom/cjs/react-dom-client.development.js:14936:11)
      at performWorkOnRoot (node_modules/react-dom/cjs/react-dom-client.development.js:14419:13)
      at performWorkOnRootViaSchedulerTask (node_modules/react-dom/cjs/react-dom-client.development.js:16216:7)
      at flushActQueue (node_modules/react/cjs/react.development.js:566:34)
      at Object.<anonymous>.process.env.NODE_ENV.exports.act (node_modules/react/cjs/react.development.js:860:10)
      at node_modules/@testing-library/react/dist/act-compat.js:47:25
      at renderRoot (node_modules/@testing-library/react/dist/pure.js:180:26)
      at render (node_modules/@testing-library/react/dist/pure.js:271:10)
      at Object.<anonymous> (__tests__/components/portfolio-analyzer.test.tsx:239:13)

  console.warn
    The width(0) and height(0) of chart should be greater than 0,
           please check the style of container, or the props width(0) and height(0),
           or add a minWidth(0) or minHeight(undefined) or use aspect(undefined) to control the
           height and width.

    [0m [90m 237 |[39m   describe([32m"Reset Functionality"[39m[33m,[39m () [33m=>[39m {
     [90m 238 |[39m     it([32m"should allow analyzing another portfolio"[39m[33m,[39m () [33m=>[39m {
    [31m[1m>[22m[39m[90m 239 |[39m       render([33m<[39m[33mPortfolioAnalyzer[39m defaultData[33m=[39m{mockPortfolioData} [33m/[39m[33m>[39m)
     [90m     |[39m             [31m[1m^[22m[39m
     [90m 240 |[39m       
     [90m 241 |[39m       [36mconst[39m resetButton [33m=[39m screen[33m.[39mgetByTestId([32m"reset-button"[39m)
     [90m 242 |[39m       expect(resetButton)[33m.[39mtoBeInTheDocument()[0m

      at warn (node_modules/recharts/lib/util/LogUtils.js:22:17)
      at node_modules/recharts/lib/component/ResponsiveContainer.js:118:24
      at updateMemo (node_modules/react-dom/cjs/react-dom-client.development.js:6621:19)
      at Object.useMemo (node_modules/react-dom/cjs/react-dom-client.development.js:23182:18)
      at Object.<anonymous>.process.env.NODE_ENV.exports.useMemo (node_modules/react/cjs/react.development.js:1210:34)
      at node_modules/recharts/lib/component/ResponsiveContainer.js:91:41
      at Object.react_stack_bottom_frame (node_modules/react-dom/cjs/react-dom-client.development.js:23863:20)
      at renderWithHooks (node_modules/react-dom/cjs/react-dom-client.development.js:5529:22)
      at updateForwardRef (node_modules/react-dom/cjs/react-dom-client.development.js:8645:19)
      at beginWork (node_modules/react-dom/cjs/react-dom-client.development.js:10861:18)
      at runWithFiberInDEV (node_modules/react-dom/cjs/react-dom-client.development.js:1522:13)
      at performUnitOfWork (node_modules/react-dom/cjs/react-dom-client.development.js:15140:22)
      at workLoopSync (node_modules/react-dom/cjs/react-dom-client.development.js:14956:41)
      at renderRootSync (node_modules/react-dom/cjs/react-dom-client.development.js:14936:11)
      at performWorkOnRoot (node_modules/react-dom/cjs/react-dom-client.development.js:14419:13)
      at performWorkOnRootViaSchedulerTask (node_modules/react-dom/cjs/react-dom-client.development.js:16216:7)
      at flushActQueue (node_modules/react/cjs/react.development.js:566:34)
      at Object.<anonymous>.process.env.NODE_ENV.exports.act (node_modules/react/cjs/react.development.js:860:10)
      at node_modules/@testing-library/react/dist/act-compat.js:47:25
      at renderRoot (node_modules/@testing-library/react/dist/pure.js:180:26)
      at render (node_modules/@testing-library/react/dist/pure.js:271:10)
      at Object.<anonymous> (__tests__/components/portfolio-analyzer.test.tsx:239:13)

  console.warn
    The width(0) and height(0) are both fixed numbers,
           maybe you don't need to use a ResponsiveContainer.

    [0m [90m 237 |[39m   describe([32m"Reset Functionality"[39m[33m,[39m () [33m=>[39m {
     [90m 238 |[39m     it([32m"should allow analyzing another portfolio"[39m[33m,[39m () [33m=>[39m {
    [31m[1m>[22m[39m[90m 239 |[39m       render([33m<[39m[33mPortfolioAnalyzer[39m defaultData[33m=[39m{mockPortfolioData} [33m/[39m[33m>[39m)
     [90m     |[39m             [31m[1m^[22m[39m
     [90m 240 |[39m       
     [90m 241 |[39m       [36mconst[39m resetButton [33m=[39m screen[33m.[39mgetByTestId([32m"reset-button"[39m)
     [90m 242 |[39m       expect(resetButton)[33m.[39mtoBeInTheDocument()[0m

      at warn (node_modules/recharts/lib/util/LogUtils.js:22:17)
      at node_modules/recharts/lib/component/ResponsiveContainer.js:99:24
      at updateMemo (node_modules/react-dom/cjs/react-dom-client.development.js:6621:19)
      at Object.useMemo (node_modules/react-dom/cjs/react-dom-client.development.js:23182:18)
      at Object.<anonymous>.process.env.NODE_ENV.exports.useMemo (node_modules/react/cjs/react.development.js:1210:34)
      at node_modules/recharts/lib/component/ResponsiveContainer.js:91:41
      at Object.react_stack_bottom_frame (node_modules/react-dom/cjs/react-dom-client.development.js:23863:20)
      at renderWithHooks (node_modules/react-dom/cjs/react-dom-client.development.js:5529:22)
      at updateForwardRef (node_modules/react-dom/cjs/react-dom-client.development.js:8645:19)
      at beginWork (node_modules/react-dom/cjs/react-dom-client.development.js:10861:18)
      at runWithFiberInDEV (node_modules/react-dom/cjs/react-dom-client.development.js:1522:13)
      at performUnitOfWork (node_modules/react-dom/cjs/react-dom-client.development.js:15140:22)
      at workLoopSync (node_modules/react-dom/cjs/react-dom-client.development.js:14956:41)
      at renderRootSync (node_modules/react-dom/cjs/react-dom-client.development.js:14936:11)
      at performWorkOnRoot (node_modules/react-dom/cjs/react-dom-client.development.js:14419:13)
      at performWorkOnRootViaSchedulerTask (node_modules/react-dom/cjs/react-dom-client.development.js:16216:7)
      at flushActQueue (node_modules/react/cjs/react.development.js:566:34)
      at Object.<anonymous>.process.env.NODE_ENV.exports.act (node_modules/react/cjs/react.development.js:860:10)
      at node_modules/@testing-library/react/dist/act-compat.js:47:25
      at renderRoot (node_modules/@testing-library/react/dist/pure.js:180:26)
      at render (node_modules/@testing-library/react/dist/pure.js:271:10)
      at Object.<anonymous> (__tests__/components/portfolio-analyzer.test.tsx:239:13)

  console.warn
    The width(0) and height(0) of chart should be greater than 0,
           please check the style of container, or the props width(0) and height(0),
           or add a minWidth(0) or minHeight(undefined) or use aspect(undefined) to control the
           height and width.

    [0m [90m 237 |[39m   describe([32m"Reset Functionality"[39m[33m,[39m () [33m=>[39m {
     [90m 238 |[39m     it([32m"should allow analyzing another portfolio"[39m[33m,[39m () [33m=>[39m {
    [31m[1m>[22m[39m[90m 239 |[39m       render([33m<[39m[33mPortfolioAnalyzer[39m defaultData[33m=[39m{mockPortfolioData} [33m/[39m[33m>[39m)
     [90m     |[39m             [31m[1m^[22m[39m
     [90m 240 |[39m       
     [90m 241 |[39m       [36mconst[39m resetButton [33m=[39m screen[33m.[39mgetByTestId([32m"reset-button"[39m)
     [90m 242 |[39m       expect(resetButton)[33m.[39mtoBeInTheDocument()[0m

      at warn (node_modules/recharts/lib/util/LogUtils.js:22:17)
      at node_modules/recharts/lib/component/ResponsiveContainer.js:118:24
      at updateMemo (node_modules/react-dom/cjs/react-dom-client.development.js:6621:19)
      at Object.useMemo (node_modules/react-dom/cjs/react-dom-client.development.js:23182:18)
      at Object.<anonymous>.process.env.NODE_ENV.exports.useMemo (node_modules/react/cjs/react.development.js:1210:34)
      at node_modules/recharts/lib/component/ResponsiveContainer.js:91:41
      at Object.react_stack_bottom_frame (node_modules/react-dom/cjs/react-dom-client.development.js:23863:20)
      at renderWithHooks (node_modules/react-dom/cjs/react-dom-client.development.js:5529:22)
      at updateForwardRef (node_modules/react-dom/cjs/react-dom-client.development.js:8645:19)
      at beginWork (node_modules/react-dom/cjs/react-dom-client.development.js:10861:18)
      at runWithFiberInDEV (node_modules/react-dom/cjs/react-dom-client.development.js:1522:13)
      at performUnitOfWork (node_modules/react-dom/cjs/react-dom-client.development.js:15140:22)
      at workLoopSync (node_modules/react-dom/cjs/react-dom-client.development.js:14956:41)
      at renderRootSync (node_modules/react-dom/cjs/react-dom-client.development.js:14936:11)
      at performWorkOnRoot (node_modules/react-dom/cjs/react-dom-client.development.js:14419:13)
      at performWorkOnRootViaSchedulerTask (node_modules/react-dom/cjs/react-dom-client.development.js:16216:7)
      at flushActQueue (node_modules/react/cjs/react.development.js:566:34)
      at Object.<anonymous>.process.env.NODE_ENV.exports.act (node_modules/react/cjs/react.development.js:860:10)
      at node_modules/@testing-library/react/dist/act-compat.js:47:25
      at renderRoot (node_modules/@testing-library/react/dist/pure.js:180:26)
      at render (node_modules/@testing-library/react/dist/pure.js:271:10)
      at Object.<anonymous> (__tests__/components/portfolio-analyzer.test.tsx:239:13)

  console.warn
    The width(0) and height(0) are both fixed numbers,
           maybe you don't need to use a ResponsiveContainer.

    [0m [90m 237 |[39m   describe([32m"Reset Functionality"[39m[33m,[39m () [33m=>[39m {
     [90m 238 |[39m     it([32m"should allow analyzing another portfolio"[39m[33m,[39m () [33m=>[39m {
    [31m[1m>[22m[39m[90m 239 |[39m       render([33m<[39m[33mPortfolioAnalyzer[39m defaultData[33m=[39m{mockPortfolioData} [33m/[39m[33m>[39m)
     [90m     |[39m             [31m[1m^[22m[39m
     [90m 240 |[39m       
     [90m 241 |[39m       [36mconst[39m resetButton [33m=[39m screen[33m.[39mgetByTestId([32m"reset-button"[39m)
     [90m 242 |[39m       expect(resetButton)[33m.[39mtoBeInTheDocument()[0m

      at warn (node_modules/recharts/lib/util/LogUtils.js:22:17)
      at node_modules/recharts/lib/component/ResponsiveContainer.js:99:24
      at updateMemo (node_modules/react-dom/cjs/react-dom-client.development.js:6621:19)
      at Object.useMemo (node_modules/react-dom/cjs/react-dom-client.development.js:23182:18)
      at Object.<anonymous>.process.env.NODE_ENV.exports.useMemo (node_modules/react/cjs/react.development.js:1210:34)
      at node_modules/recharts/lib/component/ResponsiveContainer.js:91:41
      at Object.react_stack_bottom_frame (node_modules/react-dom/cjs/react-dom-client.development.js:23863:20)
      at renderWithHooks (node_modules/react-dom/cjs/react-dom-client.development.js:5529:22)
      at updateForwardRef (node_modules/react-dom/cjs/react-dom-client.development.js:8645:19)
      at beginWork (node_modules/react-dom/cjs/react-dom-client.development.js:10861:18)
      at runWithFiberInDEV (node_modules/react-dom/cjs/react-dom-client.development.js:1522:13)
      at performUnitOfWork (node_modules/react-dom/cjs/react-dom-client.development.js:15140:22)
      at workLoopSync (node_modules/react-dom/cjs/react-dom-client.development.js:14956:41)
      at renderRootSync (node_modules/react-dom/cjs/react-dom-client.development.js:14936:11)
      at performWorkOnRoot (node_modules/react-dom/cjs/react-dom-client.development.js:14419:13)
      at performWorkOnRootViaSchedulerTask (node_modules/react-dom/cjs/react-dom-client.development.js:16216:7)
      at flushActQueue (node_modules/react/cjs/react.development.js:566:34)
      at Object.<anonymous>.process.env.NODE_ENV.exports.act (node_modules/react/cjs/react.development.js:860:10)
      at node_modules/@testing-library/react/dist/act-compat.js:47:25
      at renderRoot (node_modules/@testing-library/react/dist/pure.js:180:26)
      at render (node_modules/@testing-library/react/dist/pure.js:271:10)
      at Object.<anonymous> (__tests__/components/portfolio-analyzer.test.tsx:239:13)

  console.warn
    The width(0) and height(0) of chart should be greater than 0,
           please check the style of container, or the props width(0) and height(0),
           or add a minWidth(0) or minHeight(undefined) or use aspect(undefined) to control the
           height and width.

    [0m [90m 237 |[39m   describe([32m"Reset Functionality"[39m[33m,[39m () [33m=>[39m {
     [90m 238 |[39m     it([32m"should allow analyzing another portfolio"[39m[33m,[39m () [33m=>[39m {
    [31m[1m>[22m[39m[90m 239 |[39m       render([33m<[39m[33mPortfolioAnalyzer[39m defaultData[33m=[39m{mockPortfolioData} [33m/[39m[33m>[39m)
     [90m     |[39m             [31m[1m^[22m[39m
     [90m 240 |[39m       
     [90m 241 |[39m       [36mconst[39m resetButton [33m=[39m screen[33m.[39mgetByTestId([32m"reset-button"[39m)
     [90m 242 |[39m       expect(resetButton)[33m.[39mtoBeInTheDocument()[0m

      at warn (node_modules/recharts/lib/util/LogUtils.js:22:17)
      at node_modules/recharts/lib/component/ResponsiveContainer.js:118:24
      at updateMemo (node_modules/react-dom/cjs/react-dom-client.development.js:6621:19)
      at Object.useMemo (node_modules/react-dom/cjs/react-dom-client.development.js:23182:18)
      at Object.<anonymous>.process.env.NODE_ENV.exports.useMemo (node_modules/react/cjs/react.development.js:1210:34)
      at node_modules/recharts/lib/component/ResponsiveContainer.js:91:41
      at Object.react_stack_bottom_frame (node_modules/react-dom/cjs/react-dom-client.development.js:23863:20)
      at renderWithHooks (node_modules/react-dom/cjs/react-dom-client.development.js:5529:22)
      at updateForwardRef (node_modules/react-dom/cjs/react-dom-client.development.js:8645:19)
      at beginWork (node_modules/react-dom/cjs/react-dom-client.development.js:10861:18)
      at runWithFiberInDEV (node_modules/react-dom/cjs/react-dom-client.development.js:1522:13)
      at performUnitOfWork (node_modules/react-dom/cjs/react-dom-client.development.js:15140:22)
      at workLoopSync (node_modules/react-dom/cjs/react-dom-client.development.js:14956:41)
      at renderRootSync (node_modules/react-dom/cjs/react-dom-client.development.js:14936:11)
      at performWorkOnRoot (node_modules/react-dom/cjs/react-dom-client.development.js:14419:13)
      at performWorkOnRootViaSchedulerTask (node_modules/react-dom/cjs/react-dom-client.development.js:16216:7)
      at flushActQueue (node_modules/react/cjs/react.development.js:566:34)
      at Object.<anonymous>.process.env.NODE_ENV.exports.act (node_modules/react/cjs/react.development.js:860:10)
      at node_modules/@testing-library/react/dist/act-compat.js:47:25
      at renderRoot (node_modules/@testing-library/react/dist/pure.js:180:26)
      at render (node_modules/@testing-library/react/dist/pure.js:271:10)
      at Object.<anonymous> (__tests__/components/portfolio-analyzer.test.tsx:239:13)

  console.warn
    The width(0) and height(0) of chart should be greater than 0,
           please check the style of container, or the props width(100%) and height(100%),
           or add a minWidth(0) or minHeight(undefined) or use aspect(undefined) to control the
           height and width.

    [0m [90m 276 |[39m       }
     [90m 277 |[39m
    [31m[1m>[22m[39m[90m 278 |[39m       render([33m<[39m[33mPortfolioAnalyzer[39m defaultData[33m=[39m{incompleteData} [33m/[39m[33m>[39m)
     [90m     |[39m             [31m[1m^[22m[39m
     [90m 279 |[39m       
     [90m 280 |[39m       expect(screen[33m.[39mgetByTestId([32m"portfolio-summary"[39m))[33m.[39mtoBeInTheDocument()
     [90m 281 |[39m     })[0m

      at warn (node_modules/recharts/lib/util/LogUtils.js:22:17)
      at node_modules/recharts/lib/component/ResponsiveContainer.js:118:24
      at updateMemo (node_modules/react-dom/cjs/react-dom-client.development.js:6621:19)
      at Object.useMemo (node_modules/react-dom/cjs/react-dom-client.development.js:23182:18)
      at Object.<anonymous>.process.env.NODE_ENV.exports.useMemo (node_modules/react/cjs/react.development.js:1210:34)
      at node_modules/recharts/lib/component/ResponsiveContainer.js:91:41
      at Object.react_stack_bottom_frame (node_modules/react-dom/cjs/react-dom-client.development.js:23863:20)
      at renderWithHooks (node_modules/react-dom/cjs/react-dom-client.development.js:5529:22)
      at updateForwardRef (node_modules/react-dom/cjs/react-dom-client.development.js:8645:19)
      at beginWork (node_modules/react-dom/cjs/react-dom-client.development.js:10861:18)
      at runWithFiberInDEV (node_modules/react-dom/cjs/react-dom-client.development.js:1522:13)
      at performUnitOfWork (node_modules/react-dom/cjs/react-dom-client.development.js:15140:22)
      at workLoopSync (node_modules/react-dom/cjs/react-dom-client.development.js:14956:41)
      at renderRootSync (node_modules/react-dom/cjs/react-dom-client.development.js:14936:11)
      at performWorkOnRoot (node_modules/react-dom/cjs/react-dom-client.development.js:14419:13)
      at performSyncWorkOnRoot (node_modules/react-dom/cjs/react-dom-client.development.js:16231:7)
      at flushSyncWorkAcrossRoots_impl (node_modules/react-dom/cjs/react-dom-client.development.js:16079:21)
      at flushSpawnedWork (node_modules/react-dom/cjs/react-dom-client.development.js:15677:9)
      at commitRoot (node_modules/react-dom/cjs/react-dom-client.development.js:15403:9)
      at performWorkOnRoot (node_modules/react-dom/cjs/react-dom-client.development.js:14526:15)
      at performWorkOnRootViaSchedulerTask (node_modules/react-dom/cjs/react-dom-client.development.js:16216:7)
      at flushActQueue (node_modules/react/cjs/react.development.js:566:34)
      at Object.<anonymous>.process.env.NODE_ENV.exports.act (node_modules/react/cjs/react.development.js:860:10)
      at node_modules/@testing-library/react/dist/act-compat.js:47:25
      at renderRoot (node_modules/@testing-library/react/dist/pure.js:180:26)
      at render (node_modules/@testing-library/react/dist/pure.js:271:10)
      at Object.<anonymous> (__tests__/components/portfolio-analyzer.test.tsx:278:13)

  console.warn
    The width(0) and height(0) of chart should be greater than 0,
           please check the style of container, or the props width(100%) and height(100%),
           or add a minWidth(0) or minHeight(undefined) or use aspect(undefined) to control the
           height and width.

    [0m [90m 276 |[39m       }
     [90m 277 |[39m
    [31m[1m>[22m[39m[90m 278 |[39m       render([33m<[39m[33mPortfolioAnalyzer[39m defaultData[33m=[39m{incompleteData} [33m/[39m[33m>[39m)
     [90m     |[39m             [31m[1m^[22m[39m
     [90m 279 |[39m       
     [90m 280 |[39m       expect(screen[33m.[39mgetByTestId([32m"portfolio-summary"[39m))[33m.[39mtoBeInTheDocument()
     [90m 281 |[39m     })[0m

      at warn (node_modules/recharts/lib/util/LogUtils.js:22:17)
      at node_modules/recharts/lib/component/ResponsiveContainer.js:118:24
      at updateMemo (node_modules/react-dom/cjs/react-dom-client.development.js:6621:19)
      at Object.useMemo (node_modules/react-dom/cjs/react-dom-client.development.js:23182:18)
      at Object.<anonymous>.process.env.NODE_ENV.exports.useMemo (node_modules/react/cjs/react.development.js:1210:34)
      at node_modules/recharts/lib/component/ResponsiveContainer.js:91:41
      at Object.react_stack_bottom_frame (node_modules/react-dom/cjs/react-dom-client.development.js:23863:20)
      at renderWithHooks (node_modules/react-dom/cjs/react-dom-client.development.js:5529:22)
      at updateForwardRef (node_modules/react-dom/cjs/react-dom-client.development.js:8645:19)
      at beginWork (node_modules/react-dom/cjs/react-dom-client.development.js:10861:18)
      at runWithFiberInDEV (node_modules/react-dom/cjs/react-dom-client.development.js:1522:13)
      at performUnitOfWork (node_modules/react-dom/cjs/react-dom-client.development.js:15140:22)
      at workLoopSync (node_modules/react-dom/cjs/react-dom-client.development.js:14956:41)
      at renderRootSync (node_modules/react-dom/cjs/react-dom-client.development.js:14936:11)
      at performWorkOnRoot (node_modules/react-dom/cjs/react-dom-client.development.js:14419:13)
      at performSyncWorkOnRoot (node_modules/react-dom/cjs/react-dom-client.development.js:16231:7)
      at flushSyncWorkAcrossRoots_impl (node_modules/react-dom/cjs/react-dom-client.development.js:16079:21)
      at flushSpawnedWork (node_modules/react-dom/cjs/react-dom-client.development.js:15677:9)
      at commitRoot (node_modules/react-dom/cjs/react-dom-client.development.js:15403:9)
      at performWorkOnRoot (node_modules/react-dom/cjs/react-dom-client.development.js:14526:15)
      at performWorkOnRootViaSchedulerTask (node_modules/react-dom/cjs/react-dom-client.development.js:16216:7)
      at flushActQueue (node_modules/react/cjs/react.development.js:566:34)
      at Object.<anonymous>.process.env.NODE_ENV.exports.act (node_modules/react/cjs/react.development.js:860:10)
      at node_modules/@testing-library/react/dist/act-compat.js:47:25
      at renderRoot (node_modules/@testing-library/react/dist/pure.js:180:26)
      at render (node_modules/@testing-library/react/dist/pure.js:271:10)
      at Object.<anonymous> (__tests__/components/portfolio-analyzer.test.tsx:278:13)

  console.warn
    The width(0) and height(0) of chart should be greater than 0,
           please check the style of container, or the props width(100%) and height(100%),
           or add a minWidth(0) or minHeight(undefined) or use aspect(undefined) to control the
           height and width.

    [0m [90m 276 |[39m       }
     [90m 277 |[39m
    [31m[1m>[22m[39m[90m 278 |[39m       render([33m<[39m[33mPortfolioAnalyzer[39m defaultData[33m=[39m{incompleteData} [33m/[39m[33m>[39m)
     [90m     |[39m             [31m[1m^[22m[39m
     [90m 279 |[39m       
     [90m 280 |[39m       expect(screen[33m.[39mgetByTestId([32m"portfolio-summary"[39m))[33m.[39mtoBeInTheDocument()
     [90m 281 |[39m     })[0m

      at warn (node_modules/recharts/lib/util/LogUtils.js:22:17)
      at node_modules/recharts/lib/component/ResponsiveContainer.js:118:24
      at updateMemo (node_modules/react-dom/cjs/react-dom-client.development.js:6621:19)
      at Object.useMemo (node_modules/react-dom/cjs/react-dom-client.development.js:23182:18)
      at Object.<anonymous>.process.env.NODE_ENV.exports.useMemo (node_modules/react/cjs/react.development.js:1210:34)
      at node_modules/recharts/lib/component/ResponsiveContainer.js:91:41
      at Object.react_stack_bottom_frame (node_modules/react-dom/cjs/react-dom-client.development.js:23863:20)
      at renderWithHooks (node_modules/react-dom/cjs/react-dom-client.development.js:5529:22)
      at updateForwardRef (node_modules/react-dom/cjs/react-dom-client.development.js:8645:19)
      at beginWork (node_modules/react-dom/cjs/react-dom-client.development.js:10861:18)
      at runWithFiberInDEV (node_modules/react-dom/cjs/react-dom-client.development.js:1522:13)
      at performUnitOfWork (node_modules/react-dom/cjs/react-dom-client.development.js:15140:22)
      at workLoopSync (node_modules/react-dom/cjs/react-dom-client.development.js:14956:41)
      at renderRootSync (node_modules/react-dom/cjs/react-dom-client.development.js:14936:11)
      at performWorkOnRoot (node_modules/react-dom/cjs/react-dom-client.development.js:14419:13)
      at performSyncWorkOnRoot (node_modules/react-dom/cjs/react-dom-client.development.js:16231:7)
      at flushSyncWorkAcrossRoots_impl (node_modules/react-dom/cjs/react-dom-client.development.js:16079:21)
      at flushSpawnedWork (node_modules/react-dom/cjs/react-dom-client.development.js:15677:9)
      at commitRoot (node_modules/react-dom/cjs/react-dom-client.development.js:15403:9)
      at performWorkOnRoot (node_modules/react-dom/cjs/react-dom-client.development.js:14526:15)
      at performWorkOnRootViaSchedulerTask (node_modules/react-dom/cjs/react-dom-client.development.js:16216:7)
      at flushActQueue (node_modules/react/cjs/react.development.js:566:34)
      at Object.<anonymous>.process.env.NODE_ENV.exports.act (node_modules/react/cjs/react.development.js:860:10)
      at node_modules/@testing-library/react/dist/act-compat.js:47:25
      at renderRoot (node_modules/@testing-library/react/dist/pure.js:180:26)
      at render (node_modules/@testing-library/react/dist/pure.js:271:10)
      at Object.<anonymous> (__tests__/components/portfolio-analyzer.test.tsx:278:13)

  console.warn
    The width(0) and height(0) of chart should be greater than 0,
           please check the style of container, or the props width(100%) and height(100%),
           or add a minWidth(0) or minHeight(undefined) or use aspect(undefined) to control the
           height and width.

    [0m [90m 276 |[39m       }
     [90m 277 |[39m
    [31m[1m>[22m[39m[90m 278 |[39m       render([33m<[39m[33mPortfolioAnalyzer[39m defaultData[33m=[39m{incompleteData} [33m/[39m[33m>[39m)
     [90m     |[39m             [31m[1m^[22m[39m
     [90m 279 |[39m       
     [90m 280 |[39m       expect(screen[33m.[39mgetByTestId([32m"portfolio-summary"[39m))[33m.[39mtoBeInTheDocument()
     [90m 281 |[39m     })[0m

      at warn (node_modules/recharts/lib/util/LogUtils.js:22:17)
      at node_modules/recharts/lib/component/ResponsiveContainer.js:118:24
      at updateMemo (node_modules/react-dom/cjs/react-dom-client.development.js:6621:19)
      at Object.useMemo (node_modules/react-dom/cjs/react-dom-client.development.js:23182:18)
      at Object.<anonymous>.process.env.NODE_ENV.exports.useMemo (node_modules/react/cjs/react.development.js:1210:34)
      at node_modules/recharts/lib/component/ResponsiveContainer.js:91:41
      at Object.react_stack_bottom_frame (node_modules/react-dom/cjs/react-dom-client.development.js:23863:20)
      at renderWithHooks (node_modules/react-dom/cjs/react-dom-client.development.js:5529:22)
      at updateForwardRef (node_modules/react-dom/cjs/react-dom-client.development.js:8645:19)
      at beginWork (node_modules/react-dom/cjs/react-dom-client.development.js:10861:18)
      at runWithFiberInDEV (node_modules/react-dom/cjs/react-dom-client.development.js:1522:13)
      at performUnitOfWork (node_modules/react-dom/cjs/react-dom-client.development.js:15140:22)
      at workLoopSync (node_modules/react-dom/cjs/react-dom-client.development.js:14956:41)
      at renderRootSync (node_modules/react-dom/cjs/react-dom-client.development.js:14936:11)
      at performWorkOnRoot (node_modules/react-dom/cjs/react-dom-client.development.js:14419:13)
      at performSyncWorkOnRoot (node_modules/react-dom/cjs/react-dom-client.development.js:16231:7)
      at flushSyncWorkAcrossRoots_impl (node_modules/react-dom/cjs/react-dom-client.development.js:16079:21)
      at flushSpawnedWork (node_modules/react-dom/cjs/react-dom-client.development.js:15677:9)
      at commitRoot (node_modules/react-dom/cjs/react-dom-client.development.js:15403:9)
      at performWorkOnRoot (node_modules/react-dom/cjs/react-dom-client.development.js:14526:15)
      at performWorkOnRootViaSchedulerTask (node_modules/react-dom/cjs/react-dom-client.development.js:16216:7)
      at flushActQueue (node_modules/react/cjs/react.development.js:566:34)
      at Object.<anonymous>.process.env.NODE_ENV.exports.act (node_modules/react/cjs/react.development.js:860:10)
      at node_modules/@testing-library/react/dist/act-compat.js:47:25
      at renderRoot (node_modules/@testing-library/react/dist/pure.js:180:26)
      at render (node_modules/@testing-library/react/dist/pure.js:271:10)
      at Object.<anonymous> (__tests__/components/portfolio-analyzer.test.tsx:278:13)

  console.warn
    The width(0) and height(0) of chart should be greater than 0,
           please check the style of container, or the props width(100%) and height(100%),
           or add a minWidth(0) or minHeight(undefined) or use aspect(undefined) to control the
           height and width.

    [0m [90m 276 |[39m       }
     [90m 277 |[39m
    [31m[1m>[22m[39m[90m 278 |[39m       render([33m<[39m[33mPortfolioAnalyzer[39m defaultData[33m=[39m{incompleteData} [33m/[39m[33m>[39m)
     [90m     |[39m             [31m[1m^[22m[39m
     [90m 279 |[39m       
     [90m 280 |[39m       expect(screen[33m.[39mgetByTestId([32m"portfolio-summary"[39m))[33m.[39mtoBeInTheDocument()
     [90m 281 |[39m     })[0m

      at warn (node_modules/recharts/lib/util/LogUtils.js:22:17)
      at node_modules/recharts/lib/component/ResponsiveContainer.js:118:24
      at updateMemo (node_modules/react-dom/cjs/react-dom-client.development.js:6621:19)
      at Object.useMemo (node_modules/react-dom/cjs/react-dom-client.development.js:23182:18)
      at Object.<anonymous>.process.env.NODE_ENV.exports.useMemo (node_modules/react/cjs/react.development.js:1210:34)
      at node_modules/recharts/lib/component/ResponsiveContainer.js:91:41
      at Object.react_stack_bottom_frame (node_modules/react-dom/cjs/react-dom-client.development.js:23863:20)
      at renderWithHooks (node_modules/react-dom/cjs/react-dom-client.development.js:5529:22)
      at updateForwardRef (node_modules/react-dom/cjs/react-dom-client.development.js:8645:19)
      at beginWork (node_modules/react-dom/cjs/react-dom-client.development.js:10861:18)
      at runWithFiberInDEV (node_modules/react-dom/cjs/react-dom-client.development.js:1522:13)
      at performUnitOfWork (node_modules/react-dom/cjs/react-dom-client.development.js:15140:22)
      at workLoopSync (node_modules/react-dom/cjs/react-dom-client.development.js:14956:41)
      at renderRootSync (node_modules/react-dom/cjs/react-dom-client.development.js:14936:11)
      at performWorkOnRoot (node_modules/react-dom/cjs/react-dom-client.development.js:14419:13)
      at performSyncWorkOnRoot (node_modules/react-dom/cjs/react-dom-client.development.js:16231:7)
      at flushSyncWorkAcrossRoots_impl (node_modules/react-dom/cjs/react-dom-client.development.js:16079:21)
      at flushSpawnedWork (node_modules/react-dom/cjs/react-dom-client.development.js:15677:9)
      at commitRoot (node_modules/react-dom/cjs/react-dom-client.development.js:15403:9)
      at performWorkOnRoot (node_modules/react-dom/cjs/react-dom-client.development.js:14526:15)
      at performWorkOnRootViaSchedulerTask (node_modules/react-dom/cjs/react-dom-client.development.js:16216:7)
      at flushActQueue (node_modules/react/cjs/react.development.js:566:34)
      at Object.<anonymous>.process.env.NODE_ENV.exports.act (node_modules/react/cjs/react.development.js:860:10)
      at node_modules/@testing-library/react/dist/act-compat.js:47:25
      at renderRoot (node_modules/@testing-library/react/dist/pure.js:180:26)
      at render (node_modules/@testing-library/react/dist/pure.js:271:10)
      at Object.<anonymous> (__tests__/components/portfolio-analyzer.test.tsx:278:13)

  console.warn
    The width(0) and height(0) are both fixed numbers,
           maybe you don't need to use a ResponsiveContainer.

    [0m [90m 276 |[39m       }
     [90m 277 |[39m
    [31m[1m>[22m[39m[90m 278 |[39m       render([33m<[39m[33mPortfolioAnalyzer[39m defaultData[33m=[39m{incompleteData} [33m/[39m[33m>[39m)
     [90m     |[39m             [31m[1m^[22m[39m
     [90m 279 |[39m       
     [90m 280 |[39m       expect(screen[33m.[39mgetByTestId([32m"portfolio-summary"[39m))[33m.[39mtoBeInTheDocument()
     [90m 281 |[39m     })[0m

      at warn (node_modules/recharts/lib/util/LogUtils.js:22:17)
      at node_modules/recharts/lib/component/ResponsiveContainer.js:99:24
      at updateMemo (node_modules/react-dom/cjs/react-dom-client.development.js:6621:19)
      at Object.useMemo (node_modules/react-dom/cjs/react-dom-client.development.js:23182:18)
      at Object.<anonymous>.process.env.NODE_ENV.exports.useMemo (node_modules/react/cjs/react.development.js:1210:34)
      at node_modules/recharts/lib/component/ResponsiveContainer.js:91:41
      at Object.react_stack_bottom_frame (node_modules/react-dom/cjs/react-dom-client.development.js:23863:20)
      at renderWithHooks (node_modules/react-dom/cjs/react-dom-client.development.js:5529:22)
      at updateForwardRef (node_modules/react-dom/cjs/react-dom-client.development.js:8645:19)
      at beginWork (node_modules/react-dom/cjs/react-dom-client.development.js:10861:18)
      at runWithFiberInDEV (node_modules/react-dom/cjs/react-dom-client.development.js:1522:13)
      at performUnitOfWork (node_modules/react-dom/cjs/react-dom-client.development.js:15140:22)
      at workLoopSync (node_modules/react-dom/cjs/react-dom-client.development.js:14956:41)
      at renderRootSync (node_modules/react-dom/cjs/react-dom-client.development.js:14936:11)
      at performWorkOnRoot (node_modules/react-dom/cjs/react-dom-client.development.js:14419:13)
      at performWorkOnRootViaSchedulerTask (node_modules/react-dom/cjs/react-dom-client.development.js:16216:7)
      at flushActQueue (node_modules/react/cjs/react.development.js:566:34)
      at Object.<anonymous>.process.env.NODE_ENV.exports.act (node_modules/react/cjs/react.development.js:860:10)
      at node_modules/@testing-library/react/dist/act-compat.js:47:25
      at renderRoot (node_modules/@testing-library/react/dist/pure.js:180:26)
      at render (node_modules/@testing-library/react/dist/pure.js:271:10)
      at Object.<anonymous> (__tests__/components/portfolio-analyzer.test.tsx:278:13)

  console.warn
    The width(0) and height(0) of chart should be greater than 0,
           please check the style of container, or the props width(0) and height(0),
           or add a minWidth(0) or minHeight(undefined) or use aspect(undefined) to control the
           height and width.

    [0m [90m 276 |[39m       }
     [90m 277 |[39m
    [31m[1m>[22m[39m[90m 278 |[39m       render([33m<[39m[33mPortfolioAnalyzer[39m defaultData[33m=[39m{incompleteData} [33m/[39m[33m>[39m)
     [90m     |[39m             [31m[1m^[22m[39m
     [90m 279 |[39m       
     [90m 280 |[39m       expect(screen[33m.[39mgetByTestId([32m"portfolio-summary"[39m))[33m.[39mtoBeInTheDocument()
     [90m 281 |[39m     })[0m

      at warn (node_modules/recharts/lib/util/LogUtils.js:22:17)
      at node_modules/recharts/lib/component/ResponsiveContainer.js:118:24
      at updateMemo (node_modules/react-dom/cjs/react-dom-client.development.js:6621:19)
      at Object.useMemo (node_modules/react-dom/cjs/react-dom-client.development.js:23182:18)
      at Object.<anonymous>.process.env.NODE_ENV.exports.useMemo (node_modules/react/cjs/react.development.js:1210:34)
      at node_modules/recharts/lib/component/ResponsiveContainer.js:91:41
      at Object.react_stack_bottom_frame (node_modules/react-dom/cjs/react-dom-client.development.js:23863:20)
      at renderWithHooks (node_modules/react-dom/cjs/react-dom-client.development.js:5529:22)
      at updateForwardRef (node_modules/react-dom/cjs/react-dom-client.development.js:8645:19)
      at beginWork (node_modules/react-dom/cjs/react-dom-client.development.js:10861:18)
      at runWithFiberInDEV (node_modules/react-dom/cjs/react-dom-client.development.js:1522:13)
      at performUnitOfWork (node_modules/react-dom/cjs/react-dom-client.development.js:15140:22)
      at workLoopSync (node_modules/react-dom/cjs/react-dom-client.development.js:14956:41)
      at renderRootSync (node_modules/react-dom/cjs/react-dom-client.development.js:14936:11)
      at performWorkOnRoot (node_modules/react-dom/cjs/react-dom-client.development.js:14419:13)
      at performWorkOnRootViaSchedulerTask (node_modules/react-dom/cjs/react-dom-client.development.js:16216:7)
      at flushActQueue (node_modules/react/cjs/react.development.js:566:34)
      at Object.<anonymous>.process.env.NODE_ENV.exports.act (node_modules/react/cjs/react.development.js:860:10)
      at node_modules/@testing-library/react/dist/act-compat.js:47:25
      at renderRoot (node_modules/@testing-library/react/dist/pure.js:180:26)
      at render (node_modules/@testing-library/react/dist/pure.js:271:10)
      at Object.<anonymous> (__tests__/components/portfolio-analyzer.test.tsx:278:13)

  console.warn
    The width(0) and height(0) are both fixed numbers,
           maybe you don't need to use a ResponsiveContainer.

    [0m [90m 276 |[39m       }
     [90m 277 |[39m
    [31m[1m>[22m[39m[90m 278 |[39m       render([33m<[39m[33mPortfolioAnalyzer[39m defaultData[33m=[39m{incompleteData} [33m/[39m[33m>[39m)
     [90m     |[39m             [31m[1m^[22m[39m
     [90m 279 |[39m       
     [90m 280 |[39m       expect(screen[33m.[39mgetByTestId([32m"portfolio-summary"[39m))[33m.[39mtoBeInTheDocument()
     [90m 281 |[39m     })[0m

      at warn (node_modules/recharts/lib/util/LogUtils.js:22:17)
      at node_modules/recharts/lib/component/ResponsiveContainer.js:99:24
      at updateMemo (node_modules/react-dom/cjs/react-dom-client.development.js:6621:19)
      at Object.useMemo (node_modules/react-dom/cjs/react-dom-client.development.js:23182:18)
      at Object.<anonymous>.process.env.NODE_ENV.exports.useMemo (node_modules/react/cjs/react.development.js:1210:34)
      at node_modules/recharts/lib/component/ResponsiveContainer.js:91:41
      at Object.react_stack_bottom_frame (node_modules/react-dom/cjs/react-dom-client.development.js:23863:20)
      at renderWithHooks (node_modules/react-dom/cjs/react-dom-client.development.js:5529:22)
      at updateForwardRef (node_modules/react-dom/cjs/react-dom-client.development.js:8645:19)
      at beginWork (node_modules/react-dom/cjs/react-dom-client.development.js:10861:18)
      at runWithFiberInDEV (node_modules/react-dom/cjs/react-dom-client.development.js:1522:13)
      at performUnitOfWork (node_modules/react-dom/cjs/react-dom-client.development.js:15140:22)
      at workLoopSync (node_modules/react-dom/cjs/react-dom-client.development.js:14956:41)
      at renderRootSync (node_modules/react-dom/cjs/react-dom-client.development.js:14936:11)
      at performWorkOnRoot (node_modules/react-dom/cjs/react-dom-client.development.js:14419:13)
      at performWorkOnRootViaSchedulerTask (node_modules/react-dom/cjs/react-dom-client.development.js:16216:7)
      at flushActQueue (node_modules/react/cjs/react.development.js:566:34)
      at Object.<anonymous>.process.env.NODE_ENV.exports.act (node_modules/react/cjs/react.development.js:860:10)
      at node_modules/@testing-library/react/dist/act-compat.js:47:25
      at renderRoot (node_modules/@testing-library/react/dist/pure.js:180:26)
      at render (node_modules/@testing-library/react/dist/pure.js:271:10)
      at Object.<anonymous> (__tests__/components/portfolio-analyzer.test.tsx:278:13)

  console.warn
    The width(0) and height(0) of chart should be greater than 0,
           please check the style of container, or the props width(0) and height(0),
           or add a minWidth(0) or minHeight(undefined) or use aspect(undefined) to control the
           height and width.

    [0m [90m 276 |[39m       }
     [90m 277 |[39m
    [31m[1m>[22m[39m[90m 278 |[39m       render([33m<[39m[33mPortfolioAnalyzer[39m defaultData[33m=[39m{incompleteData} [33m/[39m[33m>[39m)
     [90m     |[39m             [31m[1m^[22m[39m
     [90m 279 |[39m       
     [90m 280 |[39m       expect(screen[33m.[39mgetByTestId([32m"portfolio-summary"[39m))[33m.[39mtoBeInTheDocument()
     [90m 281 |[39m     })[0m

      at warn (node_modules/recharts/lib/util/LogUtils.js:22:17)
      at node_modules/recharts/lib/component/ResponsiveContainer.js:118:24
      at updateMemo (node_modules/react-dom/cjs/react-dom-client.development.js:6621:19)
      at Object.useMemo (node_modules/react-dom/cjs/react-dom-client.development.js:23182:18)
      at Object.<anonymous>.process.env.NODE_ENV.exports.useMemo (node_modules/react/cjs/react.development.js:1210:34)
      at node_modules/recharts/lib/component/ResponsiveContainer.js:91:41
      at Object.react_stack_bottom_frame (node_modules/react-dom/cjs/react-dom-client.development.js:23863:20)
      at renderWithHooks (node_modules/react-dom/cjs/react-dom-client.development.js:5529:22)
      at updateForwardRef (node_modules/react-dom/cjs/react-dom-client.development.js:8645:19)
      at beginWork (node_modules/react-dom/cjs/react-dom-client.development.js:10861:18)
      at runWithFiberInDEV (node_modules/react-dom/cjs/react-dom-client.development.js:1522:13)
      at performUnitOfWork (node_modules/react-dom/cjs/react-dom-client.development.js:15140:22)
      at workLoopSync (node_modules/react-dom/cjs/react-dom-client.development.js:14956:41)
      at renderRootSync (node_modules/react-dom/cjs/react-dom-client.development.js:14936:11)
      at performWorkOnRoot (node_modules/react-dom/cjs/react-dom-client.development.js:14419:13)
      at performWorkOnRootViaSchedulerTask (node_modules/react-dom/cjs/react-dom-client.development.js:16216:7)
      at flushActQueue (node_modules/react/cjs/react.development.js:566:34)
      at Object.<anonymous>.process.env.NODE_ENV.exports.act (node_modules/react/cjs/react.development.js:860:10)
      at node_modules/@testing-library/react/dist/act-compat.js:47:25
      at renderRoot (node_modules/@testing-library/react/dist/pure.js:180:26)
      at render (node_modules/@testing-library/react/dist/pure.js:271:10)
      at Object.<anonymous> (__tests__/components/portfolio-analyzer.test.tsx:278:13)

  console.warn
    The width(0) and height(0) are both fixed numbers,
           maybe you don't need to use a ResponsiveContainer.

    [0m [90m 276 |[39m       }
     [90m 277 |[39m
    [31m[1m>[22m[39m[90m 278 |[39m       render([33m<[39m[33mPortfolioAnalyzer[39m defaultData[33m=[39m{incompleteData} [33m/[39m[33m>[39m)
     [90m     |[39m             [31m[1m^[22m[39m
     [90m 279 |[39m       
     [90m 280 |[39m       expect(screen[33m.[39mgetByTestId([32m"portfolio-summary"[39m))[33m.[39mtoBeInTheDocument()
     [90m 281 |[39m     })[0m

      at warn (node_modules/recharts/lib/util/LogUtils.js:22:17)
      at node_modules/recharts/lib/component/ResponsiveContainer.js:99:24
      at updateMemo (node_modules/react-dom/cjs/react-dom-client.development.js:6621:19)
      at Object.useMemo (node_modules/react-dom/cjs/react-dom-client.development.js:23182:18)
      at Object.<anonymous>.process.env.NODE_ENV.exports.useMemo (node_modules/react/cjs/react.development.js:1210:34)
      at node_modules/recharts/lib/component/ResponsiveContainer.js:91:41
      at Object.react_stack_bottom_frame (node_modules/react-dom/cjs/react-dom-client.development.js:23863:20)
      at renderWithHooks (node_modules/react-dom/cjs/react-dom-client.development.js:5529:22)
      at updateForwardRef (node_modules/react-dom/cjs/react-dom-client.development.js:8645:19)
      at beginWork (node_modules/react-dom/cjs/react-dom-client.development.js:10861:18)
      at runWithFiberInDEV (node_modules/react-dom/cjs/react-dom-client.development.js:1522:13)
      at performUnitOfWork (node_modules/react-dom/cjs/react-dom-client.development.js:15140:22)
      at workLoopSync (node_modules/react-dom/cjs/react-dom-client.development.js:14956:41)
      at renderRootSync (node_modules/react-dom/cjs/react-dom-client.development.js:14936:11)
      at performWorkOnRoot (node_modules/react-dom/cjs/react-dom-client.development.js:14419:13)
      at performWorkOnRootViaSchedulerTask (node_modules/react-dom/cjs/react-dom-client.development.js:16216:7)
      at flushActQueue (node_modules/react/cjs/react.development.js:566:34)
      at Object.<anonymous>.process.env.NODE_ENV.exports.act (node_modules/react/cjs/react.development.js:860:10)
      at node_modules/@testing-library/react/dist/act-compat.js:47:25
      at renderRoot (node_modules/@testing-library/react/dist/pure.js:180:26)
      at render (node_modules/@testing-library/react/dist/pure.js:271:10)
      at Object.<anonymous> (__tests__/components/portfolio-analyzer.test.tsx:278:13)

  console.warn
    The width(0) and height(0) of chart should be greater than 0,
           please check the style of container, or the props width(0) and height(0),
           or add a minWidth(0) or minHeight(undefined) or use aspect(undefined) to control the
           height and width.

    [0m [90m 276 |[39m       }
     [90m 277 |[39m
    [31m[1m>[22m[39m[90m 278 |[39m       render([33m<[39m[33mPortfolioAnalyzer[39m defaultData[33m=[39m{incompleteData} [33m/[39m[33m>[39m)
     [90m     |[39m             [31m[1m^[22m[39m
     [90m 279 |[39m       
     [90m 280 |[39m       expect(screen[33m.[39mgetByTestId([32m"portfolio-summary"[39m))[33m.[39mtoBeInTheDocument()
     [90m 281 |[39m     })[0m

      at warn (node_modules/recharts/lib/util/LogUtils.js:22:17)
      at node_modules/recharts/lib/component/ResponsiveContainer.js:118:24
      at updateMemo (node_modules/react-dom/cjs/react-dom-client.development.js:6621:19)
      at Object.useMemo (node_modules/react-dom/cjs/react-dom-client.development.js:23182:18)
      at Object.<anonymous>.process.env.NODE_ENV.exports.useMemo (node_modules/react/cjs/react.development.js:1210:34)
      at node_modules/recharts/lib/component/ResponsiveContainer.js:91:41
      at Object.react_stack_bottom_frame (node_modules/react-dom/cjs/react-dom-client.development.js:23863:20)
      at renderWithHooks (node_modules/react-dom/cjs/react-dom-client.development.js:5529:22)
      at updateForwardRef (node_modules/react-dom/cjs/react-dom-client.development.js:8645:19)
      at beginWork (node_modules/react-dom/cjs/react-dom-client.development.js:10861:18)
      at runWithFiberInDEV (node_modules/react-dom/cjs/react-dom-client.development.js:1522:13)
      at performUnitOfWork (node_modules/react-dom/cjs/react-dom-client.development.js:15140:22)
      at workLoopSync (node_modules/react-dom/cjs/react-dom-client.development.js:14956:41)
      at renderRootSync (node_modules/react-dom/cjs/react-dom-client.development.js:14936:11)
      at performWorkOnRoot (node_modules/react-dom/cjs/react-dom-client.development.js:14419:13)
      at performWorkOnRootViaSchedulerTask (node_modules/react-dom/cjs/react-dom-client.development.js:16216:7)
      at flushActQueue (node_modules/react/cjs/react.development.js:566:34)
      at Object.<anonymous>.process.env.NODE_ENV.exports.act (node_modules/react/cjs/react.development.js:860:10)
      at node_modules/@testing-library/react/dist/act-compat.js:47:25
      at renderRoot (node_modules/@testing-library/react/dist/pure.js:180:26)
      at render (node_modules/@testing-library/react/dist/pure.js:271:10)
      at Object.<anonymous> (__tests__/components/portfolio-analyzer.test.tsx:278:13)

  console.warn
    The width(0) and height(0) are both fixed numbers,
           maybe you don't need to use a ResponsiveContainer.

    [0m [90m 276 |[39m       }
     [90m 277 |[39m
    [31m[1m>[22m[39m[90m 278 |[39m       render([33m<[39m[33mPortfolioAnalyzer[39m defaultData[33m=[39m{incompleteData} [33m/[39m[33m>[39m)
     [90m     |[39m             [31m[1m^[22m[39m
     [90m 279 |[39m       
     [90m 280 |[39m       expect(screen[33m.[39mgetByTestId([32m"portfolio-summary"[39m))[33m.[39mtoBeInTheDocument()
     [90m 281 |[39m     })[0m

      at warn (node_modules/recharts/lib/util/LogUtils.js:22:17)
      at node_modules/recharts/lib/component/ResponsiveContainer.js:99:24
      at updateMemo (node_modules/react-dom/cjs/react-dom-client.development.js:6621:19)
      at Object.useMemo (node_modules/react-dom/cjs/react-dom-client.development.js:23182:18)
      at Object.<anonymous>.process.env.NODE_ENV.exports.useMemo (node_modules/react/cjs/react.development.js:1210:34)
      at node_modules/recharts/lib/component/ResponsiveContainer.js:91:41
      at Object.react_stack_bottom_frame (node_modules/react-dom/cjs/react-dom-client.development.js:23863:20)
      at renderWithHooks (node_modules/react-dom/cjs/react-dom-client.development.js:5529:22)
      at updateForwardRef (node_modules/react-dom/cjs/react-dom-client.development.js:8645:19)
      at beginWork (node_modules/react-dom/cjs/react-dom-client.development.js:10861:18)
      at runWithFiberInDEV (node_modules/react-dom/cjs/react-dom-client.development.js:1522:13)
      at performUnitOfWork (node_modules/react-dom/cjs/react-dom-client.development.js:15140:22)
      at workLoopSync (node_modules/react-dom/cjs/react-dom-client.development.js:14956:41)
      at renderRootSync (node_modules/react-dom/cjs/react-dom-client.development.js:14936:11)
      at performWorkOnRoot (node_modules/react-dom/cjs/react-dom-client.development.js:14419:13)
      at performWorkOnRootViaSchedulerTask (node_modules/react-dom/cjs/react-dom-client.development.js:16216:7)
      at flushActQueue (node_modules/react/cjs/react.development.js:566:34)
      at Object.<anonymous>.process.env.NODE_ENV.exports.act (node_modules/react/cjs/react.development.js:860:10)
      at node_modules/@testing-library/react/dist/act-compat.js:47:25
      at renderRoot (node_modules/@testing-library/react/dist/pure.js:180:26)
      at render (node_modules/@testing-library/react/dist/pure.js:271:10)
      at Object.<anonymous> (__tests__/components/portfolio-analyzer.test.tsx:278:13)

  console.warn
    The width(0) and height(0) of chart should be greater than 0,
           please check the style of container, or the props width(0) and height(0),
           or add a minWidth(0) or minHeight(undefined) or use aspect(undefined) to control the
           height and width.

    [0m [90m 276 |[39m       }
     [90m 277 |[39m
    [31m[1m>[22m[39m[90m 278 |[39m       render([33m<[39m[33mPortfolioAnalyzer[39m defaultData[33m=[39m{incompleteData} [33m/[39m[33m>[39m)
     [90m     |[39m             [31m[1m^[22m[39m
     [90m 279 |[39m       
     [90m 280 |[39m       expect(screen[33m.[39mgetByTestId([32m"portfolio-summary"[39m))[33m.[39mtoBeInTheDocument()
     [90m 281 |[39m     })[0m

      at warn (node_modules/recharts/lib/util/LogUtils.js:22:17)
      at node_modules/recharts/lib/component/ResponsiveContainer.js:118:24
      at updateMemo (node_modules/react-dom/cjs/react-dom-client.development.js:6621:19)
      at Object.useMemo (node_modules/react-dom/cjs/react-dom-client.development.js:23182:18)
      at Object.<anonymous>.process.env.NODE_ENV.exports.useMemo (node_modules/react/cjs/react.development.js:1210:34)
      at node_modules/recharts/lib/component/ResponsiveContainer.js:91:41
      at Object.react_stack_bottom_frame (node_modules/react-dom/cjs/react-dom-client.development.js:23863:20)
      at renderWithHooks (node_modules/react-dom/cjs/react-dom-client.development.js:5529:22)
      at updateForwardRef (node_modules/react-dom/cjs/react-dom-client.development.js:8645:19)
      at beginWork (node_modules/react-dom/cjs/react-dom-client.development.js:10861:18)
      at runWithFiberInDEV (node_modules/react-dom/cjs/react-dom-client.development.js:1522:13)
      at performUnitOfWork (node_modules/react-dom/cjs/react-dom-client.development.js:15140:22)
      at workLoopSync (node_modules/react-dom/cjs/react-dom-client.development.js:14956:41)
      at renderRootSync (node_modules/react-dom/cjs/react-dom-client.development.js:14936:11)
      at performWorkOnRoot (node_modules/react-dom/cjs/react-dom-client.development.js:14419:13)
      at performWorkOnRootViaSchedulerTask (node_modules/react-dom/cjs/react-dom-client.development.js:16216:7)
      at flushActQueue (node_modules/react/cjs/react.development.js:566:34)
      at Object.<anonymous>.process.env.NODE_ENV.exports.act (node_modules/react/cjs/react.development.js:860:10)
      at node_modules/@testing-library/react/dist/act-compat.js:47:25
      at renderRoot (node_modules/@testing-library/react/dist/pure.js:180:26)
      at render (node_modules/@testing-library/react/dist/pure.js:271:10)
      at Object.<anonymous> (__tests__/components/portfolio-analyzer.test.tsx:278:13)

  console.warn
    The width(0) and height(0) are both fixed numbers,
           maybe you don't need to use a ResponsiveContainer.

    [0m [90m 276 |[39m       }
     [90m 277 |[39m
    [31m[1m>[22m[39m[90m 278 |[39m       render([33m<[39m[33mPortfolioAnalyzer[39m defaultData[33m=[39m{incompleteData} [33m/[39m[33m>[39m)
     [90m     |[39m             [31m[1m^[22m[39m
     [90m 279 |[39m       
     [90m 280 |[39m       expect(screen[33m.[39mgetByTestId([32m"portfolio-summary"[39m))[33m.[39mtoBeInTheDocument()
     [90m 281 |[39m     })[0m

      at warn (node_modules/recharts/lib/util/LogUtils.js:22:17)
      at node_modules/recharts/lib/component/ResponsiveContainer.js:99:24
      at updateMemo (node_modules/react-dom/cjs/react-dom-client.development.js:6621:19)
      at Object.useMemo (node_modules/react-dom/cjs/react-dom-client.development.js:23182:18)
      at Object.<anonymous>.process.env.NODE_ENV.exports.useMemo (node_modules/react/cjs/react.development.js:1210:34)
      at node_modules/recharts/lib/component/ResponsiveContainer.js:91:41
      at Object.react_stack_bottom_frame (node_modules/react-dom/cjs/react-dom-client.development.js:23863:20)
      at renderWithHooks (node_modules/react-dom/cjs/react-dom-client.development.js:5529:22)
      at updateForwardRef (node_modules/react-dom/cjs/react-dom-client.development.js:8645:19)
      at beginWork (node_modules/react-dom/cjs/react-dom-client.development.js:10861:18)
      at runWithFiberInDEV (node_modules/react-dom/cjs/react-dom-client.development.js:1522:13)
      at performUnitOfWork (node_modules/react-dom/cjs/react-dom-client.development.js:15140:22)
      at workLoopSync (node_modules/react-dom/cjs/react-dom-client.development.js:14956:41)
      at renderRootSync (node_modules/react-dom/cjs/react-dom-client.development.js:14936:11)
      at performWorkOnRoot (node_modules/react-dom/cjs/react-dom-client.development.js:14419:13)
      at performWorkOnRootViaSchedulerTask (node_modules/react-dom/cjs/react-dom-client.development.js:16216:7)
      at flushActQueue (node_modules/react/cjs/react.development.js:566:34)
      at Object.<anonymous>.process.env.NODE_ENV.exports.act (node_modules/react/cjs/react.development.js:860:10)
      at node_modules/@testing-library/react/dist/act-compat.js:47:25
      at renderRoot (node_modules/@testing-library/react/dist/pure.js:180:26)
      at render (node_modules/@testing-library/react/dist/pure.js:271:10)
      at Object.<anonymous> (__tests__/components/portfolio-analyzer.test.tsx:278:13)

  console.warn
    The width(0) and height(0) of chart should be greater than 0,
           please check the style of container, or the props width(0) and height(0),
           or add a minWidth(0) or minHeight(undefined) or use aspect(undefined) to control the
           height and width.

    [0m [90m 276 |[39m       }
     [90m 277 |[39m
    [31m[1m>[22m[39m[90m 278 |[39m       render([33m<[39m[33mPortfolioAnalyzer[39m defaultData[33m=[39m{incompleteData} [33m/[39m[33m>[39m)
     [90m     |[39m             [31m[1m^[22m[39m
     [90m 279 |[39m       
     [90m 280 |[39m       expect(screen[33m.[39mgetByTestId([32m"portfolio-summary"[39m))[33m.[39mtoBeInTheDocument()
     [90m 281 |[39m     })[0m

      at warn (node_modules/recharts/lib/util/LogUtils.js:22:17)
      at node_modules/recharts/lib/component/ResponsiveContainer.js:118:24
      at updateMemo (node_modules/react-dom/cjs/react-dom-client.development.js:6621:19)
      at Object.useMemo (node_modules/react-dom/cjs/react-dom-client.development.js:23182:18)
      at Object.<anonymous>.process.env.NODE_ENV.exports.useMemo (node_modules/react/cjs/react.development.js:1210:34)
      at node_modules/recharts/lib/component/ResponsiveContainer.js:91:41
      at Object.react_stack_bottom_frame (node_modules/react-dom/cjs/react-dom-client.development.js:23863:20)
      at renderWithHooks (node_modules/react-dom/cjs/react-dom-client.development.js:5529:22)
      at updateForwardRef (node_modules/react-dom/cjs/react-dom-client.development.js:8645:19)
      at beginWork (node_modules/react-dom/cjs/react-dom-client.development.js:10861:18)
      at runWithFiberInDEV (node_modules/react-dom/cjs/react-dom-client.development.js:1522:13)
      at performUnitOfWork (node_modules/react-dom/cjs/react-dom-client.development.js:15140:22)
      at workLoopSync (node_modules/react-dom/cjs/react-dom-client.development.js:14956:41)
      at renderRootSync (node_modules/react-dom/cjs/react-dom-client.development.js:14936:11)
      at performWorkOnRoot (node_modules/react-dom/cjs/react-dom-client.development.js:14419:13)
      at performWorkOnRootViaSchedulerTask (node_modules/react-dom/cjs/react-dom-client.development.js:16216:7)
      at flushActQueue (node_modules/react/cjs/react.development.js:566:34)
      at Object.<anonymous>.process.env.NODE_ENV.exports.act (node_modules/react/cjs/react.development.js:860:10)
      at node_modules/@testing-library/react/dist/act-compat.js:47:25
      at renderRoot (node_modules/@testing-library/react/dist/pure.js:180:26)
      at render (node_modules/@testing-library/react/dist/pure.js:271:10)
      at Object.<anonymous> (__tests__/components/portfolio-analyzer.test.tsx:278:13)

PASS __tests__/components/portfolio-analyzer.test.tsx (5.108 s)
  PortfolioAnalyzer Component
    Initial Rendering
      ÔêÜ should render the main title and description (155 ms)
      ÔêÜ should show upload and paste tabs (82 ms)
      ÔêÜ should disable analyze button initially (47 ms)
      ÔêÜ should show file upload helper in upload tab (27 ms)
    Portfolio Display with defaultData
      ÔêÜ should render portfolio summary with correct data (346 ms)
      ÔêÜ should render account overview with correct values (137 ms)
      ÔêÜ should render positions table with correct data (134 ms)
      ÔêÜ should render allocation charts (127 ms)
      ÔêÜ should render pie charts with correct data (137 ms)
    Reset Functionality
      ÔêÜ should allow analyzing another portfolio (108 ms)
    Error Handling
      ÔêÜ should handle empty portfolio data gracefully (17 ms)
      ÔêÜ should handle missing optional data fields (110 ms)

Test Suites: 2 failed, 8 passed, 10 total
Tests:       2 failed, 136 passed, 138 total
Snapshots:   0 total
Time:        9.34 s
Ran all test suites.
